Component: ARM Compiler 5.06 update 7 (build 960) Tool: armlink [4d3601]

==============================================================================

Section Cross References

    startup_stm32l431xx.o(STACK) refers (Special) to heapauxi.o(.text) for __use_two_region_memory
    startup_stm32l431xx.o(HEAP) refers (Special) to heapauxi.o(.text) for __use_two_region_memory
    startup_stm32l431xx.o(RESET) refers (Special) to heapauxi.o(.text) for __use_two_region_memory
    startup_stm32l431xx.o(RESET) refers to startup_stm32l431xx.o(STACK) for __initial_sp
    startup_stm32l431xx.o(RESET) refers to startup_stm32l431xx.o(.text) for Reset_Handler
    startup_stm32l431xx.o(RESET) refers to stm32l4xx_it.o(i.NMI_Handler) for NMI_Handler
    startup_stm32l431xx.o(RESET) refers to stm32l4xx_it.o(i.HardFault_Handler) for HardFault_Handler
    startup_stm32l431xx.o(RESET) refers to stm32l4xx_it.o(i.MemManage_Handler) for MemManage_Handler
    startup_stm32l431xx.o(RESET) refers to stm32l4xx_it.o(i.BusFault_Handler) for BusFault_Handler
    startup_stm32l431xx.o(RESET) refers to stm32l4xx_it.o(i.UsageFault_Handler) for UsageFault_Handler
    startup_stm32l431xx.o(RESET) refers to stm32l4xx_it.o(i.SVC_Handler) for SVC_Handler
    startup_stm32l431xx.o(RESET) refers to stm32l4xx_it.o(i.DebugMon_Handler) for DebugMon_Handler
    startup_stm32l431xx.o(RESET) refers to stm32l4xx_it.o(i.PendSV_Handler) for PendSV_Handler
    startup_stm32l431xx.o(RESET) refers to stm32l4xx_it.o(i.SysTick_Handler) for SysTick_Handler
    startup_stm32l431xx.o(RESET) refers to uart.o(i.USART1_IRQHandler) for USART1_IRQHandler
    startup_stm32l431xx.o(RESET) refers to uart.o(i.USART2_IRQHandler) for USART2_IRQHandler
    startup_stm32l431xx.o(RESET) refers to uart.o(i.USART3_IRQHandler) for USART3_IRQHandler
    startup_stm32l431xx.o(.text) refers (Special) to heapauxi.o(.text) for __use_two_region_memory
    startup_stm32l431xx.o(.text) refers to system_stm32l4xx.o(i.SystemInit) for SystemInit
    startup_stm32l431xx.o(.text) refers to __main.o(!!!main) for __main
    startup_stm32l431xx.o(.text) refers to startup_stm32l431xx.o(HEAP) for Heap_Mem
    startup_stm32l431xx.o(.text) refers to startup_stm32l431xx.o(STACK) for Stack_Mem
    main.o(i.SystemClock_Config) refers to rt_memclr_w.o(.text) for __aeabi_memclr4
    main.o(i.SystemClock_Config) refers to stm32l4xx_hal_pwr_ex.o(i.HAL_PWREx_ControlVoltageScaling) for HAL_PWREx_ControlVoltageScaling
    main.o(i.SystemClock_Config) refers to stm32l4xx_hal_rcc.o(i.HAL_RCC_OscConfig) for HAL_RCC_OscConfig
    main.o(i.SystemClock_Config) refers to stm32l4xx_hal_rcc.o(i.HAL_RCC_ClockConfig) for HAL_RCC_ClockConfig
    main.o(i.main) refers to stm32l4xx_hal.o(i.HAL_Init) for HAL_Init
    main.o(i.main) refers to main.o(i.SystemClock_Config) for SystemClock_Config
    main.o(i.main) refers to gpio.o(i.MX_GPIO_Init) for MX_GPIO_Init
    main.o(i.main) refers to usart.o(i.MX_USART1_UART_Init) for MX_USART1_UART_Init
    main.o(i.main) refers to usart.o(i.MX_USART2_UART_Init) for MX_USART2_UART_Init
    main.o(i.main) refers to usart.o(i.MX_USART3_UART_Init) for MX_USART3_UART_Init
    main.o(i.main) refers to stm32l4xx_hal_cortex.o(i.HAL_NVIC_SetPriorityGrouping) for HAL_NVIC_SetPriorityGrouping
    main.o(i.main) refers to delay.o(i.delay_init) for delay_init
    main.o(i.main) refers to uart.o(i.uart_init) for uart_init
    main.o(i.main) refers to uart.o(i.uart3_init) for uart3_init
    gpio.o(i.MX_GPIO_Init) refers to rt_memclr_w.o(.text) for __aeabi_memclr4
    gpio.o(i.MX_GPIO_Init) refers to stm32l4xx_hal_gpio.o(i.HAL_GPIO_WritePin) for HAL_GPIO_WritePin
    gpio.o(i.MX_GPIO_Init) refers to stm32l4xx_hal_gpio.o(i.HAL_GPIO_Init) for HAL_GPIO_Init
    usart.o(i.HAL_UART_MspDeInit) refers to stm32l4xx_hal_gpio.o(i.HAL_GPIO_DeInit) for HAL_GPIO_DeInit
    usart.o(i.HAL_UART_MspDeInit) refers to stm32l4xx_hal_cortex.o(i.HAL_NVIC_DisableIRQ) for HAL_NVIC_DisableIRQ
    usart.o(i.MX_USART1_UART_Init) refers to stm32l4xx_hal_uart.o(i.HAL_UART_Init) for HAL_UART_Init
    usart.o(i.MX_USART1_UART_Init) refers to main.o(i.Error_Handler) for Error_Handler
    usart.o(i.MX_USART1_UART_Init) refers to usart.o(.bss) for .bss
    usart.o(i.MX_USART2_UART_Init) refers to stm32l4xx_hal_uart.o(i.HAL_UART_Init) for HAL_UART_Init
    usart.o(i.MX_USART2_UART_Init) refers to main.o(i.Error_Handler) for Error_Handler
    usart.o(i.MX_USART2_UART_Init) refers to usart.o(.bss) for .bss
    usart.o(i.MX_USART3_UART_Init) refers to stm32l4xx_hal_uart.o(i.HAL_UART_Init) for HAL_UART_Init
    usart.o(i.MX_USART3_UART_Init) refers to main.o(i.Error_Handler) for Error_Handler
    usart.o(i.MX_USART3_UART_Init) refers to usart.o(.bss) for .bss
    stm32l4xx_it.o(i.SysTick_Handler) refers to stm32l4xx_hal.o(i.HAL_IncTick) for HAL_IncTick
    stm32l4xx_hal_uart.o(i.HAL_HalfDuplex_Init) refers to uart.o(i.HAL_UART_MspInit) for HAL_UART_MspInit
[...]
    ../clib/armsys.c                         0x00000000   Number         0  argv_veneer.o ABSOLUTE
    ../clib/armsys.c                         0x00000000   Number         0  no_argv.o ABSOLUTE
    ../clib/armsys.c                         0x00000000   Number         0  argv_veneer.o ABSOLUTE
    ../clib/armsys.c                         0x00000000   Number         0  _get_argv_nomalloc.o ABSOLUTE
    ../clib/bigflt.c                         0x00000000   Number         0  bigflt0.o ABSOLUTE
    ../clib/btod.s                           0x00000000   Number         0  btod.o ABSOLUTE
    ../clib/heapalloc.c                      0x00000000   Number         0  hrguard.o ABSOLUTE
    ../clib/heapaux.c                        0x00000000   Number         0  heapauxi.o ABSOLUTE
    ../clib/libinit.s                        0x00000000   Number         0  libinit.o ABSOLUTE
    ../clib/libinit.s                        0x00000000   Number         0  libshutdown.o ABSOLUTE
    ../clib/libinit.s                        0x00000000   Number         0  libinit2.o ABSOLUTE
    ../clib/libinit.s                        0x00000000   Number         0  libshutdown2.o ABSOLUTE
    ../clib/locale.s                         0x00000000   Number         0  lc_numeric_c.o ABSOLUTE
    ../clib/longlong.s                       0x00000000   Number         0  lludiv10.o ABSOLUTE
    ../clib/longlong.s                       0x00000000   Number         0  lludivv7m.o ABSOLUTE
    ../clib/memcpset.s                       0x00000000   Number         0  strcmpv7m.o ABSOLUTE
    ../clib/memcpset.s                       0x00000000   Number         0  rt_memclr.o ABSOLUTE
    ../clib/memcpset.s                       0x00000000   Number         0  rt_memcpy_v6.o ABSOLUTE
    ../clib/memcpset.s                       0x00000000   Number         0  rt_memclr_w.o ABSOLUTE
    ../clib/memcpset.s                       0x00000000   Number         0  rt_memcpy_w.o ABSOLUTE
    ../clib/misc.s                           0x00000000   Number         0  printf_stubs.o ABSOLUTE
    ../clib/printf.c                         0x00000000   Number         0  __printf_flags_ss.o ABSOLUTE
    ../clib/printf.c                         0x00000000   Number         0  __printf_ss.o ABSOLUTE
    ../clib/printf.c                         0x00000000   Number         0  __printf_flags.o ABSOLUTE
    ../clib/printf.c                         0x00000000   Number         0  __printf.o ABSOLUTE
    ../clib/printf.c                         0x00000000   Number         0  noretval__2snprintf.o ABSOLUTE
    ../clib/printf.c                         0x00000000   Number         0  __2snprintf.o ABSOLUTE
    ../clib/printf.c                         0x00000000   Number         0  _printf_fp_infnan.o ABSOLUTE
    ../clib/printf.c                         0x00000000   Number         0  __printf_flags_ss_wp.o ABSOLUTE
    ../clib/printf.c                         0x00000000   Number         0  __printf_nopercent.o ABSOLUTE
    ../clib/printf.c                         0x00000000   Number         0  _printf_fp_dec.o ABSOLUTE
    ../clib/printf.c                         0x00000000   Number         0  _snputc.o ABSOLUTE
    ../clib/printf.c                         0x00000000   Number         0  _sputc.o ABSOLUTE
    ../clib/printf.c                         0x00000000   Number         0  _printf_char_common.o ABSOLUTE
    ../clib/printf.c                         0x00000000   Number         0  __printf_ss_wp.o ABSOLUTE
    ../clib/printf.c                         0x00000000   Number         0  __printf_flags_wp.o ABSOLUTE
    ../clib/printf.c                         0x00000000   Number         0  __printf_wp.o ABSOLUTE
    ../clib/printf_percent.s                 0x00000000   Number         0  _printf_percent_end.o ABSOLUTE
    ../clib/printf_percent.s                 0x00000000   Number         0  _printf_f.o ABSOLUTE
    ../clib/printf_percent.s                 0x00000000   Number         0  _printf_percent.o ABSOLUTE
    ../clib/signal.c                         0x00000000   Number         0  defsig_abrt_inner.o ABSOLUTE
    ../clib/signal.c                         0x00000000   Number         0  defsig_general.o ABSOLUTE
    ../clib/signal.c                         0x00000000   Number         0  defsig_rtmem_outer.o ABSOLUTE
    ../clib/signal.c                         0x00000000   Number         0  defsig_rtred_inner.o ABSOLUTE
    ../clib/signal.c                         0x00000000   Number         0  defsig_rtmem_formal.o ABSOLUTE
    ../clib/signal.c                         0x00000000   Number         0  defsig_exit.o ABSOLUTE
    ../clib/signal.c                         0x00000000   Number         0  __raise.o ABSOLUTE
    ../clib/signal.c                         0x00000000   Number         0  defsig_fpe_outer.o ABSOLUTE
    ../clib/signal.c                         0x00000000   Number         0  defsig_rtmem_inner.o ABSOLUTE
    ../clib/signal.c                         0x00000000   Number         0  defsig_stak_inner.o ABSOLUTE
    ../clib/signal.c                         0x00000000   Number         0  defsig_pvfn_inner.o ABSOLUTE
    ../clib/signal.c                         0x00000000   Number         0  defsig_cppl_inner.o ABSOLUTE
    ../clib/signal.c                         0x00000000   Number         0  defsig_segv_inner.o ABSOLUTE
    ../clib/signal.c                         0x00000000   Number         0  defsig_other.o ABSOLUTE
    ../clib/signal.c                         0x00000000   Number         0  defsig_fpe_inner.o ABSOLUTE
    ../clib/signal.c                         0x00000000   Number         0  defsig_fpe_formal.o ABSOLUTE
    ../clib/signal.s                         0x00000000   Number         0  defsig.o ABSOLUTE
    ../clib/stdlib.c                         0x00000000   Number         0  exit.o ABSOLUTE
    ../clib/string.c                         0x00000000   Number         0  strlen.o ABSOLUTE
    ../clib/string.c                         0x00000000   Number         0  memcmp.o ABSOLUTE
    ../fplib/dretinf.s                       0x00000000   Number         0  dretinf.o ABSOLUTE
    ../fplib/f2d.s                           0x00000000   Number         0  f2d.o ABSOLUTE
    ../fplib/fnaninf.s                       0x00000000   Number         0  fnaninf.o ABSOLUTE
    ../fplib/fpinit.s                        0x00000000   Number         0  fpinit.o ABSOLUTE
    ../fplib/istatus.s                       0x00000000   Number         0  istatus.o ABSOLUTE
    ../fplib/printf1.s                       0x00000000   Number         0  printf1.o ABSOLUTE
    ../fplib/usenofp.s                       0x00000000   Number         0  usenofp.o ABSOLUTE
    ../mathlib/fpclassify.c                  0x00000000   Number         0  fpclassify.o ABSOLUTE
    ..\Core\Src\gpio.c                       0x00000000   Number         0  gpio.o ABSOLUTE
    ..\Core\Src\main.c                       0x00000000   Number         0  main.o ABSOLUTE
    ..\Core\Src\stm32l4xx_hal_msp.c          0x00000000   Number         0  stm32l4xx_hal_msp.o ABSOLUTE
    ..\Core\Src\stm32l4xx_it.c               0x00000000   Number         0  stm32l4xx_it.o ABSOLUTE
    ..\Core\Src\system_stm32l4xx.c           0x00000000   Number         0  system_stm32l4xx.o ABSOLUTE
    ..\Core\Src\usart.c                      0x00000000   Number         0  usart.o ABSOLUTE
    ..\Drivers\STM32L4xx_HAL_Driver\Src\stm32l4xx_hal.c 0x00000000   Number         0  stm32l4xx_hal.o ABSOLUTE
    ..\Drivers\STM32L4xx_HAL_Driver\Src\stm32l4xx_hal_cortex.c 0x00000000   Number         0  stm32l4xx_hal_cortex.o ABSOLUTE
    ..\Drivers\STM32L4xx_HAL_Driver\Src\stm32l4xx_hal_dma.c 0x00000000   Number         0  stm32l4xx_hal_dma.o ABSOLUTE
    ..\Drivers\STM32L4xx_HAL_Driver\Src\stm32l4xx_hal_dma_ex.c 0x00000000   Number         0  stm32l4xx_hal_dma_ex.o ABSOLUTE
    ..\Drivers\STM32L4xx_HAL_Driver\Src\stm32l4xx_hal_exti.c 0x00000000   Number         0  stm32l4xx_hal_exti.o ABSOLUTE
    ..\Drivers\STM32L4xx_HAL_Driver\Src\stm32l4xx_hal_flash.c 0x00000000   Number         0  stm32l4xx_hal_flash.o ABSOLUTE
    ..\Drivers\STM32L4xx_HAL_Driver\Src\stm32l4xx_hal_flash_ex.c 0x00000000   Number         0  stm32l4xx_hal_flash_ex.o ABSOLUTE
    ..\Drivers\STM32L4xx_HAL_Driver\Src\stm32l4xx_hal_flash_ramfunc.c 0x00000000   Number         0  stm32l4xx_hal_flash_ramfunc.o ABSOLUTE
    ..\Drivers\STM32L4xx_HAL_Driver\Src\stm32l4xx_hal_gpio.c 0x00000000   Number         0  stm32l4xx_hal_gpio.o ABSOLUTE
    ..\Drivers\STM32L4xx_HAL_Driver\Src\stm32l4xx_hal_i2c.c 0x00000000   Number         0  stm32l4xx_hal_i2c.o ABSOLUTE
    ..\Drivers\STM32L4xx_HAL_Driver\Src\stm32l4xx_hal_i2c_ex.c 0x00000000   Number         0  stm32l4xx_hal_i2c_ex.o ABSOLUTE
    ..\Drivers\STM32L4xx_HAL_Driver\Src\stm32l4xx_hal_pwr.c 0x00000000   Number         0  stm32l4xx_hal_pwr.o ABSOLUTE
    ..\Drivers\STM32L4xx_HAL_Driver\Src\stm32l4xx_hal_pwr_ex.c 0x00000000   Number         0  stm32l4xx_hal_pwr_ex.o ABSOLUTE
    ..\Drivers\STM32L4xx_HAL_Driver\Src\stm32l4xx_hal_rcc.c 0x00000000   Number         0  stm32l4xx_hal_rcc.o ABSOLUTE
    ..\Drivers\STM32L4xx_HAL_Driver\Src\stm32l4xx_hal_rcc_ex.c 0x00000000   Number         0  stm32l4xx_hal_rcc_ex.o ABSOLUTE
    ..\Drivers\STM32L4xx_HAL_Driver\Src\stm32l4xx_hal_uart.c 0x00000000   Number         0  stm32l4xx_hal_uart.o ABSOLUTE
    ..\Drivers\STM32L4xx_HAL_Driver\Src\stm32l4xx_hal_uart_ex.c 0x00000000   Number         0  stm32l4xx_hal_uart_ex.o ABSOLUTE
    ..\Hardware\delay\delay.c                0x00000000   Number         0  delay.o ABSOLUTE
    ..\Hardware\sys\sys.c                    0x00000000   Number         0  sys.o ABSOLUTE
    ..\Hardware\uart.c                       0x00000000   Number         0  uart.o ABSOLUTE
    ..\\Hardware\\delay\\delay.c             0x00000000   Number         0  delay.o ABSOLUTE
    ..\\Hardware\\sys\\sys.c                 0x00000000   Number         0  sys.o ABSOLUTE
    ..\\Hardware\\uart.c                     0x00000000   Number         0  uart.o ABSOLUTE
    dc.s                                     0x00000000   Number         0  dc.o ABSOLUTE
    startup_stm32l431xx.s                    0x00000000   Number         0  startup_stm32l431xx.o ABSOLUTE
    RESET                                    0x08000000   Section      396  startup_stm32l431xx.o(RESET)
    !!!main                                  0x0800018c   Section        8  __main.o(!!!main)
    !!!scatter                               0x08000194   Section       52  __scatter.o(!!!scatter)
    !!handler_copy                           0x080001c8   Section       26  __scatter_copy.o(!!handler_copy)
    !!handler_zi                             0x080001e4   Section       28  __scatter_zi.o(!!handler_zi)
    .ARM.Collect$$_printf_percent$$00000000  0x08000200   Section        0  _printf_percent.o(.ARM.Collect$$_printf_percent$$00000000)
    .ARM.Collect$$_printf_percent$$00000003  0x08000200   Section        6  _printf_f.o(.ARM.Collect$$_printf_percent$$00000003)
    .ARM.Collect$$_printf_percent$$00000017  0x08000206   Section        4  _printf_percent_end.o(.ARM.Collect$$_printf_percent$$00000017)
    .ARM.Collect$$libinit$$00000000          0x0800020a   Section        2  libinit.o(.ARM.Collect$$libinit$$00000000)
    .ARM.Collect$$libinit$$00000001          0x0800020c   Section        4  libinit2.o(.ARM.Collect$$libinit$$00000001)
    .ARM.Collect$$libinit$$00000004          0x08000210   Section        0  libinit2.o(.ARM.Collect$$libinit$$00000004)
    .ARM.Collect$$libinit$$0000000A          0x08000210   Section        0  libinit2.o(.ARM.Collect$$libinit$$0000000A)
    .ARM.Collect$$libinit$$0000000C          0x08000210   Section        0  libinit2.o(.ARM.Collect$$libinit$$0000000C)
    .ARM.Collect$$libinit$$0000000E          0x08000210   Section        0  libinit2.o(.ARM.Collect$$libinit$$0000000E)
    .ARM.Collect$$libinit$$0000000F          0x08000210   Section        6  libinit2.o(.ARM.Collect$$libinit$$0000000F)
    .ARM.Collect$$libinit$$00000011          0x08000216   Section        0  libinit2.o(.ARM.Collect$$libinit$$00000011)
    .ARM.Collect$$libinit$$00000013          0x08000216   Section        0  libinit2.o(.ARM.Collect$$libinit$$00000013)
    .ARM.Collect$$libinit$$00000015          0x08000216   Section        0  libinit2.o(.ARM.Collect$$libinit$$00000015)
    .ARM.Collect$$libinit$$00000016          0x08000216   Section       10  libinit2.o(.ARM.Collect$$libinit$$00000016)
    .ARM.Collect$$libinit$$00000017          0x08000220   Section        0  libinit2.o(.ARM.Collect$$libinit$$00000017)
    .ARM.Collect$$libinit$$00000019          0x08000220   Section        0  libinit2.o(.ARM.Collect$$libinit$$00000019)
    .ARM.Collect$$libinit$$0000001B          0x08000220   Section        0  libinit2.o(.ARM.Collect$$libinit$$0000001B)
    .ARM.Collect$$libinit$$0000001D          0x08000220   Section        0  libinit2.o(.ARM.Collect$$libinit$$0000001D)
    .ARM.Collect$$libinit$$0000001F          0x08000220   Section        0  libinit2.o(.ARM.Collect$$libinit$$0000001F)
    .ARM.Collect$$libinit$$00000021          0x08000220   Section        0  libinit2.o(.ARM.Collect$$libinit$$00000021)
    .ARM.Collect$$libinit$$00000023          0x08000220   Section        0  libinit2.o(.ARM.Collect$$libinit$$00000023)
    .ARM.Collect$$libinit$$00000025          0x08000220   Section        0  libinit2.o(.ARM.Collect$$libinit$$00000025)
    .ARM.Collect$$libinit$$0000002C          0x08000220   Section        0  libinit2.o(.ARM.Collect$$libinit$$0000002C)
    .ARM.Collect$$libinit$$0000002E          0x08000220   Section        0  libinit2.o(.ARM.Collect$$libinit$$0000002E)
    .ARM.Collect$$libinit$$00000030          0x08000220   Section        0  libinit2.o(.ARM.Collect$$libinit$$00000030)
    .ARM.Collect$$libinit$$00000032          0x08000220   Section        0  libinit2.o(.ARM.Collect$$libinit$$00000032)
    .ARM.Collect$$libinit$$00000033          0x08000220   Section        2  libinit2.o(.ARM.Collect$$libinit$$00000033)
    .ARM.Collect$$libshutdown$$00000000      0x08000222   Section        2  libshutdown.o(.ARM.Collect$$libshutdown$$00000000)
    .ARM.Collect$$libshutdown$$00000002      0x08000224   Section        0  libshutdown2.o(.ARM.Collect$$libshutdown$$00000002)
    .ARM.Collect$$libshutdown$$00000004      0x08000224   Section        0  libshutdown2.o(.ARM.Collect$$libshutdown$$00000004)
    .ARM.Collect$$libshutdown$$00000006      0x08000224   Section        0  libshutdown2.o(.ARM.Collect$$libshutdown$$00000006)
    .ARM.Collect$$libshutdown$$00000009      0x08000224   Section        0  libshutdown2.o(.ARM.Collect$$libshutdown$$00000009)
    .ARM.Collect$$libshutdown$$0000000C      0x08000224   Section        0  libshutdown2.o(.ARM.Collect$$libshutdown$$0000000C)
    .ARM.Collect$$libshutdown$$0000000E      0x08000224   Section        0  libshutdown2.o(.ARM.Collect$$libshutdown$$0000000E)
    .ARM.Collect$$libshutdown$$00000011      0x08000224   Section        0  libshutdown2.o(.ARM.Collect$$libshutdown$$00000011)
    .ARM.Collect$$libshutdown$$00000012      0x08000224   Section        2  libshutdown2.o(.ARM.Collect$$libshutdown$$00000012)
    .ARM.Collect$$rtentry$$00000000          0x08000226   Section        0  __rtentry.o(.ARM.Collect$$rtentry$$00000000)
    .ARM.Collect$$rtentry$$00000002          0x08000226   Section        0  __rtentry2.o(.ARM.Collect$$rtentry$$00000002)
    .ARM.Collect$$rtentry$$00000004          0x08000226   Section        6  __rtentry4.o(.ARM.Collect$$rtentry$$00000004)
    .ARM.Collect$$rtentry$$00000009          0x0800022c   Section        0  __rtentry2.o(.ARM.Collect$$rtentry$$00000009)
    .ARM.Collect$$rtentry$$0000000A          0x0800022c   Section        4  __rtentry2.o(.ARM.Collect$$rtentry$$0000000A)
    .ARM.Collect$$rtentry$$0000000C          0x08000230   Section        0  __rtentry2.o(.ARM.Collect$$rtentry$$0000000C)
    .ARM.Collect$$rtentry$$0000000D          0x08000230   Section        8  __rtentry2.o(.ARM.Collect$$rtentry$$0000000D)
    .ARM.Collect$$rtexit$$00000000           0x08000238   Section        2  rtexit.o(.ARM.Collect$$rtexit$$00000000)
    .ARM.Collect$$rtexit$$00000002           0x0800023a   Section        0  rtexit2.o(.ARM.Collect$$rtexit$$00000002)
    .ARM.Collect$$rtexit$$00000003           0x0800023a   Section        4  rtexit2.o(.ARM.Collect$$rtexit$$00000003)
    .ARM.Collect$$rtexit$$00000004           0x0800023e   Section        6  rtexit2.o(.ARM.Collect$$rtexit$$00000004)
    .text                                    0x08000244   Section       64  startup_stm32l431xx.o(.text)
    $v0                                      0x08000244   Number         0  startup_stm32l431xx.o(.text)
    .text                                    0x08000284   Section        2  use_no_semi_2.o(.text)
    .text                                    0x08000286   Section      238  lludivv7m.o(.text)
    .text                                    0x08000374   Section        0  noretval__2snprintf.o(.text)
    .text                                    0x080003a8   Section        0  __printf_wp.o(.text)
    .text                                    0x080004b6   Section        0  memcmp.o(.text)
    .text                                    0x0800050e   Section        0  strlen.o(.text)
    .text                                    0x0800054c   Section      138  rt_memcpy_v6.o(.text)
    .text                                    0x080005d6   Section      100  rt_memcpy_w.o(.text)
    .text                                    0x0800063a   Section       68  rt_memclr.o(.text)
    .text                                    0x0800067e   Section       78  rt_memclr_w.o(.text)
    .text                                    0x080006cc   Section        0  heapauxi.o(.text)
    .text                                    0x080006d2   Section        2  use_no_semi.o(.text)
    .text                                    0x080006d4   Section        0  _printf_fp_dec.o(.text)
    _fp_digits                               0x080006d7   Thumb Code   432  _printf_fp_dec.o(.text)
    .text                                    0x08000af8   Section        0  _printf_char_common.o(.text)
    _printf_input_char                       0x08000af9   Thumb Code    10  _printf_char_common.o(.text)
    .text                                    0x08000b28   Section        0  _sputc.o(.text)
    .text                                    0x08000b32   Section        0  _snputc.o(.text)
    .text                                    0x08000b44   Section        8  rt_locale_intlibspace.o(.text)
    .text                                    0x08000b4c   Section      138  lludiv10.o(.text)
    .text                                    0x08000bd8   Section        0  _printf_fp_infnan.o(.text)
    .text                                    0x08000c58   Section        0  bigflt0.o(.text)
    .text                                    0x08000d3c   Section        8  libspace.o(.text)
    .text                                    0x08000d44   Section       74  sys_stackheap_outer.o(.text)
    .text                                    0x08000d8e   Section        0  exit.o(.text)
    .text                                    0x08000da0   Section      128  strcmpv7m.o(.text)
    CL$$btod_d2e                             0x08000e20   Section       62  btod.o(CL$$btod_d2e)
    CL$$btod_d2e_denorm_low                  0x08000e5e   Section       70  btod.o(CL$$btod_d2e_denorm_low)
    CL$$btod_d2e_norm_op1                    0x08000ea4   Section       96  btod.o(CL$$btod_d2e_norm_op1)
    CL$$btod_div_common                      0x08000f04   Section      824  btod.o(CL$$btod_div_common)
    CL$$btod_e2e                             0x0800123c   Section      220  btod.o(CL$$btod_e2e)
    CL$$btod_ediv                            0x08001318   Section       42  btod.o(CL$$btod_ediv)
    CL$$btod_emul                            0x08001342   Section       42  btod.o(CL$$btod_emul)
    CL$$btod_mult_common                     0x0800136c   Section      580  btod.o(CL$$btod_mult_common)
    i.BusFault_Handler                       0x080015b0   Section        0  stm32l4xx_it.o(i.BusFault_Handler)
    i.DebugMon_Handler                       0x080015b2   Section        0  stm32l4xx_it.o(i.DebugMon_Handler)
    i.Error_Handler                          0x080015b4   Section        0  main.o(i.Error_Handler)
    i.HAL_DMA_Abort                          0x080015b8   Section        0  stm32l4xx_hal_dma.o(i.HAL_DMA_Abort)
    i.HAL_DMA_Abort_IT                       0x08001602   Section        0  stm32l4xx_hal_dma.o(i.HAL_DMA_Abort_IT)
    i.HAL_GPIO_Init                          0x08001650   Section        0  stm32l4xx_hal_gpio.o(i.HAL_GPIO_Init)
    i.HAL_GPIO_WritePin                      0x08001826   Section        0  stm32l4xx_hal_gpio.o(i.HAL_GPIO_WritePin)
    i.HAL_GetTick                            0x08001830   Section        0  stm32l4xx_hal.o(i.HAL_GetTick)
    i.HAL_IncTick                            0x0800183c   Section        0  stm32l4xx_hal.o(i.HAL_IncTick)
    i.HAL_Init                               0x0800184c   Section        0  stm32l4xx_hal.o(i.HAL_Init)
    i.HAL_InitTick                           0x0800186c   Section        0  stm32l4xx_hal.o(i.HAL_InitTick)
    i.HAL_MspInit                            0x080018b0   Section        0  stm32l4xx_hal_msp.o(i.HAL_MspInit)
    i.HAL_NVIC_EnableIRQ                     0x080018dc   Section        0  stm32l4xx_hal_cortex.o(i.HAL_NVIC_EnableIRQ)
    i.HAL_NVIC_SetPriority                   0x080018f8   Section        0  stm32l4xx_hal_cortex.o(i.HAL_NVIC_SetPriority)
    i.HAL_NVIC_SetPriorityGrouping           0x08001938   Section        0  stm32l4xx_hal_cortex.o(i.HAL_NVIC_SetPriorityGrouping)
    i.HAL_PWREx_ControlVoltageScaling        0x0800195c   Section        0  stm32l4xx_hal_pwr_ex.o(i.HAL_PWREx_ControlVoltageScaling)
    i.HAL_PWREx_GetVoltageRange              0x080019c4   Section        0  stm32l4xx_hal_pwr_ex.o(i.HAL_PWREx_GetVoltageRange)
    i.HAL_RCC_ClockConfig                    0x080019d4   Section        0  stm32l4xx_hal_rcc.o(i.HAL_RCC_ClockConfig)
    i.HAL_RCC_GetPCLK1Freq                   0x08001b18   Section        0  stm32l4xx_hal_rcc.o(i.HAL_RCC_GetPCLK1Freq)
    i.HAL_RCC_GetPCLK2Freq                   0x08001b3c   Section        0  stm32l4xx_hal_rcc.o(i.HAL_RCC_GetPCLK2Freq)
    i.HAL_RCC_GetSysClockFreq                0x08001b60   Section        0  stm32l4xx_hal_rcc.o(i.HAL_RCC_GetSysClockFreq)
    i.HAL_RCC_OscConfig                      0x08001c04   Section        0  stm32l4xx_hal_rcc.o(i.HAL_RCC_OscConfig)
    i.HAL_SYSTICK_CLKSourceConfig            0x08002164   Section        0  stm32l4xx_hal_cortex.o(i.HAL_SYSTICK_CLKSourceConfig)
    i.HAL_SYSTICK_Config                     0x0800217c   Section        0  stm32l4xx_hal_cortex.o(i.HAL_SYSTICK_Config)
    i.HAL_UARTEx_RxEventCallback             0x080021a4   Section        0  stm32l4xx_hal_uart.o(i.HAL_UARTEx_RxEventCallback)
    i.HAL_UARTEx_WakeupCallback              0x080021a6   Section        0  stm32l4xx_hal_uart_ex.o(i.HAL_UARTEx_WakeupCallback)
    i.HAL_UART_ErrorCallback                 0x080021a8   Section        0  stm32l4xx_hal_uart.o(i.HAL_UART_ErrorCallback)
    i.HAL_UART_IRQHandler                    0x080021ac   Section        0  stm32l4xx_hal_uart.o(i.HAL_UART_IRQHandler)
    i.HAL_UART_Init                          0x08002474   Section        0  stm32l4xx_hal_uart.o(i.HAL_UART_Init)
    i.HAL_UART_MspInit                       0x080024dc   Section        0  uart.o(i.HAL_UART_MspInit)
    i.HAL_UART_Receive                       0x080025e8   Section        0  stm32l4xx_hal_uart.o(i.HAL_UART_Receive)
    i.HAL_UART_TxCpltCallback                0x080026d8   Section        0  uart.o(i.HAL_UART_TxCpltCallback)
    i.HardFault_Handler                      0x0800272c   Section        0  stm32l4xx_it.o(i.HardFault_Handler)
    i.MX_GPIO_Init                           0x08002730   Section        0  gpio.o(i.MX_GPIO_Init)
    i.MX_USART1_UART_Init                    0x0800279c   Section        0  usart.o(i.MX_USART1_UART_Init)
    i.MX_USART2_UART_Init                    0x080027d8   Section        0  usart.o(i.MX_USART2_UART_Init)
    i.MX_USART3_UART_Init                    0x08002814   Section        0  usart.o(i.MX_USART3_UART_Init)
    i.MemManage_Handler                      0x08002850   Section        0  stm32l4xx_it.o(i.MemManage_Handler)
    i.NMI_Handler                            0x08002852   Section        0  stm32l4xx_it.o(i.NMI_Handler)
    i.PendSV_Handler                         0x08002854   Section        0  stm32l4xx_it.o(i.PendSV_Handler)
    i.RCC_SetFlashLatencyFromMSIRange        0x08002858   Section        0  stm32l4xx_hal_rcc.o(i.RCC_SetFlashLatencyFromMSIRange)
    RCC_SetFlashLatencyFromMSIRange          0x08002859   Thumb Code   116  stm32l4xx_hal_rcc.o(i.RCC_SetFlashLatencyFromMSIRange)
    i.SVC_Handler                            0x080028d4   Section        0  stm32l4xx_it.o(i.SVC_Handler)
    i.SysTick_Handler                        0x080028d6   Section        0  stm32l4xx_it.o(i.SysTick_Handler)
    i.SystemClock_Config                     0x080028da   Section        0  main.o(i.SystemClock_Config)
    i.SystemInit                             0x08002948   Section        0  system_stm32l4xx.o(i.SystemInit)
    i.UART_AdvFeatureConfig                  0x08002958   Section        0  stm32l4xx_hal_uart.o(i.UART_AdvFeatureConfig)
    i.UART_CheckIdleState                    0x08002a20   Section        0  stm32l4xx_hal_uart.o(i.UART_CheckIdleState)
    i.UART_DMAAbortOnError                   0x08002ac8   Section        0  stm32l4xx_hal_uart.o(i.UART_DMAAbortOnError)
    UART_DMAAbortOnError                     0x08002ac9   Thumb Code    20  stm32l4xx_hal_uart.o(i.UART_DMAAbortOnError)
    i.UART_EndRxTransfer                     0x08002adc   Section        0  stm32l4xx_hal_uart.o(i.UART_EndRxTransfer)
    UART_EndRxTransfer                       0x08002add   Thumb Code    76  stm32l4xx_hal_uart.o(i.UART_EndRxTransfer)
    i.UART_SetConfig                         0x08002b28   Section        0  stm32l4xx_hal_uart.o(i.UART_SetConfig)
    i.UART_WaitOnFlagUntilTimeout            0x08002d28   Section        0  stm32l4xx_hal_uart.o(i.UART_WaitOnFlagUntilTimeout)
    i.USART1_IRQHandler                      0x08002dbc   Section        0  uart.o(i.USART1_IRQHandler)
    i.USART2_IRQHandler                      0x08003024   Section        0  uart.o(i.USART2_IRQHandler)
    i.USART3_IRQHandler                      0x080030b0   Section        0  uart.o(i.USART3_IRQHandler)
    i.Uart3_SendNonBlocking                  0x0800313c   Section        0  uart.o(i.Uart3_SendNonBlocking)
    i.UsageFault_Handler                     0x080031a4   Section        0  stm32l4xx_it.o(i.UsageFault_Handler)
    i.__ARM_fpclassify                       0x080031a6   Section        0  fpclassify.o(i.__ARM_fpclassify)
    i.__NVIC_SetPriority                     0x080031d6   Section        0  stm32l4xx_hal_cortex.o(i.__NVIC_SetPriority)
    __NVIC_SetPriority                       0x080031d7   Thumb Code    32  stm32l4xx_hal_cortex.o(i.__NVIC_SetPriority)
    i._is_digit                              0x080031f6   Section        0  __printf_wp.o(i._is_digit)
    i._sys_exit                              0x08003204   Section        0  uart.o(i._sys_exit)
    i.delay_init                             0x08003208   Section        0  delay.o(i.delay_init)
    i.main                                   0x0800321c   Section        0  main.o(i.main)
    i.mavlink_frame_char_buffer              0x08003254   Section        0  uart.o(i.mavlink_frame_char_buffer)
    mavlink_frame_char_buffer                0x08003255   Thumb Code   732  uart.o(i.mavlink_frame_char_buffer)
    i.mavlink_sha256_calc                    0x0800353c   Section        0  uart.o(i.mavlink_sha256_calc)
    mavlink_sha256_calc                      0x0800353d   Thumb Code   286  uart.o(i.mavlink_sha256_calc)
    i.mavlink_sha256_final_48                0x08003666   Section        0  uart.o(i.mavlink_sha256_final_48)
    mavlink_sha256_final_48                  0x08003667   Thumb Code   140  uart.o(i.mavlink_sha256_final_48)
    i.mavlink_sha256_update                  0x080036f2   Section        0  uart.o(i.mavlink_sha256_update)
    mavlink_sha256_update                    0x080036f3   Thumb Code   126  uart.o(i.mavlink_sha256_update)
    i.mavlink_signature_check                0x08003770   Section        0  uart.o(i.mavlink_signature_check)
    mavlink_signature_check                  0x08003771   Thumb Code   370  uart.o(i.mavlink_signature_check)
    i.mavlink_start_checksum                 0x08003908   Section        0  uart.o(i.mavlink_start_checksum)
    mavlink_start_checksum                   0x08003909   Thumb Code     8  uart.o(i.mavlink_start_checksum)
    i.mavlink_update_checksum                0x08003910   Section        0  uart.o(i.mavlink_update_checksum)
    mavlink_update_checksum                  0x08003911   Thumb Code    28  uart.o(i.mavlink_update_checksum)
    i.uart3_init                             0x0800392c   Section        0  uart.o(i.uart3_init)
    i.uart_init                              0x08003978   Section        0  uart.o(i.uart_init)
    locale$$code                             0x080039c0   Section       44  lc_numeric_c.o(locale$$code)
    x$fpl$dretinf                            0x080039ec   Section       12  dretinf.o(x$fpl$dretinf)
    $v0                                      0x080039ec   Number         0  dretinf.o(x$fpl$dretinf)
    x$fpl$f2d                                0x080039f8   Section       86  f2d.o(x$fpl$f2d)
    $v0                                      0x080039f8   Number         0  f2d.o(x$fpl$f2d)
    x$fpl$fnaninf                            0x08003a4e   Section      140  fnaninf.o(x$fpl$fnaninf)
    $v0                                      0x08003a4e   Number         0  fnaninf.o(x$fpl$fnaninf)
    x$fpl$fpinit                             0x08003ada   Section       10  fpinit.o(x$fpl$fpinit)
    $v0                                      0x08003ada   Number         0  fpinit.o(x$fpl$fpinit)
    x$fpl$printf1                            0x08003ae4   Section        4  printf1.o(x$fpl$printf1)
    $v0                                      0x08003ae4   Number         0  printf1.o(x$fpl$printf1)
    .constdata                               0x08003ae8   Section       64  system_stm32l4xx.o(.constdata)
    x$fpl$usenofp                            0x08003ae8   Section        0  usenofp.o(x$fpl$usenofp)
    .constdata                               0x08003b28   Section        8  system_stm32l4xx.o(.constdata)
    .constdata                               0x08003b30   Section     2884  uart.o(.constdata)
    mavlink_sha256_constant_256              0x08003b30   Data         256  uart.o(.constdata)
    mavlink_message_crcs                     0x08003c30   Data        2628  uart.o(.constdata)
    .constdata                               0x08004674   Section      148  bigflt0.o(.constdata)
    tenpwrs_x                                0x08004674   Data          60  bigflt0.o(.constdata)
    tenpwrs_i                                0x080046b0   Data          64  bigflt0.o(.constdata)
    locale$$data                             0x08004728   Section       28  lc_numeric_c.o(locale$$data)
    __lcnum_c_name                           0x0800472c   Data           2  lc_numeric_c.o(locale$$data)
    __lcnum_c_start                          0x08004734   Data           0  lc_numeric_c.o(locale$$data)
    __lcnum_c_point                          0x08004740   Data           0  lc_numeric_c.o(locale$$data)
    __lcnum_c_thousands                      0x08004742   Data           0  lc_numeric_c.o(locale$$data)
    __lcnum_c_grouping                       0x08004743   Data           0  lc_numeric_c.o(locale$$data)
    __lcnum_c_end                            0x08004744   Data           0  lc_numeric_c.o(locale$$data)
    .data                                    0x20000000   Section       12  stm32l4xx_hal.o(.data)
    .data                                    0x2000000c   Section        4  system_stm32l4xx.o(.data)
    .data                                    0x20000010   Section        4  delay.o(.data)
    fac_us                                   0x20000010   Data           4  delay.o(.data)
    .data                                    0x20000014   Section       18  uart.o(.data)
    .bss                                     0x20000028   Section      408  usart.o(.bss)
    .bss                                     0x200001c0   Section     7232  uart.o(.bss)
    m_mavlink_status                         0x200001c0   Data          96  uart.o(.bss)
    m_mavlink_buffer                         0x20000220   Data        1184  uart.o(.bss)
    .bss                                     0x20001e00   Section       96  libspace.o(.bss)
    HEAP                                     0x20001e60   Section      512  startup_stm32l431xx.o(HEAP)
    Heap_Mem                                 0x20001e60   Data         512  startup_stm32l431xx.o(HEAP)
    STACK                                    0x20002060   Section     1024  startup_stm32l431xx.o(STACK)
    Stack_Mem                                0x20002060   Data        1024  startup_stm32l431xx.o(STACK)
    __initial_sp                             0x20002460   Data           0  startup_stm32l431xx.o(STACK)

    Global Symbols

    Symbol Name                              Value     Ov Type        Size  Object(Section)

    BuildAttributes$$THM_ISAv4$E$P$D$K$B$S$7EM$VFPi3$EXTD16$VFPS$VFMA$PE$A:L22UL41UL21$X:L11$S22US41US21$IEEE1$IW$USESV6$~STKCKD$USESV7$~SHL$OTIME$ROPI$IEEEJ$EBA8$UX$STANDARDLIB$REQ8$PRES8$EABIv2 0x00000000   Number         0  anon$$obj.o ABSOLUTE
    __ARM_use_no_argv                        0x00000000   Number         0  main.o ABSOLUTE
    _printf_flags                            0x00000000   Number         0  printf_stubs.o ABSOLUTE
    _printf_return_value                     0x00000000   Number         0  printf_stubs.o ABSOLUTE
    _printf_sizespec                         0x00000000   Number         0  printf_stubs.o ABSOLUTE
    _printf_widthprec                        0x00000000   Number         0  printf_stubs.o ABSOLUTE
    __ARM_exceptions_init                     - Undefined Weak Reference
    __alloca_initialize                       - Undefined Weak Reference
    __arm_fini_                               - Undefined Weak Reference
    __arm_preinit_                            - Undefined Weak Reference
    __cpp_initialize__aeabi_                  - Undefined Weak Reference
    __cxa_finalize                            - Undefined Weak Reference
    __sigvec_lookup                           - Undefined Weak Reference
    _atexit_init                              - Undefined Weak Reference
    _call_atexit_fns                          - Undefined Weak Reference
    _clock_init                               - Undefined Weak Reference
    _fp_trap_init                             - Undefined Weak Reference
    _fp_trap_shutdown                         - Undefined Weak Reference
    _get_lc_collate                           - Undefined Weak Reference
    _get_lc_ctype                             - Undefined Weak Reference
    _get_lc_monetary                          - Undefined Weak Reference
    _get_lc_time                              - Undefined Weak Reference
    _getenv_init                              - Undefined Weak Reference
    _handle_redirection                       - Undefined Weak Reference
    _init_alloc                               - Undefined Weak Reference
    _init_user_alloc                          - Undefined Weak Reference
    _initio                                   - Undefined Weak Reference
    _printf_post_padding                      - Undefined Weak Reference
    _printf_pre_padding                       - Undefined Weak Reference
    _rand_init                                - Undefined Weak Reference
    _signal_finish                            - Undefined Weak Reference
    _signal_init                              - Undefined Weak Reference
    _terminate_alloc                          - Undefined Weak Reference
    _terminate_user_alloc                     - Undefined Weak Reference
    _terminateio                              - Undefined Weak Reference
    __Vectors_Size                           0x0000018c   Number         0  startup_stm32l431xx.o ABSOLUTE
    __Vectors                                0x08000000   Data           4  startup_stm32l431xx.o(RESET)
    __Vectors_End                            0x0800018c   Data           0  startup_stm32l431xx.o(RESET)
    __main                                   0x0800018d   Thumb Code     8  __main.o(!!!main)
    __scatterload                            0x08000195   Thumb Code     0  __scatter.o(!!!scatter)
    __scatterload_rt2                        0x08000195   Thumb Code    44  __scatter.o(!!!scatter)
    __scatterload_rt2_thumb_only             0x08000195   Thumb Code     0  __scatter.o(!!!scatter)
    __scatterload_null                       0x080001a3   Thumb Code     0  __scatter.o(!!!scatter)
    __scatterload_copy                       0x080001c9   Thumb Code    26  __scatter_copy.o(!!handler_copy)
    __scatterload_zeroinit                   0x080001e5   Thumb Code    28  __scatter_zi.o(!!handler_zi)
    _printf_f                                0x08000201   Thumb Code     0  _printf_f.o(.ARM.Collect$$_printf_percent$$00000003)
    _printf_percent                          0x08000201   Thumb Code     0  _printf_percent.o(.ARM.Collect$$_printf_percent$$00000000)
    _printf_percent_end                      0x08000207   Thumb Code     0  _printf_percent_end.o(.ARM.Collect$$_printf_percent$$00000017)
    __rt_lib_init                            0x0800020b   Thumb Code     0  libinit.o(.ARM.Collect$$libinit$$00000000)
    __rt_lib_init_fp_1                       0x0800020d   Thumb Code     0  libinit2.o(.ARM.Collect$$libinit$$00000001)
    __rt_lib_init_heap_1                     0x08000211   Thumb Code     0  libinit2.o(.ARM.Collect$$libinit$$0000000A)
    __rt_lib_init_lc_common                  0x08000211   Thumb Code     0  libinit2.o(.ARM.Collect$$libinit$$0000000F)
    __rt_lib_init_preinit_1                  0x08000211   Thumb Code     0  libinit2.o(.ARM.Collect$$libinit$$00000004)
    __rt_lib_init_rand_1                     0x08000211   Thumb Code     0  libinit2.o(.ARM.Collect$$libinit$$0000000E)
    __rt_lib_init_user_alloc_1               0x08000211   Thumb Code     0  libinit2.o(.ARM.Collect$$libinit$$0000000C)
    __rt_lib_init_lc_collate_1               0x08000217   Thumb Code     0  libinit2.o(.ARM.Collect$$libinit$$00000011)
    __rt_lib_init_lc_ctype_1                 0x08000217   Thumb Code     0  libinit2.o(.ARM.Collect$$libinit$$00000013)
    __rt_lib_init_lc_monetary_1              0x08000217   Thumb Code     0  libinit2.o(.ARM.Collect$$libinit$$00000015)
    __rt_lib_init_lc_numeric_2               0x08000217   Thumb Code     0  libinit2.o(.ARM.Collect$$libinit$$00000016)
    __rt_lib_init_alloca_1                   0x08000221   Thumb Code     0  libinit2.o(.ARM.Collect$$libinit$$0000002E)
    __rt_lib_init_argv_1                     0x08000221   Thumb Code     0  libinit2.o(.ARM.Collect$$libinit$$0000002C)
    __rt_lib_init_atexit_1                   0x08000221   Thumb Code     0  libinit2.o(.ARM.Collect$$libinit$$0000001B)
    __rt_lib_init_clock_1                    0x08000221   Thumb Code     0  libinit2.o(.ARM.Collect$$libinit$$00000021)
    __rt_lib_init_cpp_1                      0x08000221   Thumb Code     0  libinit2.o(.ARM.Collect$$libinit$$00000032)
    __rt_lib_init_exceptions_1               0x08000221   Thumb Code     0  libinit2.o(.ARM.Collect$$libinit$$00000030)
    __rt_lib_init_fp_trap_1                  0x08000221   Thumb Code     0  libinit2.o(.ARM.Collect$$libinit$$0000001F)
    __rt_lib_init_getenv_1                   0x08000221   Thumb Code     0  libinit2.o(.ARM.Collect$$libinit$$00000023)
    __rt_lib_init_lc_numeric_1               0x08000221   Thumb Code     0  libinit2.o(.ARM.Collect$$libinit$$00000017)
    __rt_lib_init_lc_time_1                  0x08000221   Thumb Code     0  libinit2.o(.ARM.Collect$$libinit$$00000019)
    __rt_lib_init_return                     0x08000221   Thumb Code     0  libinit2.o(.ARM.Collect$$libinit$$00000033)
    __rt_lib_init_signal_1                   0x08000221   Thumb Code     0  libinit2.o(.ARM.Collect$$libinit$$0000001D)
    __rt_lib_init_stdio_1                    0x08000221   Thumb Code     0  libinit2.o(.ARM.Collect$$libinit$$00000025)
    __rt_lib_shutdown                        0x08000223   Thumb Code     0  libshutdown.o(.ARM.Collect$$libshutdown$$00000000)
    __rt_lib_shutdown_cpp_1                  0x08000225   Thumb Code     0  libshutdown2.o(.ARM.Collect$$libshutdown$$00000004)
    __rt_lib_shutdown_fini_1                 0x08000225   Thumb Code     0  libshutdown2.o(.ARM.Collect$$libshutdown$$00000002)
    __rt_lib_shutdown_fp_trap_1              0x08000225   Thumb Code     0  libshutdown2.o(.ARM.Collect$$libshutdown$$00000009)
    __rt_lib_shutdown_heap_1                 0x08000225   Thumb Code     0  libshutdown2.o(.ARM.Collect$$libshutdown$$00000011)
    __rt_lib_shutdown_return                 0x08000225   Thumb Code     0  libshutdown2.o(.ARM.Collect$$libshutdown$$00000012)
    __rt_lib_shutdown_signal_1               0x08000225   Thumb Code     0  libshutdown2.o(.ARM.Collect$$libshutdown$$0000000C)
    __rt_lib_shutdown_stdio_1                0x08000225   Thumb Code     0  libshutdown2.o(.ARM.Collect$$libshutdown$$00000006)
    __rt_lib_shutdown_user_alloc_1           0x08000225   Thumb Code     0  libshutdown2.o(.ARM.Collect$$libshutdown$$0000000E)
    __rt_entry                               0x08000227   Thumb Code     0  __rtentry.o(.ARM.Collect$$rtentry$$00000000)
    __rt_entry_presh_1                       0x08000227   Thumb Code     0  __rtentry2.o(.ARM.Collect$$rtentry$$00000002)
    __rt_entry_sh                            0x08000227   Thumb Code     0  __rtentry4.o(.ARM.Collect$$rtentry$$00000004)
    __rt_entry_li                            0x0800022d   Thumb Code     0  __rtentry2.o(.ARM.Collect$$rtentry$$0000000A)
    __rt_entry_postsh_1                      0x0800022d   Thumb Code     0  __rtentry2.o(.ARM.Collect$$rtentry$$00000009)
    __rt_entry_main                          0x08000231   Thumb Code     0  __rtentry2.o(.ARM.Collect$$rtentry$$0000000D)
    __rt_entry_postli_1                      0x08000231   Thumb Code     0  __rtentry2.o(.ARM.Collect$$rtentry$$0000000C)
    __rt_exit                                0x08000239   Thumb Code     0  rtexit.o(.ARM.Collect$$rtexit$$00000000)
    __rt_exit_ls                             0x0800023b   Thumb Code     0  rtexit2.o(.ARM.Collect$$rtexit$$00000003)
    __rt_exit_prels_1                        0x0800023b   Thumb Code     0  rtexit2.o(.ARM.Collect$$rtexit$$00000002)
    __rt_exit_exit                           0x0800023f   Thumb Code     0  rtexit2.o(.ARM.Collect$$rtexit$$00000004)
    Reset_Handler                            0x08000245   Thumb Code     8  startup_stm32l431xx.o(.text)
    ADC1_IRQHandler                          0x0800025f   Thumb Code     0  startup_stm32l431xx.o(.text)
    CAN1_RX0_IRQHandler                      0x0800025f   Thumb Code     0  startup_stm32l431xx.o(.text)
    CAN1_RX1_IRQHandler                      0x0800025f   Thumb Code     0  startup_stm32l431xx.o(.text)
    CAN1_SCE_IRQHandler                      0x0800025f   Thumb Code     0  startup_stm32l431xx.o(.text)
    CAN1_TX_IRQHandler                       0x0800025f   Thumb Code     0  startup_stm32l431xx.o(.text)
    COMP_IRQHandler                          0x0800025f   Thumb Code     0  startup_stm32l431xx.o(.text)
    CRS_IRQHandler                           0x0800025f   Thumb Code     0  startup_stm32l431xx.o(.text)
    DMA1_Channel1_IRQHandler                 0x0800025f   Thumb Code     0  startup_stm32l431xx.o(.text)
    DMA1_Channel2_IRQHandler                 0x0800025f   Thumb Code     0  startup_stm32l431xx.o(.text)
    DMA1_Channel3_IRQHandler                 0x0800025f   Thumb Code     0  startup_stm32l431xx.o(.text)
    DMA1_Channel4_IRQHandler                 0x0800025f   Thumb Code     0  startup_stm32l431xx.o(.text)
    DMA1_Channel5_IRQHandler                 0x0800025f   Thumb Code     0  startup_stm32l431xx.o(.text)
    DMA1_Channel6_IRQHandler                 0x0800025f   Thumb Code     0  startup_stm32l431xx.o(.text)
    DMA1_Channel7_IRQHandler                 0x0800025f   Thumb Code     0  startup_stm32l431xx.o(.text)
    DMA2_Channel1_IRQHandler                 0x0800025f   Thumb Code     0  startup_stm32l431xx.o(.text)
    DMA2_Channel2_IRQHandler                 0x0800025f   Thumb Code     0  startup_stm32l431xx.o(.text)
    DMA2_Channel3_IRQHandler                 0x0800025f   Thumb Code     0  startup_stm32l431xx.o(.text)
    DMA2_Channel4_IRQHandler                 0x0800025f   Thumb Code     0  startup_stm32l431xx.o(.text)
    DMA2_Channel5_IRQHandler                 0x0800025f   Thumb Code     0  startup_stm32l431xx.o(.text)
    DMA2_Channel6_IRQHandler                 0x0800025f   Thumb Code     0  startup_stm32l431xx.o(.text)
    DMA2_Channel7_IRQHandler                 0x0800025f   Thumb Code     0  startup_stm32l431xx.o(.text)
    EXTI0_IRQHandler                         0x0800025f   Thumb Code     0  startup_stm32l431xx.o(.text)
    EXTI15_10_IRQHandler                     0x0800025f   Thumb Code     0  startup_stm32l431xx.o(.text)
    EXTI1_IRQHandler                         0x0800025f   Thumb Code     0  startup_stm32l431xx.o(.text)
    EXTI2_IRQHandler                         0x0800025f   Thumb Code     0  startup_stm32l431xx.o(.text)
    EXTI3_IRQHandler                         0x0800025f   Thumb Code     0  startup_stm32l431xx.o(.text)
    EXTI4_IRQHandler                         0x0800025f   Thumb Code     0  startup_stm32l431xx.o(.text)
    EXTI9_5_IRQHandler                       0x0800025f   Thumb Code     0  startup_stm32l431xx.o(.text)
    FLASH_IRQHandler                         0x0800025f   Thumb Code     0  startup_stm32l431xx.o(.text)
    FPU_IRQHandler                           0x0800025f   Thumb Code     0  startup_stm32l431xx.o(.text)
    I2C1_ER_IRQHandler                       0x0800025f   Thumb Code     0  startup_stm32l431xx.o(.text)
    I2C1_EV_IRQHandler                       0x0800025f   Thumb Code     0  startup_stm32l431xx.o(.text)
    I2C2_ER_IRQHandler                       0x0800025f   Thumb Code     0  startup_stm32l431xx.o(.text)
    I2C2_EV_IRQHandler                       0x0800025f   Thumb Code     0  startup_stm32l431xx.o(.text)
    I2C3_ER_IRQHandler                       0x0800025f   Thumb Code     0  startup_stm32l431xx.o(.text)
    I2C3_EV_IRQHandler                       0x0800025f   Thumb Code     0  startup_stm32l431xx.o(.text)
    LPTIM1_IRQHandler                        0x0800025f   Thumb Code     0  startup_stm32l431xx.o(.text)
    LPTIM2_IRQHandler                        0x0800025f   Thumb Code     0  startup_stm32l431xx.o(.text)
    LPUART1_IRQHandler                       0x0800025f   Thumb Code     0  startup_stm32l431xx.o(.text)
    PVD_PVM_IRQHandler                       0x0800025f   Thumb Code     0  startup_stm32l431xx.o(.text)
    QUADSPI_IRQHandler                       0x0800025f   Thumb Code     0  startup_stm32l431xx.o(.text)
    RCC_IRQHandler                           0x0800025f   Thumb Code     0  startup_stm32l431xx.o(.text)
    RNG_IRQHandler                           0x0800025f   Thumb Code     0  startup_stm32l431xx.o(.text)
    RTC_Alarm_IRQHandler                     0x0800025f   Thumb Code     0  startup_stm32l431xx.o(.text)
    RTC_WKUP_IRQHandler                      0x0800025f   Thumb Code     0  startup_stm32l431xx.o(.text)
    SAI1_IRQHandler                          0x0800025f   Thumb Code     0  startup_stm32l431xx.o(.text)
    SDMMC1_IRQHandler                        0x0800025f   Thumb Code     0  startup_stm32l431xx.o(.text)
    SPI1_IRQHandler                          0x0800025f   Thumb Code     0  startup_stm32l431xx.o(.text)
    SPI2_IRQHandler                          0x0800025f   Thumb Code     0  startup_stm32l431xx.o(.text)
    SPI3_IRQHandler                          0x0800025f   Thumb Code     0  startup_stm32l431xx.o(.text)
    SWPMI1_IRQHandler                        0x0800025f   Thumb Code     0  startup_stm32l431xx.o(.text)
    TAMP_STAMP_IRQHandler                    0x0800025f   Thumb Code     0  startup_stm32l431xx.o(.text)
    TIM1_BRK_TIM15_IRQHandler                0x0800025f   Thumb Code     0  startup_stm32l431xx.o(.text)
    TIM1_CC_IRQHandler                       0x0800025f   Thumb Code     0  startup_stm32l431xx.o(.text)
    TIM1_TRG_COM_IRQHandler                  0x0800025f   Thumb Code     0  startup_stm32l431xx.o(.text)
    TIM1_UP_TIM16_IRQHandler                 0x0800025f   Thumb Code     0  startup_stm32l431xx.o(.text)
    TIM2_IRQHandler                          0x0800025f   Thumb Code     0  startup_stm32l431xx.o(.text)
    TIM6_DAC_IRQHandler                      0x0800025f   Thumb Code     0  startup_stm32l431xx.o(.text)
    TIM7_IRQHandler                          0x0800025f   Thumb Code     0  startup_stm32l431xx.o(.text)
    TSC_IRQHandler                           0x0800025f   Thumb Code     0  startup_stm32l431xx.o(.text)
    WWDG_IRQHandler                          0x0800025f   Thumb Code     0  startup_stm32l431xx.o(.text)
    __user_initial_stackheap                 0x08000261   Thumb Code     0  startup_stm32l431xx.o(.text)
    __use_no_semihosting                     0x08000285   Thumb Code     2  use_no_semi_2.o(.text)
    __aeabi_uldivmod                         0x08000287   Thumb Code     0  lludivv7m.o(.text)
    _ll_udiv                                 0x08000287   Thumb Code   238  lludivv7m.o(.text)
    __2snprintf                              0x08000375   Thumb Code    48  noretval__2snprintf.o(.text)
    __printf                                 0x080003a9   Thumb Code   270  __printf_wp.o(.text)
    memcmp                                   0x080004b7   Thumb Code    88  memcmp.o(.text)
    strlen                                   0x0800050f   Thumb Code    62  strlen.o(.text)
    __aeabi_memcpy                           0x0800054d   Thumb Code     0  rt_memcpy_v6.o(.text)
    __rt_memcpy                              0x0800054d   Thumb Code   138  rt_memcpy_v6.o(.text)
    _memcpy_lastbytes                        0x080005b3   Thumb Code     0  rt_memcpy_v6.o(.text)
    __aeabi_memcpy4                          0x080005d7   Thumb Code     0  rt_memcpy_w.o(.text)
    __aeabi_memcpy8                          0x080005d7   Thumb Code     0  rt_memcpy_w.o(.text)
    __rt_memcpy_w                            0x080005d7   Thumb Code   100  rt_memcpy_w.o(.text)
    _memcpy_lastbytes_aligned                0x0800061f   Thumb Code     0  rt_memcpy_w.o(.text)
    __aeabi_memclr                           0x0800063b   Thumb Code     0  rt_memclr.o(.text)
    __rt_memclr                              0x0800063b   Thumb Code    68  rt_memclr.o(.text)
    _memset                                  0x0800063f   Thumb Code     0  rt_memclr.o(.text)
    __aeabi_memclr4                          0x0800067f   Thumb Code     0  rt_memclr_w.o(.text)
    __aeabi_memclr8                          0x0800067f   Thumb Code     0  rt_memclr_w.o(.text)
    __rt_memclr_w                            0x0800067f   Thumb Code    78  rt_memclr_w.o(.text)
    _memset_w                                0x08000683   Thumb Code     0  rt_memclr_w.o(.text)
    __use_two_region_memory                  0x080006cd   Thumb Code     2  heapauxi.o(.text)
    __rt_heap_escrow$2region                 0x080006cf   Thumb Code     2  heapauxi.o(.text)
    __rt_heap_expand$2region                 0x080006d1   Thumb Code     2  heapauxi.o(.text)
    __I$use$semihosting                      0x080006d3   Thumb Code     0  use_no_semi.o(.text)
    __use_no_semihosting_swi                 0x080006d3   Thumb Code     2  use_no_semi.o(.text)
    __lib_sel_fp_printf                      0x080006d5   Thumb Code     2  _printf_fp_dec.o(.text)
    _printf_fp_dec_real                      0x08000887   Thumb Code   620  _printf_fp_dec.o(.text)
    _printf_char_common                      0x08000b03   Thumb Code    32  _printf_char_common.o(.text)
    _sputc                                   0x08000b29   Thumb Code    10  _sputc.o(.text)
    _snputc                                  0x08000b33   Thumb Code    16  _snputc.o(.text)
    __rt_locale                              0x08000b45   Thumb Code     8  rt_locale_intlibspace.o(.text)
    _ll_udiv10                               0x08000b4d   Thumb Code   138  lludiv10.o(.text)
    _printf_fp_infnan                        0x08000bd9   Thumb Code   112  _printf_fp_infnan.o(.text)
    _btod_etento                             0x08000c59   Thumb Code   224  bigflt0.o(.text)
    __user_libspace                          0x08000d3d   Thumb Code     8  libspace.o(.text)
    __user_perproc_libspace                  0x08000d3d   Thumb Code     0  libspace.o(.text)
    __user_perthread_libspace                0x08000d3d   Thumb Code     0  libspace.o(.text)
    __user_setup_stackheap                   0x08000d45   Thumb Code    74  sys_stackheap_outer.o(.text)
    exit                                     0x08000d8f   Thumb Code    18  exit.o(.text)
    strcmp                                   0x08000da1   Thumb Code   128  strcmpv7m.o(.text)
    _btod_d2e                                0x08000e21   Thumb Code    62  btod.o(CL$$btod_d2e)
    _d2e_denorm_low                          0x08000e5f   Thumb Code    70  btod.o(CL$$btod_d2e_denorm_low)
    _d2e_norm_op1                            0x08000ea5   Thumb Code    96  btod.o(CL$$btod_d2e_norm_op1)
    __btod_div_common                        0x08000f05   Thumb Code   696  btod.o(CL$$btod_div_common)
    _e2e                                     0x0800123d   Thumb Code   220  btod.o(CL$$btod_e2e)
    _btod_ediv                               0x08001319   Thumb Code    42  btod.o(CL$$btod_ediv)
    _btod_emul                               0x08001343   Thumb Code    42  btod.o(CL$$btod_emul)
    __btod_mult_common                       0x0800136d   Thumb Code   580  btod.o(CL$$btod_mult_common)
    BusFault_Handler                         0x080015b1   Thumb Code     2  stm32l4xx_it.o(i.BusFault_Handler)
    DebugMon_Handler                         0x080015b3   Thumb Code     2  stm32l4xx_it.o(i.DebugMon_Handler)
    Error_Handler                            0x080015b5   Thumb Code     4  main.o(i.Error_Handler)
    HAL_DMA_Abort                            0x080015b9   Thumb Code    74  stm32l4xx_hal_dma.o(i.HAL_DMA_Abort)
    HAL_DMA_Abort_IT                         0x08001603   Thumb Code    78  stm32l4xx_hal_dma.o(i.HAL_DMA_Abort_IT)
    HAL_GPIO_Init                            0x08001651   Thumb Code   434  stm32l4xx_hal_gpio.o(i.HAL_GPIO_Init)
    HAL_GPIO_WritePin                        0x08001827   Thumb Code    10  stm32l4xx_hal_gpio.o(i.HAL_GPIO_WritePin)
    HAL_GetTick                              0x08001831   Thumb Code     6  stm32l4xx_hal.o(i.HAL_GetTick)
    HAL_IncTick                              0x0800183d   Thumb Code    12  stm32l4xx_hal.o(i.HAL_IncTick)
    HAL_Init                                 0x0800184d   Thumb Code    30  stm32l4xx_hal.o(i.HAL_Init)
    HAL_InitTick                             0x0800186d   Thumb Code    58  stm32l4xx_hal.o(i.HAL_InitTick)
    HAL_MspInit                              0x080018b1   Thumb Code    38  stm32l4xx_hal_msp.o(i.HAL_MspInit)
    HAL_NVIC_EnableIRQ                       0x080018dd   Thumb Code    26  stm32l4xx_hal_cortex.o(i.HAL_NVIC_EnableIRQ)
    HAL_NVIC_SetPriority                     0x080018f9   Thumb Code    60  stm32l4xx_hal_cortex.o(i.HAL_NVIC_SetPriority)
    HAL_NVIC_SetPriorityGrouping             0x08001939   Thumb Code    26  stm32l4xx_hal_cortex.o(i.HAL_NVIC_SetPriorityGrouping)
    HAL_PWREx_ControlVoltageScaling          0x0800195d   Thumb Code    90  stm32l4xx_hal_pwr_ex.o(i.HAL_PWREx_ControlVoltageScaling)
    HAL_PWREx_GetVoltageRange                0x080019c5   Thumb Code    10  stm32l4xx_hal_pwr_ex.o(i.HAL_PWREx_GetVoltageRange)
    HAL_RCC_ClockConfig                      0x080019d5   Thumb Code   304  stm32l4xx_hal_rcc.o(i.HAL_RCC_ClockConfig)
    HAL_RCC_GetPCLK1Freq                     0x08001b19   Thumb Code    24  stm32l4xx_hal_rcc.o(i.HAL_RCC_GetPCLK1Freq)
    HAL_RCC_GetPCLK2Freq                     0x08001b3d   Thumb Code    24  stm32l4xx_hal_rcc.o(i.HAL_RCC_GetPCLK2Freq)
    HAL_RCC_GetSysClockFreq                  0x08001b61   Thumb Code   150  stm32l4xx_hal_rcc.o(i.HAL_RCC_GetSysClockFreq)
    HAL_RCC_OscConfig                        0x08001c05   Thumb Code  1366  stm32l4xx_hal_rcc.o(i.HAL_RCC_OscConfig)
    HAL_SYSTICK_CLKSourceConfig              0x08002165   Thumb Code    24  stm32l4xx_hal_cortex.o(i.HAL_SYSTICK_CLKSourceConfig)
    HAL_SYSTICK_Config                       0x0800217d   Thumb Code    40  stm32l4xx_hal_cortex.o(i.HAL_SYSTICK_Config)
    HAL_UARTEx_RxEventCallback               0x080021a5   Thumb Code     2  stm32l4xx_hal_uart.o(i.HAL_UARTEx_RxEventCallback)
    HAL_UARTEx_WakeupCallback                0x080021a7   Thumb Code     2  stm32l4xx_hal_uart_ex.o(i.HAL_UARTEx_WakeupCallback)
    HAL_UART_ErrorCallback                   0x080021a9   Thumb Code     2  stm32l4xx_hal_uart.o(i.HAL_UART_ErrorCallback)
    HAL_UART_IRQHandler                      0x080021ad   Thumb Code   704  stm32l4xx_hal_uart.o(i.HAL_UART_IRQHandler)
    HAL_UART_Init                            0x08002475   Thumb Code   102  stm32l4xx_hal_uart.o(i.HAL_UART_Init)
    HAL_UART_MspInit                         0x080024dd   Thumb Code   248  uart.o(i.HAL_UART_MspInit)
    HAL_UART_Receive                         0x080025e9   Thumb Code   232  stm32l4xx_hal_uart.o(i.HAL_UART_Receive)
    HAL_UART_TxCpltCallback                  0x080026d9   Thumb Code    72  uart.o(i.HAL_UART_TxCpltCallback)
    HardFault_Handler                        0x0800272d   Thumb Code     2  stm32l4xx_it.o(i.HardFault_Handler)
    MX_GPIO_Init                             0x08002731   Thumb Code   102  gpio.o(i.MX_GPIO_Init)
    MX_USART1_UART_Init                      0x0800279d   Thumb Code    52  usart.o(i.MX_USART1_UART_Init)
    MX_USART2_UART_Init                      0x080027d9   Thumb Code    52  usart.o(i.MX_USART2_UART_Init)
    MX_USART3_UART_Init                      0x08002815   Thumb Code    52  usart.o(i.MX_USART3_UART_Init)
    MemManage_Handler                        0x08002851   Thumb Code     2  stm32l4xx_it.o(i.MemManage_Handler)
    NMI_Handler                              0x08002853   Thumb Code     2  stm32l4xx_it.o(i.NMI_Handler)
    PendSV_Handler                           0x08002855   Thumb Code     2  stm32l4xx_it.o(i.PendSV_Handler)
    SVC_Handler                              0x080028d5   Thumb Code     2  stm32l4xx_it.o(i.SVC_Handler)
    SysTick_Handler                          0x080028d7   Thumb Code     4  stm32l4xx_it.o(i.SysTick_Handler)
    SystemClock_Config                       0x080028db   Thumb Code   110  main.o(i.SystemClock_Config)
    SystemInit                               0x08002949   Thumb Code    12  system_stm32l4xx.o(i.SystemInit)
    UART_AdvFeatureConfig                    0x08002959   Thumb Code   200  stm32l4xx_hal_uart.o(i.UART_AdvFeatureConfig)
    UART_CheckIdleState                      0x08002a21   Thumb Code   168  stm32l4xx_hal_uart.o(i.UART_CheckIdleState)
    UART_SetConfig                           0x08002b29   Thumb Code   478  stm32l4xx_hal_uart.o(i.UART_SetConfig)
    UART_WaitOnFlagUntilTimeout              0x08002d29   Thumb Code   148  stm32l4xx_hal_uart.o(i.UART_WaitOnFlagUntilTimeout)
    USART1_IRQHandler                        0x08002dbd   Thumb Code   534  uart.o(i.USART1_IRQHandler)
    USART2_IRQHandler                        0x08003025   Thumb Code   124  uart.o(i.USART2_IRQHandler)
    USART3_IRQHandler                        0x080030b1   Thumb Code   124  uart.o(i.USART3_IRQHandler)
    Uart3_SendNonBlocking                    0x0800313d   Thumb Code    90  uart.o(i.Uart3_SendNonBlocking)
    UsageFault_Handler                       0x080031a5   Thumb Code     2  stm32l4xx_it.o(i.UsageFault_Handler)
    __ARM_fpclassify                         0x080031a7   Thumb Code    48  fpclassify.o(i.__ARM_fpclassify)
    _is_digit                                0x080031f7   Thumb Code    14  __printf_wp.o(i._is_digit)
    _sys_exit                                0x08003205   Thumb Code     2  uart.o(i._sys_exit)
    delay_init                               0x08003209   Thumb Code    16  delay.o(i.delay_init)
    main                                     0x0800321d   Thumb Code    54  main.o(i.main)
    uart3_init                               0x0800392d   Thumb Code    66  uart.o(i.uart3_init)
    uart_init                                0x08003979   Thumb Code    62  uart.o(i.uart_init)
    _get_lc_numeric                          0x080039c1   Thumb Code    44  lc_numeric_c.o(locale$$code)
    __fpl_dretinf                            0x080039ed   Thumb Code    12  dretinf.o(x$fpl$dretinf)
    __aeabi_f2d                              0x080039f9   Thumb Code     0  f2d.o(x$fpl$f2d)
    _f2d                                     0x080039f9   Thumb Code    86  f2d.o(x$fpl$f2d)
    __fpl_fnaninf                            0x08003a4f   Thumb Code   140  fnaninf.o(x$fpl$fnaninf)
    _fp_init                                 0x08003adb   Thumb Code    10  fpinit.o(x$fpl$fpinit)
    __fplib_config_fpu_vfp                   0x08003ae3   Thumb Code     0  fpinit.o(x$fpl$fpinit)
    __fplib_config_pureend_doubles           0x08003ae3   Thumb Code     0  fpinit.o(x$fpl$fpinit)
    _printf_fp_dec                           0x08003ae5   Thumb Code     4  printf1.o(x$fpl$printf1)
    AHBPrescTable                            0x08003ae8   Data          16  system_stm32l4xx.o(.constdata)
    __I$use$fp                               0x08003ae8   Number         0  usenofp.o(x$fpl$usenofp)
    MSIRangeTable                            0x08003af8   Data          48  system_stm32l4xx.o(.constdata)
    APBPrescTable                            0x08003b28   Data           8  system_stm32l4xx.o(.constdata)
    Region$$Table$$Base                      0x08004708   Number         0  anon$$obj.o(Region$$Table)
    Region$$Table$$Limit                     0x08004728   Number         0  anon$$obj.o(Region$$Table)
    uwTickFreq                               0x20000000   Data           1  stm32l4xx_hal.o(.data)
    uwTickPrio                               0x20000004   Data           4  stm32l4xx_hal.o(.data)
    uwTick                                   0x20000008   Data           4  stm32l4xx_hal.o(.data)
    SystemCoreClock                          0x2000000c   Data           4  system_stm32l4xx.o(.data)
    tx_sending                               0x20000014   Data           1  uart.o(.data)
    mavlink                                  0x20000015   Data           1  uart.o(.data)
    mavlink1                                 0x20000016   Data           1  uart.o(.data)
    mavlink2                                 0x20000017   Data           1  uart.o(.data)
    tx_write_pos                             0x20000018   Data           2  uart.o(.data)
    tx_read_pos                              0x2000001a   Data           2  uart.o(.data)
    tx_head                                  0x2000001c   Data           2  uart.o(.data)
    tx_tail                                  0x2000001e   Data           2  uart.o(.data)
    USART_RX_STA                             0x20000020   Data           2  uart.o(.data)
    USART2_RX_STA                            0x20000022   Data           2  uart.o(.data)
    USART3_RX_STA                            0x20000024   Data           2  uart.o(.data)
    huart1                                   0x20000028   Data         136  usart.o(.bss)
    huart2                                   0x200000b0   Data         136  usart.o(.bss)
    huart3                                   0x20000138   Data         136  usart.o(.bss)
    uart3_tx_buf                             0x200006c0   Data        1024  uart.o(.bss)
    tx_buffer                                0x20000ac0   Data        1024  uart.o(.bss)
    USART_RX_BUF                             0x20000ec0   Data        1024  uart.o(.bss)
    USART3_RX_BUF                            0x200012c0   Data        1024  uart.o(.bss)
    USART2_RX_BUF                            0x200016c0   Data        1024  uart.o(.bss)
    UART1_Handler                            0x20001ac0   Data         136  uart.o(.bss)
    UART2_Handler                            0x20001b48   Data         136  uart.o(.bss)
    UART3_Handler                            0x20001bd0   Data         136  uart.o(.bss)
    msg                                      0x20001c58   Data         296  uart.o(.bss)
    status                                   0x20001d80   Data          24  uart.o(.bss)
    attitude                                 0x20001d98   Data          28  uart.o(.bss)
    battery_status                           0x20001db4   Data          56  uart.o(.bss)
    vfr_hud                                  0x20001dec   Data          20  uart.o(.bss)
    __libspace_start                         0x20001e00   Data          96  libspace.o(.bss)
    __temporary_stack_top$libspace           0x20001e60   Data           0  libspace.o(.bss)



==============================================================================

Memory Map of the image

  Image Entry point : 0x0800018d

  Load Region LR_IROM1 (Base: 0x08000000, Size: 0x0000476c, Max: 0x00040000, ABSOLUTE)

    Execution Region ER_IROM1 (Exec base: 0x08000000, Load base: 0x08000000, Size: 0x00004744, Max: 0x00040000, ABSOLUTE)

    Exec Addr    Load Addr    Size         Type   Attr      Idx    E Section Name        Object

    0x08000000   0x08000000   0x0000018c   Data   RO            3    RESET               startup_stm32l431xx.o
    0x0800018c   0x0800018c   0x00000008   Code   RO         4065  * !!!main             c_w.l(__main.o)
    0x08000194   0x08000194   0x00000034   Code   RO         4295    !!!scatter          c_w.l(__scatter.o)
    0x080001c8   0x080001c8   0x0000001a   Code   RO         4297    !!handler_copy      c_w.l(__scatter_copy.o)
    0x080001e2   0x080001e2   0x00000002   PAD
    0x080001e4   0x080001e4   0x0000001c   Code   RO         4299    !!handler_zi        c_w.l(__scatter_zi.o)
    0x08000200   0x08000200   0x00000000   Code   RO         4050    .ARM.Collect$$_printf_percent$$00000000  c_w.l(_printf_percent.o)
    0x08000200   0x08000200   0x00000006   Code   RO         4049    .ARM.Collect$$_printf_percent$$00000003  c_w.l(_printf_f.o)
    0x08000206   0x08000206   0x00000004   Code   RO         4086    .ARM.Collect$$_printf_percent$$00000017  c_w.l(_printf_percent_end.o)
    0x0800020a   0x0800020a   0x00000002   Code   RO         4170    .ARM.Collect$$libinit$$00000000  c_w.l(libinit.o)
    0x0800020c   0x0800020c   0x00000004   Code   RO         4171    .ARM.Collect$$libinit$$00000001  c_w.l(libinit2.o)
    0x08000210   0x08000210   0x00000000   Code   RO         4174    .ARM.Collect$$libinit$$00000004  c_w.l(libinit2.o)
    0x08000210   0x08000210   0x00000000   Code   RO         4177    .ARM.Collect$$libinit$$0000000A  c_w.l(libinit2.o)
    0x08000210   0x08000210   0x00000000   Code   RO         4179    .ARM.Collect$$libinit$$0000000C  c_w.l(libinit2.o)
    0x08000210   0x08000210   0x00000000   Code   RO         4181    .ARM.Collect$$libinit$$0000000E  c_w.l(libinit2.o)
    0x08000210   0x08000210   0x00000006   Code   RO         4182    .ARM.Collect$$libinit$$0000000F  c_w.l(libinit2.o)
    0x08000216   0x08000216   0x00000000   Code   RO         4184    .ARM.Collect$$libinit$$00000011  c_w.l(libinit2.o)
    0x08000216   0x08000216   0x00000000   Code   RO         4186    .ARM.Collect$$libinit$$00000013  c_w.l(libinit2.o)
    0x08000216   0x08000216   0x00000000   Code   RO         4188    .ARM.Collect$$libinit$$00000015  c_w.l(libinit2.o)
    0x08000216   0x08000216   0x0000000a   Code   RO         4189    .ARM.Collect$$libinit$$00000016  c_w.l(libinit2.o)
    0x08000220   0x08000220   0x00000000   Code   RO         4190    .ARM.Collect$$libinit$$00000017  c_w.l(libinit2.o)
    0x08000220   0x08000220   0x00000000   Code   RO         4192    .ARM.Collect$$libinit$$00000019  c_w.l(libinit2.o)
    0x08000220   0x08000220   0x00000000   Code   RO         4194    .ARM.Collect$$libinit$$0000001B  c_w.l(libinit2.o)
    0x08000220   0x08000220   0x00000000   Code   RO         4196    .ARM.Collect$$libinit$$0000001D  c_w.l(libinit2.o)
    0x08000220   0x08000220   0x00000000   Code   RO         4198    .ARM.Collect$$libinit$$0000001F  c_w.l(libinit2.o)
    0x08000220   0x08000220   0x00000000   Code   RO         4200    .ARM.Collect$$libinit$$00000021  c_w.l(libinit2.o)
    0x08000220   0x08000220   0x00000000   Code   RO         4202    .ARM.Collect$$libinit$$00000023  c_w.l(libinit2.o)
    0x08000220   0x08000220   0x00000000   Code   RO         4204    .ARM.Collect$$libinit$$00000025  c_w.l(libinit2.o)
    0x08000220   0x08000220   0x00000000   Code   RO         4208    .ARM.Collect$$libinit$$0000002C  c_w.l(libinit2.o)
    0x08000220   0x08000220   0x00000000   Code   RO         4210    .ARM.Collect$$libinit$$0000002E  c_w.l(libinit2.o)
    0x08000220   0x08000220   0x00000000   Code   RO         4212    .ARM.Collect$$libinit$$00000030  c_w.l(libinit2.o)
    0x08000220   0x08000220   0x00000000   Code   RO         4214    .ARM.Collect$$libinit$$00000032  c_w.l(libinit2.o)
    0x08000220   0x08000220   0x00000002   Code   RO         4215    .ARM.Collect$$libinit$$00000033  c_w.l(libinit2.o)
    0x08000222   0x08000222   0x00000002   Code   RO         4257    .ARM.Collect$$libshutdown$$00000000  c_w.l(libshutdown.o)
    0x08000224   0x08000224   0x00000000   Code   RO         4276    .ARM.Collect$$libshutdown$$00000002  c_w.l(libshutdown2.o)
    0x08000224   0x08000224   0x00000000   Code   RO         4278    .ARM.Collect$$libshutdown$$00000004  c_w.l(libshutdown2.o)
    0x08000224   0x08000224   0x00000000   Code   RO         4280    .ARM.Collect$$libshutdown$$00000006  c_w.l(libshutdown2.o)
    0x08000224   0x08000224   0x00000000   Code   RO         4283    .ARM.Collect$$libshutdown$$00000009  c_w.l(libshutdown2.o)
    0x08000224   0x08000224   0x00000000   Code   RO         4286    .ARM.Collect$$libshutdown$$0000000C  c_w.l(libshutdown2.o)
    0x08000224   0x08000224   0x00000000   Code   RO         4288    .ARM.Collect$$libshutdown$$0000000E  c_w.l(libshutdown2.o)
    0x08000224   0x08000224   0x00000000   Code   RO         4291    .ARM.Collect$$libshutdown$$00000011  c_w.l(libshutdown2.o)
    0x08000224   0x08000224   0x00000002   Code   RO         4292    .ARM.Collect$$libshutdown$$00000012  c_w.l(libshutdown2.o)
    0x08000226   0x08000226   0x00000000   Code   RO         4073    .ARM.Collect$$rtentry$$00000000  c_w.l(__rtentry.o)
    0x08000226   0x08000226   0x00000000   Code   RO         4093    .ARM.Collect$$rtentry$$00000002  c_w.l(__rtentry2.o)
    0x08000226   0x08000226   0x00000006   Code   RO         4105    .ARM.Collect$$rtentry$$00000004  c_w.l(__rtentry4.o)
    0x0800022c   0x0800022c   0x00000000   Code   RO         4095    .ARM.Collect$$rtentry$$00000009  c_w.l(__rtentry2.o)
    0x0800022c   0x0800022c   0x00000004   Code   RO         4096    .ARM.Collect$$rtentry$$0000000A  c_w.l(__rtentry2.o)
    0x08000230   0x08000230   0x00000000   Code   RO         4098    .ARM.Collect$$rtentry$$0000000C  c_w.l(__rtentry2.o)
    0x08000230   0x08000230   0x00000008   Code   RO         4099    .ARM.Collect$$rtentry$$0000000D  c_w.l(__rtentry2.o)
    0x08000238   0x08000238   0x00000002   Code   RO         4216    .ARM.Collect$$rtexit$$00000000  c_w.l(rtexit.o)
    0x0800023a   0x0800023a   0x00000000   Code   RO         4229    .ARM.Collect$$rtexit$$00000002  c_w.l(rtexit2.o)
    0x0800023a   0x0800023a   0x00000004   Code   RO         4230    .ARM.Collect$$rtexit$$00000003  c_w.l(rtexit2.o)
    0x0800023e   0x0800023e   0x00000006   Code   RO         4231    .ARM.Collect$$rtexit$$00000004  c_w.l(rtexit2.o)
    0x08000244   0x08000244   0x00000040   Code   RO            4    .text               startup_stm32l431xx.o
    0x08000284   0x08000284   0x00000002   Code   RO         4019    .text               c_w.l(use_no_semi_2.o)
    0x08000286   0x08000286   0x000000ee   Code   RO         4021    .text               c_w.l(lludivv7m.o)
    0x08000374   0x08000374   0x00000034   Code   RO         4025    .text               c_w.l(noretval__2snprintf.o)
    0x080003a8   0x080003a8   0x0000010e   Code   RO         4037    .text               c_w.l(__printf_wp.o)
    0x080004b6   0x080004b6   0x00000058   Code   RO         4051    .text               c_w.l(memcmp.o)
    0x0800050e   0x0800050e   0x0000003e   Code   RO         4053    .text               c_w.l(strlen.o)
    0x0800054c   0x0800054c   0x0000008a   Code   RO         4055    .text               c_w.l(rt_memcpy_v6.o)
    0x080005d6   0x080005d6   0x00000064   Code   RO         4057    .text               c_w.l(rt_memcpy_w.o)
    0x0800063a   0x0800063a   0x00000044   Code   RO         4059    .text               c_w.l(rt_memclr.o)
    0x0800067e   0x0800067e   0x0000004e   Code   RO         4061    .text               c_w.l(rt_memclr_w.o)
    0x080006cc   0x080006cc   0x00000006   Code   RO         4063    .text               c_w.l(heapauxi.o)
    0x080006d2   0x080006d2   0x00000002   Code   RO         4071    .text               c_w.l(use_no_semi.o)
    0x080006d4   0x080006d4   0x00000424   Code   RO         4078    .text               c_w.l(_printf_fp_dec.o)
    0x08000af8   0x08000af8   0x00000030   Code   RO         4080    .text               c_w.l(_printf_char_common.o)
    0x08000b28   0x08000b28   0x0000000a   Code   RO         4082    .text               c_w.l(_sputc.o)
    0x08000b32   0x08000b32   0x00000010   Code   RO         4084    .text               c_w.l(_snputc.o)
    0x08000b42   0x08000b42   0x00000002   PAD
    0x08000b44   0x08000b44   0x00000008   Code   RO         4112    .text               c_w.l(rt_locale_intlibspace.o)
    0x08000b4c   0x08000b4c   0x0000008a   Code   RO         4114    .text               c_w.l(lludiv10.o)
    0x08000bd6   0x08000bd6   0x00000002   PAD
    0x08000bd8   0x08000bd8   0x00000080   Code   RO         4116    .text               c_w.l(_printf_fp_infnan.o)
    0x08000c58   0x08000c58   0x000000e4   Code   RO         4120    .text               c_w.l(bigflt0.o)
    0x08000d3c   0x08000d3c   0x00000008   Code   RO         4152    .text               c_w.l(libspace.o)
    0x08000d44   0x08000d44   0x0000004a   Code   RO         4155    .text               c_w.l(sys_stackheap_outer.o)
    0x08000d8e   0x08000d8e   0x00000012   Code   RO         4157    .text               c_w.l(exit.o)
    0x08000da0   0x08000da0   0x00000080   Code   RO         4163    .text               c_w.l(strcmpv7m.o)
    0x08000e20   0x08000e20   0x0000003e   Code   RO         4123    CL$$btod_d2e        c_w.l(btod.o)
    0x08000e5e   0x08000e5e   0x00000046   Code   RO         4125    CL$$btod_d2e_denorm_low  c_w.l(btod.o)
    0x08000ea4   0x08000ea4   0x00000060   Code   RO         4124    CL$$btod_d2e_norm_op1  c_w.l(btod.o)
    0x08000f04   0x08000f04   0x00000338   Code   RO         4133    CL$$btod_div_common  c_w.l(btod.o)
    0x0800123c   0x0800123c   0x000000dc   Code   RO         4130    CL$$btod_e2e        c_w.l(btod.o)
    0x08001318   0x08001318   0x0000002a   Code   RO         4127    CL$$btod_ediv       c_w.l(btod.o)
    0x08001342   0x08001342   0x0000002a   Code   RO         4126    CL$$btod_emul       c_w.l(btod.o)
    0x0800136c   0x0800136c   0x00000244   Code   RO         4132    CL$$btod_mult_common  c_w.l(btod.o)
    0x080015b0   0x080015b0   0x00000002   Code   RO          938    i.BusFault_Handler  stm32l4xx_it.o
    0x080015b2   0x080015b2   0x00000002   Code   RO          939    i.DebugMon_Handler  stm32l4xx_it.o
    0x080015b4   0x080015b4   0x00000004   Code   RO           13    i.Error_Handler     main.o
    0x080015b8   0x080015b8   0x0000004a   Code   RO         2350    i.HAL_DMA_Abort     stm32l4xx_hal_dma.o
    0x08001602   0x08001602   0x0000004e   Code   RO         2351    i.HAL_DMA_Abort_IT  stm32l4xx_hal_dma.o
    0x08001650   0x08001650   0x000001d6   Code   RO         2250    i.HAL_GPIO_Init     stm32l4xx_hal_gpio.o
    0x08001826   0x08001826   0x0000000a   Code   RO         2254    i.HAL_GPIO_WritePin  stm32l4xx_hal_gpio.o
    0x08001830   0x08001830   0x0000000c   Code   RO         1531    i.HAL_GetTick       stm32l4xx_hal.o
    0x0800183c   0x0800183c   0x00000010   Code   RO         1537    i.HAL_IncTick       stm32l4xx_hal.o
    0x0800184c   0x0800184c   0x0000001e   Code   RO         1538    i.HAL_Init          stm32l4xx_hal.o
    0x0800186a   0x0800186a   0x00000002   PAD
    0x0800186c   0x0800186c   0x00000044   Code   RO         1539    i.HAL_InitTick      stm32l4xx_hal.o
    0x080018b0   0x080018b0   0x0000002c   Code   RO         1014    i.HAL_MspInit       stm32l4xx_hal_msp.o
    0x080018dc   0x080018dc   0x0000001a   Code   RO         2775    i.HAL_NVIC_EnableIRQ  stm32l4xx_hal_cortex.o
    0x080018f6   0x080018f6   0x00000002   PAD
    0x080018f8   0x080018f8   0x00000040   Code   RO         2781    i.HAL_NVIC_SetPriority  stm32l4xx_hal_cortex.o
    0x08001938   0x08001938   0x00000024   Code   RO         2782    i.HAL_NVIC_SetPriorityGrouping  stm32l4xx_hal_cortex.o
    0x0800195c   0x0800195c   0x00000068   Code   RO         2577    i.HAL_PWREx_ControlVoltageScaling  stm32l4xx_hal_pwr_ex.o
    0x080019c4   0x080019c4   0x00000010   Code   RO         2600    i.HAL_PWREx_GetVoltageRange  stm32l4xx_hal_pwr_ex.o
    0x080019d4   0x080019d4   0x00000144   Code   RO         1755    i.HAL_RCC_ClockConfig  stm32l4xx_hal_rcc.o
    0x08001b18   0x08001b18   0x00000024   Code   RO         1761    i.HAL_RCC_GetPCLK1Freq  stm32l4xx_hal_rcc.o
    0x08001b3c   0x08001b3c   0x00000024   Code   RO         1762    i.HAL_RCC_GetPCLK2Freq  stm32l4xx_hal_rcc.o
    0x08001b60   0x08001b60   0x000000a4   Code   RO         1764    i.HAL_RCC_GetSysClockFreq  stm32l4xx_hal_rcc.o
    0x08001c04   0x08001c04   0x00000560   Code   RO         1767    i.HAL_RCC_OscConfig  stm32l4xx_hal_rcc.o
    0x08002164   0x08002164   0x00000018   Code   RO         2784    i.HAL_SYSTICK_CLKSourceConfig  stm32l4xx_hal_cortex.o
    0x0800217c   0x0800217c   0x00000028   Code   RO         2786    i.HAL_SYSTICK_Config  stm32l4xx_hal_cortex.o
    0x080021a4   0x080021a4   0x00000002   Code   RO         1047    i.HAL_UARTEx_RxEventCallback  stm32l4xx_hal_uart.o
    0x080021a6   0x080021a6   0x00000002   Code   RO         1441    i.HAL_UARTEx_WakeupCallback  stm32l4xx_hal_uart_ex.o
    0x080021a8   0x080021a8   0x00000002   Code   RO         1063    i.HAL_UART_ErrorCallback  stm32l4xx_hal_uart.o
    0x080021aa   0x080021aa   0x00000002   PAD
    0x080021ac   0x080021ac   0x000002c8   Code   RO         1066    i.HAL_UART_IRQHandler  stm32l4xx_hal_uart.o
    0x08002474   0x08002474   0x00000066   Code   RO         1067    i.HAL_UART_Init     stm32l4xx_hal_uart.o
    0x080024da   0x080024da   0x00000002   PAD
    0x080024dc   0x080024dc   0x0000010c   Code   RO         3098    i.HAL_UART_MspInit  uart.o
    0x080025e8   0x080025e8   0x000000ee   Code   RO         1070    i.HAL_UART_Receive  stm32l4xx_hal_uart.o
    0x080026d6   0x080026d6   0x00000002   PAD
    0x080026d8   0x080026d8   0x00000054   Code   RO         3099    i.HAL_UART_TxCpltCallback  uart.o
    0x0800272c   0x0800272c   0x00000002   Code   RO          940    i.HardFault_Handler  stm32l4xx_it.o
    0x0800272e   0x0800272e   0x00000002   PAD
    0x08002730   0x08002730   0x0000006c   Code   RO          866    i.MX_GPIO_Init      gpio.o
    0x0800279c   0x0800279c   0x0000003c   Code   RO          891    i.MX_USART1_UART_Init  usart.o
    0x080027d8   0x080027d8   0x0000003c   Code   RO          892    i.MX_USART2_UART_Init  usart.o
    0x08002814   0x08002814   0x0000003c   Code   RO          893    i.MX_USART3_UART_Init  usart.o
    0x08002850   0x08002850   0x00000002   Code   RO          941    i.MemManage_Handler  stm32l4xx_it.o
    0x08002852   0x08002852   0x00000002   Code   RO          942    i.NMI_Handler       stm32l4xx_it.o
    0x08002854   0x08002854   0x00000002   Code   RO          943    i.PendSV_Handler    stm32l4xx_it.o
    0x08002856   0x08002856   0x00000002   PAD
    0x08002858   0x08002858   0x0000007c   Code   RO         1768    i.RCC_SetFlashLatencyFromMSIRange  stm32l4xx_hal_rcc.o
    0x080028d4   0x080028d4   0x00000002   Code   RO          944    i.SVC_Handler       stm32l4xx_it.o
    0x080028d6   0x080028d6   0x00000004   Code   RO          945    i.SysTick_Handler   stm32l4xx_it.o
    0x080028da   0x080028da   0x0000006e   Code   RO           14    i.SystemClock_Config  main.o
    0x08002948   0x08002948   0x00000010   Code   RO         2988    i.SystemInit        system_stm32l4xx.o
    0x08002958   0x08002958   0x000000c8   Code   RO         1081    i.UART_AdvFeatureConfig  stm32l4xx_hal_uart.o
    0x08002a20   0x08002a20   0x000000a8   Code   RO         1082    i.UART_CheckIdleState  stm32l4xx_hal_uart.o
    0x08002ac8   0x08002ac8   0x00000014   Code   RO         1083    i.UART_DMAAbortOnError  stm32l4xx_hal_uart.o
    0x08002adc   0x08002adc   0x0000004c   Code   RO         1093    i.UART_EndRxTransfer  stm32l4xx_hal_uart.o
    0x08002b28   0x08002b28   0x00000200   Code   RO         1097    i.UART_SetConfig    stm32l4xx_hal_uart.o
    0x08002d28   0x08002d28   0x00000094   Code   RO         1102    i.UART_WaitOnFlagUntilTimeout  stm32l4xx_hal_uart.o
    0x08002dbc   0x08002dbc   0x00000268   Code   RO         3100    i.USART1_IRQHandler  uart.o
    0x08003024   0x08003024   0x0000008c   Code   RO         3101    i.USART2_IRQHandler  uart.o
    0x080030b0   0x080030b0   0x0000008c   Code   RO         3102    i.USART3_IRQHandler  uart.o
    0x0800313c   0x0800313c   0x00000068   Code   RO         3103    i.Uart3_SendNonBlocking  uart.o
    0x080031a4   0x080031a4   0x00000002   Code   RO          946    i.UsageFault_Handler  stm32l4xx_it.o
    0x080031a6   0x080031a6   0x00000030   Code   RO         4150    i.__ARM_fpclassify  m_wm.l(fpclassify.o)
    0x080031d6   0x080031d6   0x00000020   Code   RO         2788    i.__NVIC_SetPriority  stm32l4xx_hal_cortex.o
    0x080031f6   0x080031f6   0x0000000e   Code   RO         4039    i._is_digit         c_w.l(__printf_wp.o)
    0x08003204   0x08003204   0x00000002   Code   RO         3104    i._sys_exit         uart.o
    0x08003206   0x08003206   0x00000002   PAD
    0x08003208   0x08003208   0x00000014   Code   RO         3025    i.delay_init        delay.o
    0x0800321c   0x0800321c   0x00000036   Code   RO           15    i.main              main.o
    0x08003252   0x08003252   0x00000002   PAD
    0x08003254   0x08003254   0x000002e6   Code   RO         3106    i.mavlink_frame_char_buffer  uart.o
    0x0800353a   0x0800353a   0x00000002   PAD
    0x0800353c   0x0800353c   0x0000012a   Code   RO         3107    i.mavlink_sha256_calc  uart.o
    0x08003666   0x08003666   0x0000008c   Code   RO         3108    i.mavlink_sha256_final_48  uart.o
    0x080036f2   0x080036f2   0x0000007e   Code   RO         3109    i.mavlink_sha256_update  uart.o
    0x08003770   0x08003770   0x00000198   Code   RO         3110    i.mavlink_signature_check  uart.o
    0x08003908   0x08003908   0x00000008   Code   RO         3111    i.mavlink_start_checksum  uart.o
    0x08003910   0x08003910   0x0000001c   Code   RO         3112    i.mavlink_update_checksum  uart.o
    0x0800392c   0x0800392c   0x0000004c   Code   RO         3114    i.uart3_init        uart.o
    0x08003978   0x08003978   0x00000048   Code   RO         3115    i.uart_init         uart.o
    0x080039c0   0x080039c0   0x0000002c   Code   RO         4146    locale$$code        c_w.l(lc_numeric_c.o)
    0x080039ec   0x080039ec   0x0000000c   Code   RO         4087    x$fpl$dretinf       fz_wm.l(dretinf.o)
    0x080039f8   0x080039f8   0x00000056   Code   RO         4067    x$fpl$f2d           fz_wm.l(f2d.o)
    0x08003a4e   0x08003a4e   0x0000008c   Code   RO         4089    x$fpl$fnaninf       fz_wm.l(fnaninf.o)
    0x08003ada   0x08003ada   0x0000000a   Code   RO         4226    x$fpl$fpinit        fz_wm.l(fpinit.o)
    0x08003ae4   0x08003ae4   0x00000004   Code   RO         4069    x$fpl$printf1       fz_wm.l(printf1.o)
    0x08003ae8   0x08003ae8   0x00000000   Code   RO         4091    x$fpl$usenofp       fz_wm.l(usenofp.o)
    0x08003ae8   0x08003ae8   0x00000040   Data   RO         2989    .constdata          system_stm32l4xx.o
    0x08003b28   0x08003b28   0x00000008   Data   RO         2990    .constdata          system_stm32l4xx.o
    0x08003b30   0x08003b30   0x00000b44   Data   RO         3122    .constdata          uart.o
    0x08004674   0x08004674   0x00000094   Data   RO         4121    .constdata          c_w.l(bigflt0.o)
    0x08004708   0x08004708   0x00000020   Data   RO         4293    Region$$Table       anon$$obj.o
    0x08004728   0x08004728   0x0000001c   Data   RO         4145    locale$$data        c_w.l(lc_numeric_c.o)


    Execution Region RW_IRAM2 (Exec base: 0x10000000, Load base: 0x0800476c, Size: 0x00000000, Max: 0x00004000, ABSOLUTE)

    **** No section assigned to this execution region ****


    Execution Region RW_IRAM1 (Exec base: 0x20000000, Load base: 0x08004744, Size: 0x00002460, Max: 0x0000c000, ABSOLUTE)

    Exec Addr    Load Addr    Size         Type   Attr      Idx    E Section Name        Object

    0x20000000   0x08004744   0x0000000c   Data   RW         1555    .data               stm32l4xx_hal.o
    0x2000000c   0x08004750   0x00000004   Data   RW         2991    .data               system_stm32l4xx.o
    0x20000010   0x08004754   0x00000004   Data   RW         3028    .data               delay.o
    0x20000014   0x08004758   0x00000012   Data   RW         3123    .data               uart.o
    0x20000026   0x0800476a   0x00000002   PAD
    0x20000028        -       0x00000198   Zero   RW          894    .bss                usart.o
    0x200001c0        -       0x00001c40   Zero   RW         3116    .bss                uart.o
    0x20001e00        -       0x00000060   Zero   RW         4153    .bss                c_w.l(libspace.o)
    0x20001e60        -       0x00000200   Zero   RW            2    HEAP                startup_stm32l431xx.o
    0x20002060        -       0x00000400   Zero   RW            1    STACK               startup_stm32l431xx.o


==============================================================================

Image component sizes


      Code (inc. data)   RO Data    RW Data    ZI Data      Debug   Object Name

        20          4          0          4          0       1545   delay.o
       108          6          0          0          0        907   gpio.o
       168          0          0          0          0     625204   main.o
        64         26        396          0       1536        836   startup_stm32l431xx.o
       126         20          0         12          0      11941   stm32l4xx_hal.o
       222         14          0          0          0      34413   stm32l4xx_hal_cortex.o
       152          0          0          0          0       1759   stm32l4xx_hal_dma.o
       480         30          0          0          0       2240   stm32l4xx_hal_gpio.o
        44          6          0          0          0        838   stm32l4xx_hal_msp.o
       120         20          0          0          0       1350   stm32l4xx_hal_pwr_ex.o
      2060         98          0          0          0       6932   stm32l4xx_hal_rcc.o
      2180         62          0          0          0      10800   stm32l4xx_hal_uart.o
         2          0          0          0          0       1008   stm32l4xx_hal_uart_ex.o
        20          0          0          0          0       4094   stm32l4xx_it.o
        16          4         72          4          0       1161   system_stm32l4xx.o
      3252        244       2884         18       7232     613774   uart.o
       180         24          0          0        408       1869   usart.o

    ----------------------------------------------------------------------
      9234        558       3384         40       9176    1320671   Object Totals
         0          0         32          0          0          0   (incl. Generated)
        20          0          0          2          0          0   (incl. Padding)

    ----------------------------------------------------------------------

      Code (inc. data)   RO Data    RW Data    ZI Data      Debug   Library Member Name

         8          0          0          0          0         68   __main.o
       284          0          0          0          0        156   __printf_wp.o
         0          0          0          0          0          0   __rtentry.o
        12          0          0          0          0          0   __rtentry2.o
         6          0          0          0          0          0   __rtentry4.o
        52          8          0          0          0          0   __scatter.o
        26          0          0          0          0          0   __scatter_copy.o
        28          0          0          0          0          0   __scatter_zi.o
        48          6          0          0          0         96   _printf_char_common.o
         6          0          0          0          0          0   _printf_f.o
      1060          0          0          0          0        216   _printf_fp_dec.o
       128         16          0          0          0         84   _printf_fp_infnan.o
         0          0          0          0          0          0   _printf_percent.o
         4          0          0          0          0          0   _printf_percent_end.o
        16          0          0          0          0         68   _snputc.o
        10          0          0          0          0         68   _sputc.o
       228          4        148          0          0         96   bigflt0.o
      1936        128          0          0          0        672   btod.o
        18          0          0          0          0         80   exit.o
         6          0          0          0          0        152   heapauxi.o
        44         10         28          0          0         76   lc_numeric_c.o
         2          0          0          0          0          0   libinit.o
        22          0          0          0          0          0   libinit2.o
         2          0          0          0          0          0   libshutdown.o
         2          0          0          0          0          0   libshutdown2.o
         8          4          0          0         96         68   libspace.o
       138          0          0          0          0         80   lludiv10.o
       238          0          0          0          0        100   lludivv7m.o
        88          0          0          0          0         76   memcmp.o
        52          4          0          0          0         84   noretval__2snprintf.o
         8          4          0          0          0         68   rt_locale_intlibspace.o
        68          0          0          0          0         68   rt_memclr.o
        78          0          0          0          0         80   rt_memclr_w.o
       138          0          0          0          0         68   rt_memcpy_v6.o
       100          0          0          0          0         80   rt_memcpy_w.o
         2          0          0          0          0          0   rtexit.o
        10          0          0          0          0          0   rtexit2.o
       128          0          0          0          0         68   strcmpv7m.o
        62          0          0          0          0         76   strlen.o
        74          0          0          0          0         80   sys_stackheap_outer.o
         2          0          0          0          0         68   use_no_semi.o
         2          0          0          0          0         68   use_no_semi_2.o
        12          0          0          0          0        116   dretinf.o
        86          4          0          0          0        132   f2d.o
       140          4          0          0          0        132   fnaninf.o
        10          0          0          0          0        116   fpinit.o
         4          0          0          0          0        116   printf1.o
         0          0          0          0          0          0   usenofp.o
        48          0          0          0          0        124   fpclassify.o

    ----------------------------------------------------------------------
      5450        192        176          0         96       3700   Library Totals
         6          0          0          0          0          0   (incl. Padding)

    ----------------------------------------------------------------------

      Code (inc. data)   RO Data    RW Data    ZI Data      Debug   Library Name

      5144        184        176          0         96       2964   c_w.l
       252          8          0          0          0        612   fz_wm.l
        48          0          0          0          0        124   m_wm.l

    ----------------------------------------------------------------------
      5450        192        176          0         96       3700   Library Totals

    ----------------------------------------------------------------------

==============================================================================


      Code (inc. data)   RO Data    RW Data    ZI Data      Debug   

     14684        750       3560         40       9272    1316107   Grand Totals
     14684        750       3560         40       9272    1316107   ELF Image Totals
     14684        750       3560         40          0          0   ROM Totals

==============================================================================

    Total RO  Size (Code + RO Data)                18244 (  17.82kB)
    Total RW  Size (RW Data + ZI Data)              9312 (   9.09kB)
    Total ROM Size (Code + RO Data + RW Data)      18284 (  17.86kB)

==============================================================================

