Component: ARM Compiler 5.06 update 7 (build 960) Tool: armlink [4d3601]

==============================================================================

Section Cross References

    startup_stm32l431xx.o(RESET) refers to startup_stm32l431xx.o(STACK) for __initial_sp
    startup_stm32l431xx.o(RESET) refers to startup_stm32l431xx.o(.text) for Reset_Handler
    startup_stm32l431xx.o(RESET) refers to stm32l4xx_it.o(i.NMI_Handler) for NMI_Handler
    startup_stm32l431xx.o(RESET) refers to stm32l4xx_it.o(i.HardFault_Handler) for HardFault_Handler
    startup_stm32l431xx.o(RESET) refers to stm32l4xx_it.o(i.MemManage_Handler) for MemManage_Handler
    startup_stm32l431xx.o(RESET) refers to stm32l4xx_it.o(i.BusFault_Handler) for BusFault_Handler
    startup_stm32l431xx.o(RESET) refers to stm32l4xx_it.o(i.UsageFault_Handler) for UsageFault_Handler
    startup_stm32l431xx.o(RESET) refers to port.o(.emb_text) for SVC_Handler
    startup_stm32l431xx.o(RESET) refers to stm32l4xx_it.o(i.DebugMon_Handler) for DebugMon_Handler
    startup_stm32l431xx.o(RESET) refers to stm32l4xx_it.o(i.SysTick_Handler) for SysTick_Handler
    startup_stm32l431xx.o(RESET) refers to exti.o(i.EXTI9_5_IRQHandler) for EXTI9_5_IRQHandler
    startup_stm32l431xx.o(RESET) refers to timer.o(i.TIM1_UP_TIM16_IRQHandler) for TIM1_UP_TIM16_IRQHandler
    startup_stm32l431xx.o(RESET) refers to usart.o(i.USART1_IRQHandler) for USART1_IRQHandler
    startup_stm32l431xx.o(RESET) refers to usart.o(i.USART2_IRQHandler) for USART2_IRQHandler
    startup_stm32l431xx.o(RESET) refers to usart.o(i.USART3_IRQHandler) for USART3_IRQHandler
    startup_stm32l431xx.o(.text) refers to system_stm32l4xx.o(i.SystemInit) for SystemInit
    startup_stm32l431xx.o(.text) refers to entry.o(.ARM.Collect$$$$00000000) for __main
    mpu6050.o(i.MPU6050_GetData) refers to mpu6050.o(i.MPU6050_ReadReg) for MPU6050_ReadReg
    mpu6050.o(i.MPU6050_GetID) refers to mpu6050.o(i.MPU6050_ReadReg) for MPU6050_ReadReg
    mpu6050.o(i.MPU6050_Init) refers to i2c.o(i.MX_I2C1_Init) for MX_I2C1_Init
    mpu6050.o(i.MPU6050_Init) refers to mpu6050.o(i.MPU6050_WriteReg) for MPU6050_WriteReg
    mpu6050.o(i.MPU6050_ReadReg) refers to stm32l4xx_hal_i2c.o(i.HAL_I2C_Mem_Read) for HAL_I2C_Mem_Read
    mpu6050.o(i.MPU6050_ReadReg) refers to i2c.o(.bss) for hi2c1
    mpu6050.o(i.MPU6050_WriteReg) refers to stm32l4xx_hal_i2c.o(i.HAL_I2C_Mem_Write) for HAL_I2C_Mem_Write
    mpu6050.o(i.MPU6050_WriteReg) refers to i2c.o(.bss) for hi2c1
    ms5611.o(i.get_Altitude) refers to ms5611.o(i.get_pressure) for get_pressure
    ms5611.o(i.get_Altitude) refers to dflti.o(.text) for __aeabi_i2d
    ms5611.o(i.get_Altitude) refers to ddiv.o(.text) for __aeabi_ddiv
    ms5611.o(i.get_Altitude) refers to d2f.o(.text) for __aeabi_d2f
    ms5611.o(i.get_Altitude) refers to f2d.o(.text) for __aeabi_f2d
    ms5611.o(i.get_Altitude) refers to pow.o(i.__hardfp_pow) for __hardfp_pow
    ms5611.o(i.get_Altitude) refers to dadd.o(.text) for __aeabi_drsub
    ms5611.o(i.get_Altitude) refers to dmul.o(.text) for __aeabi_dmul
    ms5611.o(i.get_Altitude) refers to ms5611.o(.data) for .data
    ms5611.o(i.get_pressure) refers to stm32l4xx_hal_gpio.o(i.HAL_GPIO_WritePin) for HAL_GPIO_WritePin
    ms5611.o(i.get_pressure) refers to spi.o(i.SPI1_Read_Write_Byte) for SPI1_Read_Write_Byte
    ms5611.o(i.get_pressure) refers to stm32l4xx_hal.o(i.HAL_Delay) for HAL_Delay
    ms5611.o(i.get_pressure) refers to ms5611.o(i.ms5611_read_adc) for ms5611_read_adc
    ms5611.o(i.get_pressure) refers to ffltl.o(.text) for __aeabi_l2f
    ms5611.o(i.get_pressure) refers to ffixl.o(.text) for __aeabi_f2lz
    ms5611.o(i.get_pressure) refers to ms5611.o(.bss) for .bss
    ms5611.o(i.get_pressure) refers to ms5611.o(.data) for .data
    ms5611.o(i.get_temp) refers to stm32l4xx_hal_gpio.o(i.HAL_GPIO_WritePin) for HAL_GPIO_WritePin
    ms5611.o(i.get_temp) refers to spi.o(i.SPI1_Read_Write_Byte) for SPI1_Read_Write_Byte
    ms5611.o(i.get_temp) refers to stm32l4xx_hal.o(i.HAL_Delay) for HAL_Delay
    ms5611.o(i.get_temp) refers to ms5611.o(i.ms5611_read_adc) for ms5611_read_adc
    ms5611.o(i.get_temp) refers to ms5611.o(.bss) for .bss
    ms5611.o(i.get_temp) refers to ms5611.o(.data) for .data
    ms5611.o(i.ms5611_ba_reset) refers to stm32l4xx_hal_gpio.o(i.HAL_GPIO_WritePin) for HAL_GPIO_WritePin
    ms5611.o(i.ms5611_ba_reset) refers to spi.o(i.SPI1_Read_Write_Byte) for SPI1_Read_Write_Byte
    ms5611.o(i.ms5611_ba_reset) refers to stm32l4xx_hal.o(i.HAL_Delay) for HAL_Delay
    ms5611.o(i.ms5611_init) refers to ms5611.o(i.ms5611_ba_reset) for ms5611_ba_reset
    ms5611.o(i.ms5611_init) refers to ms5611.o(i.read_prom_data) for read_prom_data
    ms5611.o(i.ms5611_read) refers to stm32l4xx_hal_gpio.o(i.HAL_GPIO_WritePin) for HAL_GPIO_WritePin
    ms5611.o(i.ms5611_read) refers to spi.o(i.SPI1_Read_Write_Byte) for SPI1_Read_Write_Byte
    ms5611.o(i.ms5611_read_adc) refers to stm32l4xx_hal_gpio.o(i.HAL_GPIO_WritePin) for HAL_GPIO_WritePin
[...]

    BuildAttributes$$THM_ISAv4$E$P$D$K$B$S$7EM$VFPi3$EXTD16$VFPS$VFMA$PE$A:L22UL41UL21$X:L11$S22US41US21$IEEE1$IW$USESV6$~STKCKD$USESV7$~SHL$OTIME$ROPI$IEEEX$EBA8$MICROLIB$REQ8$PRES8$EABIv2 0x00000000   Number         0  anon$$obj.o ABSOLUTE
    __ARM_use_no_argv                        0x00000000   Number         0  main.o ABSOLUTE
    __use_no_errno                           0x00000000   Number         0  useno.o ABSOLUTE
    __use_no_exception_handling              0x00000000   Number         0  useno.o ABSOLUTE
    __use_no_fp                              0x00000000   Number         0  useno.o ABSOLUTE
    __use_no_heap                            0x00000000   Number         0  useno.o ABSOLUTE
    __use_no_heap_region                     0x00000000   Number         0  useno.o ABSOLUTE
    __use_no_semihosting                     0x00000000   Number         0  useno.o ABSOLUTE
    __use_no_semihosting_swi                 0x00000000   Number         0  useno.o ABSOLUTE
    __use_no_signal_handling                 0x00000000   Number         0  useno.o ABSOLUTE
    _printf_a                                0x00000000   Number         0  stubs.o ABSOLUTE
    _printf_c                                0x00000000   Number         0  stubs.o ABSOLUTE
    _printf_charcount                        0x00000000   Number         0  stubs.o ABSOLUTE
    _printf_d                                0x00000000   Number         0  stubs.o ABSOLUTE
    _printf_e                                0x00000000   Number         0  stubs.o ABSOLUTE
    _printf_f                                0x00000000   Number         0  stubs.o ABSOLUTE
    _printf_flags                            0x00000000   Number         0  stubs.o ABSOLUTE
    _printf_fp_dec                           0x00000000   Number         0  stubs.o ABSOLUTE
    _printf_fp_hex                           0x00000000   Number         0  stubs.o ABSOLUTE
    _printf_g                                0x00000000   Number         0  stubs.o ABSOLUTE
    _printf_i                                0x00000000   Number         0  stubs.o ABSOLUTE
    _printf_int_dec                          0x00000000   Number         0  stubs.o ABSOLUTE
    _printf_l                                0x00000000   Number         0  stubs.o ABSOLUTE
    _printf_lc                               0x00000000   Number         0  stubs.o ABSOLUTE
    _printf_ll                               0x00000000   Number         0  stubs.o ABSOLUTE
    _printf_lld                              0x00000000   Number         0  stubs.o ABSOLUTE
    _printf_lli                              0x00000000   Number         0  stubs.o ABSOLUTE
    _printf_llo                              0x00000000   Number         0  stubs.o ABSOLUTE
    _printf_llu                              0x00000000   Number         0  stubs.o ABSOLUTE
    _printf_llx                              0x00000000   Number         0  stubs.o ABSOLUTE
    _printf_longlong_dec                     0x00000000   Number         0  stubs.o ABSOLUTE
    _printf_longlong_hex                     0x00000000   Number         0  stubs.o ABSOLUTE
    _printf_longlong_oct                     0x00000000   Number         0  stubs.o ABSOLUTE
    _printf_ls                               0x00000000   Number         0  stubs.o ABSOLUTE
    _printf_mbtowc                           0x00000000   Number         0  stubs.o ABSOLUTE
    _printf_n                                0x00000000   Number         0  stubs.o ABSOLUTE
    _printf_o                                0x00000000   Number         0  stubs.o ABSOLUTE
    _printf_p                                0x00000000   Number         0  stubs.o ABSOLUTE
    _printf_percent                          0x00000000   Number         0  stubs.o ABSOLUTE
    _printf_pre_padding                      0x00000000   Number         0  stubs.o ABSOLUTE
    _printf_return_value                     0x00000000   Number         0  stubs.o ABSOLUTE
    _printf_s                                0x00000000   Number         0  stubs.o ABSOLUTE
    _printf_sizespec                         0x00000000   Number         0  stubs.o ABSOLUTE
    _printf_str                              0x00000000   Number         0  stubs.o ABSOLUTE
    _printf_truncate_signed                  0x00000000   Number         0  stubs.o ABSOLUTE
    _printf_truncate_unsigned                0x00000000   Number         0  stubs.o ABSOLUTE
    _printf_u                                0x00000000   Number         0  stubs.o ABSOLUTE
    _printf_wc                               0x00000000   Number         0  stubs.o ABSOLUTE
    _printf_wctomb                           0x00000000   Number         0  stubs.o ABSOLUTE
    _printf_widthprec                        0x00000000   Number         0  stubs.o ABSOLUTE
    _printf_x                                0x00000000   Number         0  stubs.o ABSOLUTE
    __arm_fini_                               - Undefined Weak Reference
    __cpp_initialize__aeabi_                  - Undefined Weak Reference
    __cxa_finalize                            - Undefined Weak Reference
    _clock_init                               - Undefined Weak Reference
    _microlib_exit                            - Undefined Weak Reference
    __Vectors_Size                           0x0000018c   Number         0  startup_stm32l431xx.o ABSOLUTE
    __Vectors                                0x08000000   Data           4  startup_stm32l431xx.o(RESET)
    __Vectors_End                            0x0800018c   Data           0  startup_stm32l431xx.o(RESET)
    __main                                   0x0800018d   Thumb Code     0  entry.o(.ARM.Collect$$$$00000000)
    _main_stk                                0x0800018d   Thumb Code     0  entry2.o(.ARM.Collect$$$$00000001)
    _main_scatterload                        0x08000191   Thumb Code     0  entry5.o(.ARM.Collect$$$$00000004)
    __main_after_scatterload                 0x08000195   Thumb Code     0  entry5.o(.ARM.Collect$$$$00000004)
    _main_clock                              0x08000195   Thumb Code     0  entry7b.o(.ARM.Collect$$$$00000008)
    _main_cpp_init                           0x08000195   Thumb Code     0  entry8b.o(.ARM.Collect$$$$0000000A)
    _main_init                               0x08000195   Thumb Code     0  entry9a.o(.ARM.Collect$$$$0000000B)
    __rt_lib_shutdown_fini                   0x0800019d   Thumb Code     0  entry12b.o(.ARM.Collect$$$$0000000E)
    __rt_final_cpp                           0x080001a1   Thumb Code     0  entry10a.o(.ARM.Collect$$$$0000000F)
    __rt_final_exit                          0x080001a1   Thumb Code     0  entry11a.o(.ARM.Collect$$$$00000011)
    SVC_Handler                              0x080001a5   Thumb Code    28  port.o(.emb_text)
    __asm___6_port_c_39a90d8d__prvStartFirstTask 0x080001c5   Thumb Code    36  port.o(.emb_text)
    __asm___6_port_c_39a90d8d__prvEnableVFP  0x080001ed   Thumb Code    16  port.o(.emb_text)
    PendSV_Handler                           0x08000201   Thumb Code    88  port.o(.emb_text)
    vPortGetIPSR                             0x0800025d   Thumb Code     6  port.o(.emb_text)
    Reset_Handler                            0x08000285   Thumb Code     8  startup_stm32l431xx.o(.text)
    ADC1_IRQHandler                          0x0800029f   Thumb Code     0  startup_stm32l431xx.o(.text)
    CAN1_RX0_IRQHandler                      0x0800029f   Thumb Code     0  startup_stm32l431xx.o(.text)
    CAN1_RX1_IRQHandler                      0x0800029f   Thumb Code     0  startup_stm32l431xx.o(.text)
    CAN1_SCE_IRQHandler                      0x0800029f   Thumb Code     0  startup_stm32l431xx.o(.text)
    CAN1_TX_IRQHandler                       0x0800029f   Thumb Code     0  startup_stm32l431xx.o(.text)
    COMP_IRQHandler                          0x0800029f   Thumb Code     0  startup_stm32l431xx.o(.text)
    CRS_IRQHandler                           0x0800029f   Thumb Code     0  startup_stm32l431xx.o(.text)
    DMA1_Channel1_IRQHandler                 0x0800029f   Thumb Code     0  startup_stm32l431xx.o(.text)
    DMA1_Channel2_IRQHandler                 0x0800029f   Thumb Code     0  startup_stm32l431xx.o(.text)
    DMA1_Channel3_IRQHandler                 0x0800029f   Thumb Code     0  startup_stm32l431xx.o(.text)
    DMA1_Channel4_IRQHandler                 0x0800029f   Thumb Code     0  startup_stm32l431xx.o(.text)
    DMA1_Channel5_IRQHandler                 0x0800029f   Thumb Code     0  startup_stm32l431xx.o(.text)
    DMA1_Channel6_IRQHandler                 0x0800029f   Thumb Code     0  startup_stm32l431xx.o(.text)
    DMA1_Channel7_IRQHandler                 0x0800029f   Thumb Code     0  startup_stm32l431xx.o(.text)
    DMA2_Channel1_IRQHandler                 0x0800029f   Thumb Code     0  startup_stm32l431xx.o(.text)
    DMA2_Channel2_IRQHandler                 0x0800029f   Thumb Code     0  startup_stm32l431xx.o(.text)
    DMA2_Channel3_IRQHandler                 0x0800029f   Thumb Code     0  startup_stm32l431xx.o(.text)
    DMA2_Channel4_IRQHandler                 0x0800029f   Thumb Code     0  startup_stm32l431xx.o(.text)
    DMA2_Channel5_IRQHandler                 0x0800029f   Thumb Code     0  startup_stm32l431xx.o(.text)
    DMA2_Channel6_IRQHandler                 0x0800029f   Thumb Code     0  startup_stm32l431xx.o(.text)
    DMA2_Channel7_IRQHandler                 0x0800029f   Thumb Code     0  startup_stm32l431xx.o(.text)
    EXTI0_IRQHandler                         0x0800029f   Thumb Code     0  startup_stm32l431xx.o(.text)
    EXTI15_10_IRQHandler                     0x0800029f   Thumb Code     0  startup_stm32l431xx.o(.text)
    EXTI1_IRQHandler                         0x0800029f   Thumb Code     0  startup_stm32l431xx.o(.text)
    EXTI2_IRQHandler                         0x0800029f   Thumb Code     0  startup_stm32l431xx.o(.text)
    EXTI3_IRQHandler                         0x0800029f   Thumb Code     0  startup_stm32l431xx.o(.text)
    EXTI4_IRQHandler                         0x0800029f   Thumb Code     0  startup_stm32l431xx.o(.text)
    FLASH_IRQHandler                         0x0800029f   Thumb Code     0  startup_stm32l431xx.o(.text)
    FPU_IRQHandler                           0x0800029f   Thumb Code     0  startup_stm32l431xx.o(.text)
    I2C1_ER_IRQHandler                       0x0800029f   Thumb Code     0  startup_stm32l431xx.o(.text)
    I2C1_EV_IRQHandler                       0x0800029f   Thumb Code     0  startup_stm32l431xx.o(.text)
    I2C2_ER_IRQHandler                       0x0800029f   Thumb Code     0  startup_stm32l431xx.o(.text)
    I2C2_EV_IRQHandler                       0x0800029f   Thumb Code     0  startup_stm32l431xx.o(.text)
    I2C3_ER_IRQHandler                       0x0800029f   Thumb Code     0  startup_stm32l431xx.o(.text)
    I2C3_EV_IRQHandler                       0x0800029f   Thumb Code     0  startup_stm32l431xx.o(.text)
    LPTIM1_IRQHandler                        0x0800029f   Thumb Code     0  startup_stm32l431xx.o(.text)
    LPTIM2_IRQHandler                        0x0800029f   Thumb Code     0  startup_stm32l431xx.o(.text)
    LPUART1_IRQHandler                       0x0800029f   Thumb Code     0  startup_stm32l431xx.o(.text)
    PVD_PVM_IRQHandler                       0x0800029f   Thumb Code     0  startup_stm32l431xx.o(.text)
    QUADSPI_IRQHandler                       0x0800029f   Thumb Code     0  startup_stm32l431xx.o(.text)
    RCC_IRQHandler                           0x0800029f   Thumb Code     0  startup_stm32l431xx.o(.text)
    RNG_IRQHandler                           0x0800029f   Thumb Code     0  startup_stm32l431xx.o(.text)
    RTC_Alarm_IRQHandler                     0x0800029f   Thumb Code     0  startup_stm32l431xx.o(.text)
    RTC_WKUP_IRQHandler                      0x0800029f   Thumb Code     0  startup_stm32l431xx.o(.text)
    SAI1_IRQHandler                          0x0800029f   Thumb Code     0  startup_stm32l431xx.o(.text)
    SDMMC1_IRQHandler                        0x0800029f   Thumb Code     0  startup_stm32l431xx.o(.text)
    SPI1_IRQHandler                          0x0800029f   Thumb Code     0  startup_stm32l431xx.o(.text)
    SPI2_IRQHandler                          0x0800029f   Thumb Code     0  startup_stm32l431xx.o(.text)
    SPI3_IRQHandler                          0x0800029f   Thumb Code     0  startup_stm32l431xx.o(.text)
    SWPMI1_IRQHandler                        0x0800029f   Thumb Code     0  startup_stm32l431xx.o(.text)
    TAMP_STAMP_IRQHandler                    0x0800029f   Thumb Code     0  startup_stm32l431xx.o(.text)
    TIM1_BRK_TIM15_IRQHandler                0x0800029f   Thumb Code     0  startup_stm32l431xx.o(.text)
    TIM1_CC_IRQHandler                       0x0800029f   Thumb Code     0  startup_stm32l431xx.o(.text)
    TIM1_TRG_COM_IRQHandler                  0x0800029f   Thumb Code     0  startup_stm32l431xx.o(.text)
    TIM2_IRQHandler                          0x0800029f   Thumb Code     0  startup_stm32l431xx.o(.text)
    TIM6_DAC_IRQHandler                      0x0800029f   Thumb Code     0  startup_stm32l431xx.o(.text)
    TIM7_IRQHandler                          0x0800029f   Thumb Code     0  startup_stm32l431xx.o(.text)
    TSC_IRQHandler                           0x0800029f   Thumb Code     0  startup_stm32l431xx.o(.text)
    WWDG_IRQHandler                          0x0800029f   Thumb Code     0  startup_stm32l431xx.o(.text)
    __aeabi_uldivmod                         0x080002a9   Thumb Code    98  uldiv.o(.text)
    __aeabi_memcpy                           0x08000311   Thumb Code    36  memcpya.o(.text)
    __aeabi_memcpy4                          0x08000311   Thumb Code     0  memcpya.o(.text)
    __aeabi_memcpy8                          0x08000311   Thumb Code     0  memcpya.o(.text)
    __aeabi_memset                           0x08000335   Thumb Code    14  memseta.o(.text)
    __aeabi_memset4                          0x08000335   Thumb Code     0  memseta.o(.text)
    __aeabi_memset8                          0x08000335   Thumb Code     0  memseta.o(.text)
    __aeabi_memclr                           0x08000343   Thumb Code     4  memseta.o(.text)
    __aeabi_memclr4                          0x08000343   Thumb Code     0  memseta.o(.text)
    __aeabi_memclr8                          0x08000343   Thumb Code     0  memseta.o(.text)
    memset                                   0x08000347   Thumb Code    18  memseta.o(.text)
    strstr                                   0x08000359   Thumb Code    36  strstr.o(.text)
    strncpy                                  0x0800037d   Thumb Code    24  strncpy.o(.text)
    strchr                                   0x08000395   Thumb Code    20  strchr.o(.text)
    strlen                                   0x080003a9   Thumb Code    14  strlen.o(.text)
    strcmp                                   0x080003b7   Thumb Code    28  strcmp.o(.text)
    __aeabi_fadd                             0x080003d3   Thumb Code   164  fadd.o(.text)
    __aeabi_fsub                             0x08000477   Thumb Code     6  fadd.o(.text)
    __aeabi_frsub                            0x0800047d   Thumb Code     6  fadd.o(.text)
    __aeabi_fmul                             0x08000483   Thumb Code   100  fmul.o(.text)
    __aeabi_fdiv                             0x080004e7   Thumb Code   124  fdiv.o(.text)
    __aeabi_dadd                             0x08000563   Thumb Code   322  dadd.o(.text)
    __aeabi_dsub                             0x080006a5   Thumb Code     6  dadd.o(.text)
    __aeabi_drsub                            0x080006ab   Thumb Code     6  dadd.o(.text)
    __aeabi_dmul                             0x080006c1   Thumb Code   228  dmul.o(.text)
    __aeabi_ddiv                             0x080007ab   Thumb Code   222  ddiv.o(.text)
    __aeabi_fcmple                           0x08000889   Thumb Code    28  fcmple.o(.text)
    __aeabi_fcmplt                           0x080008a5   Thumb Code    28  fcmplt.o(.text)
    __aeabi_fcmpge                           0x080008c1   Thumb Code    28  fcmpge.o(.text)
    __aeabi_fcmpgt                           0x080008dd   Thumb Code    28  fcmpgt.o(.text)
    __aeabi_fcmpeq                           0x080008f9   Thumb Code    28  fcmpeq.o(.text)
    __aeabi_ui2f                             0x08000915   Thumb Code    10  ffltui.o(.text)
    __aeabi_l2f                              0x0800091f   Thumb Code    44  ffltl.o(.text)
    __aeabi_i2d                              0x0800094b   Thumb Code    34  dflti.o(.text)
    __aeabi_f2uiz                            0x0800096d   Thumb Code    40  ffixui.o(.text)
    __aeabi_f2lz                             0x08000995   Thumb Code    66  ffixl.o(.text)
    __aeabi_f2d                              0x080009d7   Thumb Code    38  f2d.o(.text)
    __aeabi_d2f                              0x080009fd   Thumb Code    56  d2f.o(.text)
    __aeabi_uidiv                            0x08000a35   Thumb Code     0  uidiv.o(.text)
    __aeabi_uidivmod                         0x08000a35   Thumb Code    44  uidiv.o(.text)
    __aeabi_llsl                             0x08000a61   Thumb Code    30  llshl.o(.text)
    _ll_shift_l                              0x08000a61   Thumb Code     0  llshl.o(.text)
    __aeabi_llsr                             0x08000a7f   Thumb Code    32  llushr.o(.text)
    _ll_ushift_r                             0x08000a7f   Thumb Code     0  llushr.o(.text)
    __aeabi_lasr                             0x08000a9f   Thumb Code    36  llsshr.o(.text)
    _ll_sshift_r                             0x08000a9f   Thumb Code     0  llsshr.o(.text)
    __strtod_int                             0x08000afb   Thumb Code    90  strtod.o(.text)
    __I$use$fp                               0x08000b61   Thumb Code     0  iusefp.o(.text)
    _float_round                             0x08000b61   Thumb Code    18  fepilogue.o(.text)
    _float_epilogue                          0x08000b73   Thumb Code    92  fepilogue.o(.text)
    _double_round                            0x08000bcf   Thumb Code    30  depilogue.o(.text)
    _double_epilogue                         0x08000bed   Thumb Code   156  depilogue.o(.text)
    __ARM_scalbn                             0x08000c89   Thumb Code    46  dscalb.o(.text)
    scalbn                                   0x08000c89   Thumb Code     0  dscalb.o(.text)
    __aeabi_d2ulz                            0x08000cb7   Thumb Code    48  dfixul.o(.text)
    __aeabi_cdrcmple                         0x08000ce9   Thumb Code    48  cdrcmple.o(.text)
    __ARM_dcmp4                              0x08000d19   Thumb Code    96  dcmp4.o(.text)
    _dcmp4                                   0x08000d19   Thumb Code     0  dcmp4.o(.text)
    __ARM_fcmp4                              0x08000d79   Thumb Code    54  fcmp4.o(.text)
    _fcmp4                                   0x08000d79   Thumb Code     0  fcmp4.o(.text)
    __scatterload                            0x08000db1   Thumb Code    28  init.o(.text)
    __scatterload_rt2                        0x08000db1   Thumb Code     0  init.o(.text)
    isspace                                  0x08000dd5   Thumb Code    10  isspace_c.o(.text)
    _scanf_real                              0x08000f09   Thumb Code     0  scanf_fp.o(.text)
    _scanf_really_real                       0x08000f09   Thumb Code   556  scanf_fp.o(.text)
    _sgetc                                   0x08001147   Thumb Code    30  _sgetc.o(.text)
    _sbackspace                              0x08001165   Thumb Code    34  _sgetc.o(.text)
    _dsqrt                                   0x08001187   Thumb Code   162  dsqrt.o(.text)
    __ctype_lookup                           0x08001229   Thumb Code    34  ctype_c.o(.text)
    __aeabi_ul2d                             0x08001251   Thumb Code    24  dfltul.o(.text)
    __decompress                             0x08001269   Thumb Code     0  __dczerorl2.o(.text)
    __decompress1                            0x08001269   Thumb Code    86  __dczerorl2.o(.text)
    neai_anomalydetection_detect             0x080018c9   Thumb Code   576  NanoEdgeAI.o(.text.neai_anomalydetection_detect)
    neai_anomalydetection_init               0x08001b11   Thumb Code   160  NanoEdgeAI.o(.text.neai_anomalydetection_init)
    neai_anomalydetection_learn              0x08001bb1   Thumb Code   540  NanoEdgeAI.o(.text.neai_anomalydetection_learn)
    AIwarning                                0x08001dd5   Thumb Code   110  main.o(i.AIwarning)
    Angle_Calcu                              0x08001e55   Thumb Code   704  kalman.o(i.Angle_Calcu)
    BH1750_ReadData                          0x0800216d   Thumb Code    24  bh1750.o(i.BH1750_ReadData)
    BH1750_WriteReg                          0x08002189   Thumb Code    32  bh1750.o(i.BH1750_WriteReg)
    BH1750_init                              0x080021ad   Thumb Code    22  bh1750.o(i.BH1750_init)
    BUZZER_Init                              0x080021c5   Thumb Code    60  buzzer.o(i.BUZZER_Init)
    BusFault_Handler                         0x08002205   Thumb Code     2  stm32l4xx_it.o(i.BusFault_Handler)
    CLR_Buf                                  0x08002209   Thumb Code    20  usart.o(i.CLR_Buf)
    ClearRxBuffer                            0x08002225   Thumb Code    18  usart.o(i.ClearRxBuffer)
    Clear_Buffer                             0x08002239   Thumb Code    22  m5311.o(i.Clear_Buffer)
    DebugMon_Handler                         0x08002259   Thumb Code     2  stm32l4xx_it.o(i.DebugMon_Handler)
    EXTI9_5_IRQHandler                       0x0800225b   Thumb Code     6  exti.o(i.EXTI9_5_IRQHandler)
    EXTI_Init                                0x08002261   Thumb Code    62  exti.o(i.EXTI_Init)
    Error_Handler                            0x080022ad   Thumb Code     2  main.o(i.Error_Handler)
    HAL_DMA_Abort_IT                         0x080022af   Thumb Code    78  stm32l4xx_hal_dma.o(i.HAL_DMA_Abort_IT)
    HAL_Delay                                0x080022fd   Thumb Code    32  stm32l4xx_hal.o(i.HAL_Delay)
    HAL_GPIO_EXTI_Callback                   0x08002321   Thumb Code   112  exti.o(i.HAL_GPIO_EXTI_Callback)
    HAL_GPIO_EXTI_IRQHandler                 0x080023a1   Thumb Code    18  stm32l4xx_hal_gpio.o(i.HAL_GPIO_EXTI_IRQHandler)
    HAL_GPIO_Init                            0x080023b9   Thumb Code   412  stm32l4xx_hal_gpio.o(i.HAL_GPIO_Init)
    HAL_GPIO_WritePin                        0x08002577   Thumb Code    10  stm32l4xx_hal_gpio.o(i.HAL_GPIO_WritePin)
    HAL_GetTick                              0x08002581   Thumb Code     6  stm32l4xx_hal.o(i.HAL_GetTick)
    HAL_I2CEx_ConfigAnalogFilter             0x0800258d   Thumb Code    86  stm32l4xx_hal_i2c_ex.o(i.HAL_I2CEx_ConfigAnalogFilter)
    HAL_I2CEx_ConfigDigitalFilter            0x080025e3   Thumb Code    82  stm32l4xx_hal_i2c_ex.o(i.HAL_I2CEx_ConfigDigitalFilter)
    HAL_I2C_Init                             0x08002635   Thumb Code   178  stm32l4xx_hal_i2c.o(i.HAL_I2C_Init)
    HAL_I2C_Master_Receive                   0x080026ed   Thumb Code   282  stm32l4xx_hal_i2c.o(i.HAL_I2C_Master_Receive)
    HAL_I2C_Master_Transmit                  0x08002819   Thumb Code   282  stm32l4xx_hal_i2c.o(i.HAL_I2C_Master_Transmit)
    HAL_I2C_Mem_Read                         0x08002945   Thumb Code   346  stm32l4xx_hal_i2c.o(i.HAL_I2C_Mem_Read)
    HAL_I2C_Mem_Write                        0x08002ab1   Thumb Code   340  stm32l4xx_hal_i2c.o(i.HAL_I2C_Mem_Write)
    HAL_I2C_MspInit                          0x08002c11   Thumb Code   204  i2c.o(i.HAL_I2C_MspInit)
    HAL_IncTick                              0x08002cf1   Thumb Code    12  stm32l4xx_hal.o(i.HAL_IncTick)
    HAL_Init                                 0x08002d01   Thumb Code    30  stm32l4xx_hal.o(i.HAL_Init)
    HAL_InitTick                             0x08002d21   Thumb Code    58  stm32l4xx_hal.o(i.HAL_InitTick)
    HAL_MspInit                              0x08002d65   Thumb Code    56  stm32l4xx_hal_msp.o(i.HAL_MspInit)
    HAL_NVIC_DisableIRQ                      0x08002da1   Thumb Code    34  stm32l4xx_hal_cortex.o(i.HAL_NVIC_DisableIRQ)
    HAL_NVIC_EnableIRQ                       0x08002dc3   Thumb Code    26  stm32l4xx_hal_cortex.o(i.HAL_NVIC_EnableIRQ)
    HAL_NVIC_SetPriority                     0x08002ddd   Thumb Code    60  stm32l4xx_hal_cortex.o(i.HAL_NVIC_SetPriority)
    HAL_NVIC_SetPriorityGrouping             0x08002e1d   Thumb Code    26  stm32l4xx_hal_cortex.o(i.HAL_NVIC_SetPriorityGrouping)
    HAL_PWREx_ControlVoltageScaling          0x08002e41   Thumb Code    90  stm32l4xx_hal_pwr_ex.o(i.HAL_PWREx_ControlVoltageScaling)
    HAL_PWREx_GetVoltageRange                0x08002ea9   Thumb Code    10  stm32l4xx_hal_pwr_ex.o(i.HAL_PWREx_GetVoltageRange)
    HAL_RCCEx_PeriphCLKConfig                0x08002eb9   Thumb Code   682  stm32l4xx_hal_rcc_ex.o(i.HAL_RCCEx_PeriphCLKConfig)
    HAL_RCC_ClockConfig                      0x08003175   Thumb Code   266  stm32l4xx_hal_rcc.o(i.HAL_RCC_ClockConfig)
    HAL_RCC_GetPCLK1Freq                     0x08003295   Thumb Code    24  stm32l4xx_hal_rcc.o(i.HAL_RCC_GetPCLK1Freq)
    HAL_RCC_GetPCLK2Freq                     0x080032b9   Thumb Code    24  stm32l4xx_hal_rcc.o(i.HAL_RCC_GetPCLK2Freq)
    HAL_RCC_GetSysClockFreq                  0x080032dd   Thumb Code   150  stm32l4xx_hal_rcc.o(i.HAL_RCC_GetSysClockFreq)
    HAL_RCC_OscConfig                        0x08003381   Thumb Code  1382  stm32l4xx_hal_rcc.o(i.HAL_RCC_OscConfig)
    HAL_SPI_Init                             0x080038ed   Thumb Code   224  stm32l4xx_hal_spi.o(i.HAL_SPI_Init)
    HAL_SPI_MspInit                          0x080039cd   Thumb Code    90  spi.o(i.HAL_SPI_MspInit)
    HAL_SPI_TransmitReceive                  0x08003a31   Thumb Code   610  stm32l4xx_hal_spi.o(i.HAL_SPI_TransmitReceive)
    HAL_SYSTICK_CLKSourceConfig              0x08003c99   Thumb Code    24  stm32l4xx_hal_cortex.o(i.HAL_SYSTICK_CLKSourceConfig)
    HAL_SYSTICK_Config                       0x08003cb1   Thumb Code    40  stm32l4xx_hal_cortex.o(i.HAL_SYSTICK_Config)
    HAL_TIMEx_Break2Callback                 0x08003cd9   Thumb Code     2  stm32l4xx_hal_tim_ex.o(i.HAL_TIMEx_Break2Callback)
    HAL_TIMEx_BreakCallback                  0x08003cdb   Thumb Code     2  stm32l4xx_hal_tim_ex.o(i.HAL_TIMEx_BreakCallback)
    HAL_TIMEx_CommutCallback                 0x08003cdd   Thumb Code     2  stm32l4xx_hal_tim_ex.o(i.HAL_TIMEx_CommutCallback)
    HAL_TIM_IC_CaptureCallback               0x08003cdf   Thumb Code     2  stm32l4xx_hal_tim.o(i.HAL_TIM_IC_CaptureCallback)
    HAL_TIM_IRQHandler                       0x08003ce1   Thumb Code   388  stm32l4xx_hal_tim.o(i.HAL_TIM_IRQHandler)
    HAL_TIM_OC_DelayElapsedCallback          0x08003e65   Thumb Code     2  stm32l4xx_hal_tim.o(i.HAL_TIM_OC_DelayElapsedCallback)
    HAL_TIM_PWM_PulseFinishedCallback        0x08003e67   Thumb Code     2  stm32l4xx_hal_tim.o(i.HAL_TIM_PWM_PulseFinishedCallback)
    HAL_TIM_PeriodElapsedCallback            0x08003e69   Thumb Code     2  timer.o(i.HAL_TIM_PeriodElapsedCallback)
    HAL_TIM_TriggerCallback                  0x08003e6b   Thumb Code     2  stm32l4xx_hal_tim.o(i.HAL_TIM_TriggerCallback)
    HAL_UARTEx_WakeupCallback                0x08003e6d   Thumb Code     2  stm32l4xx_hal_uart_ex.o(i.HAL_UARTEx_WakeupCallback)
    HAL_UART_ErrorCallback                   0x08003e6f   Thumb Code     2  stm32l4xx_hal_uart.o(i.HAL_UART_ErrorCallback)
    HAL_UART_IRQHandler                      0x08003e71   Thumb Code   348  stm32l4xx_hal_uart.o(i.HAL_UART_IRQHandler)
    HAL_UART_Init                            0x08003fd5   Thumb Code   102  stm32l4xx_hal_uart.o(i.HAL_UART_Init)
    HAL_UART_MspInit                         0x0800403d   Thumb Code   248  usart.o(i.HAL_UART_MspInit)
    HAL_UART_Receive                         0x08004149   Thumb Code   238  stm32l4xx_hal_uart.o(i.HAL_UART_Receive)
    HAL_UART_TxCpltCallback                  0x0800423d   Thumb Code    72  usart.o(i.HAL_UART_TxCpltCallback)
    HardFault_Handler                        0x08004291   Thumb Code     2  stm32l4xx_it.o(i.HardFault_Handler)
    Kalman_Filter_X                          0x080045a5   Thumb Code   252  kalman.o(i.Kalman_Filter_X)
    Kalman_Filter_Y                          0x080046a9   Thumb Code   244  kalman.o(i.Kalman_Filter_Y)
    Kalman_Filter_Z                          0x080047a5   Thumb Code   244  kalman.o(i.Kalman_Filter_Z)
    LED_Init                                 0x080048a1   Thumb Code    60  led.o(i.LED_Init)
    MPU6050_GetData                          0x080048e5   Thumb Code   146  mpu6050.o(i.MPU6050_GetData)
    MPU6050_Init                             0x08004977   Thumb Code    58  mpu6050.o(i.MPU6050_Init)
    MPU6050_ReadReg                          0x080049b1   Thumb Code    32  mpu6050.o(i.MPU6050_ReadReg)
    MPU6050_WriteReg                         0x080049d5   Thumb Code    30  mpu6050.o(i.MPU6050_WriteReg)
    MX_GPIO_Init                             0x080049f9   Thumb Code    60  spi.o(i.MX_GPIO_Init)
    MX_I2C1_Init                             0x08004a3d   Thumb Code    76  i2c.o(i.MX_I2C1_Init)
    MX_I2C3_Init                             0x08004a95   Thumb Code    76  i2c.o(i.MX_I2C3_Init)
    MX_SPI1_Init                             0x08004aed   Thumb Code    68  spi.o(i.MX_SPI1_Init)
    MemManage_Handler                        0x08004b39   Thumb Code     2  stm32l4xx_it.o(i.MemManage_Handler)
    NMI_Handler                              0x08004b3b   Thumb Code     2  stm32l4xx_it.o(i.NMI_Handler)
    POWER_RESET_Init                         0x08004b3d   Thumb Code    60  led.o(i.POWER_RESET_Init)
    SPI1_Read_Write_Byte                     0x08004d29   Thumb Code    26  spi.o(i.SPI1_Read_Write_Byte)
    SysTick_Handler                          0x08004f19   Thumb Code    24  stm32l4xx_it.o(i.SysTick_Handler)
    SystemClock_Config                       0x08004f31   Thumb Code   124  main.o(i.SystemClock_Config)
    SystemInit                               0x08004fad   Thumb Code    56  system_stm32l4xx.o(i.SystemInit)
    TIM1_UP_TIM16_IRQHandler                 0x08004ff1   Thumb Code     6  timer.o(i.TIM1_UP_TIM16_IRQHandler)
    UART_AdvFeatureConfig                    0x08004ffd   Thumb Code   200  stm32l4xx_hal_uart.o(i.UART_AdvFeatureConfig)
    UART_CheckIdleState                      0x080050c5   Thumb Code    88  stm32l4xx_hal_uart.o(i.UART_CheckIdleState)
    UART_SetConfig                           0x08005151   Thumb Code   484  stm32l4xx_hal_uart.o(i.UART_SetConfig)
    UART_WaitOnFlagUntilTimeout              0x08005355   Thumb Code   164  stm32l4xx_hal_uart.o(i.UART_WaitOnFlagUntilTimeout)
    USART1_IRQHandler                        0x080053f9   Thumb Code   224  usart.o(i.USART1_IRQHandler)
    USART2_IRQHandler                        0x080054e5   Thumb Code   188  usart.o(i.USART2_IRQHandler)
    USART3_IRQHandler                        0x080055b5   Thumb Code   304  usart.o(i.USART3_IRQHandler)
    Uart2_SendNonBlocking                    0x080056f9   Thumb Code    90  usart.o(i.Uart2_SendNonBlocking)
    UsageFault_Handler                       0x08005761   Thumb Code     2  stm32l4xx_it.o(i.UsageFault_Handler)
    __0snprintf                              0x08005765   Thumb Code    48  printfa.o(i.__0snprintf)
    __1snprintf                              0x08005765   Thumb Code     0  printfa.o(i.__0snprintf)
    __2snprintf                              0x08005765   Thumb Code     0  printfa.o(i.__0snprintf)
    __c89snprintf                            0x08005765   Thumb Code     0  printfa.o(i.__0snprintf)
    snprintf                                 0x08005765   Thumb Code     0  printfa.o(i.__0snprintf)
    __ARM_fpclassify                         0x08005799   Thumb Code    48  fpclassify.o(i.__ARM_fpclassify)
    __hardfp_atan                            0x080057e9   Thumb Code   622  atan.o(i.__hardfp_atan)
    __hardfp_atof                            0x08005ac1   Thumb Code    44  atof.o(i.__hardfp_atof)
    __hardfp_pow                             0x08005af9   Thumb Code  3072  pow.o(i.__hardfp_pow)
    __kernel_poly                            0x08006779   Thumb Code   248  poly.o(i.__kernel_poly)
    __mathlib_dbl_divzero                    0x08006871   Thumb Code    28  dunder.o(i.__mathlib_dbl_divzero)
    __mathlib_dbl_infnan                     0x080068a1   Thumb Code    20  dunder.o(i.__mathlib_dbl_infnan)
    __mathlib_dbl_infnan2                    0x080068b5   Thumb Code    20  dunder.o(i.__mathlib_dbl_infnan2)
    __mathlib_dbl_invalid                    0x080068c9   Thumb Code    24  dunder.o(i.__mathlib_dbl_invalid)
    __mathlib_dbl_overflow                   0x080068e9   Thumb Code    24  dunder.o(i.__mathlib_dbl_overflow)
    __mathlib_dbl_underflow                  0x08006909   Thumb Code    24  dunder.o(i.__mathlib_dbl_underflow)
    __read_errno                             0x08006929   Thumb Code     6  errno.o(i.__read_errno)
    __scatterload_copy                       0x08006935   Thumb Code    14  handlers.o(i.__scatterload_copy)
    __scatterload_null                       0x08006943   Thumb Code     2  handlers.o(i.__scatterload_null)
    __scatterload_zeroinit                   0x08006945   Thumb Code    14  handlers.o(i.__scatterload_zeroinit)
    __set_errno                              0x08006955   Thumb Code     6  errno.o(i.__set_errno)
    _is_digit                                0x08006aeb   Thumb Code    14  scanf_fp.o(i._is_digit)
    clrStruct                                0x0800721d   Thumb Code    88  usart.o(i.clrStruct)
    convertToDecimalDegrees                  0x08007279   Thumb Code   138  main.o(i.convertToDecimalDegrees)
    delay_init                               0x0800731d   Thumb Code    16  delay.o(i.delay_init)
    fabs                                     0x08007331   Thumb Code    24  fabs.o(i.fabs)
    fill_buffer                              0x08007349   Thumb Code    68  main.o(i.fill_buffer)
    fmax                                     0x08007399   Thumb Code    86  fmax.o(i.fmax)
    fminf                                    0x080073ef   Thumb Code    38  fminf.o(i.fminf)
    freertos_start                           0x08007415   Thumb Code    30  freertos_demo.o(i.freertos_start)
    get_Altitude                             0x08007449   Thumb Code   100  ms5611.o(i.get_Altitude)
    get_LightData_Hex                        0x080074d1   Thumb Code    76  bh1750.o(i.get_LightData_Hex)
    get_pressure                             0x08007525   Thumb Code   350  ms5611.o(i.get_pressure)
    main                                     0x08007695   Thumb Code   186  main.o(i.main)
    ms5611_ba_reset                          0x0800775d   Thumb Code    40  ms5611.o(i.ms5611_ba_reset)
    ms5611_init                              0x08007789   Thumb Code    14  ms5611.o(i.ms5611_init)
    ms5611_read                              0x08007799   Thumb Code    54  ms5611.o(i.ms5611_read)
    ms5611_read_adc                          0x080077d5   Thumb Code    70  ms5611.o(i.ms5611_read_adc)
    parseGpsBuffer                           0x08007821   Thumb Code   252  main.o(i.parseGpsBuffer)
    printGpsBuffer                           0x0800792d   Thumb Code   158  main.o(i.printGpsBuffer)
    pvPortMalloc                             0x08007d2d   Thumb Code   146  heap_4.o(i.pvPortMalloc)
    pxPortInitialiseStack                    0x08007dc5   Thumb Code    40  port.o(i.pxPortInitialiseStack)
    read_prom_data                           0x08007df1   Thumb Code    42  ms5611.o(i.read_prom_data)
    sqrt                                     0x08007e21   Thumb Code   110  sqrt_full.o(i.sqrt)
    sqrtf                                    0x08007e8f   Thumb Code    62  sqrtf_full.o(i.sqrtf)
    start_task                               0x08007ecd   Thumb Code    88  freertos_demo.o(i.start_task)
    task1                                    0x08007f4d   Thumb Code    20  freertos_demo.o(i.task1)
    task2                                    0x08007f61   Thumb Code    32  freertos_demo.o(i.task2)
    task3                                    0x08007f89   Thumb Code   538  freertos_demo.o(i.task3)
    uart2_init                               0x0800827d   Thumb Code    60  usart.o(i.uart2_init)
    uart3_init                               0x080082c1   Thumb Code    66  usart.o(i.uart3_init)
    uart_init                                0x0800830d   Thumb Code    64  usart.o(i.uart_init)
    uxListRemove                             0x08008355   Thumb Code    38  list.o(i.uxListRemove)
    vListInitialise                          0x0800837b   Thumb Code    22  list.o(i.vListInitialise)
    vListInitialiseItem                      0x08008391   Thumb Code     6  list.o(i.vListInitialiseItem)
    vListInsert                              0x08008397   Thumb Code    48  list.o(i.vListInsert)
    vListInsertEnd                           0x080083c7   Thumb Code    24  list.o(i.vListInsertEnd)
    vPortEnterCritical                       0x080083e1   Thumb Code    24  port.o(i.vPortEnterCritical)
    vPortExitCritical                        0x080083fd   Thumb Code    16  port.o(i.vPortExitCritical)
    vPortFree                                0x08008411   Thumb Code    64  heap_4.o(i.vPortFree)
    vPortSetupTimerInterrupt                 0x08008455   Thumb Code    20  port.o(i.vPortSetupTimerInterrupt)
    vTaskDelay                               0x0800846d   Thumb Code    44  tasks.o(i.vTaskDelay)
    vTaskDelete                              0x0800849d   Thumb Code   144  tasks.o(i.vTaskDelete)
    vTaskStartScheduler                      0x08008539   Thumb Code    66  tasks.o(i.vTaskStartScheduler)
    vTaskSuspendAll                          0x0800858d   Thumb Code    10  tasks.o(i.vTaskSuspendAll)
    vTaskSwitchContext                       0x0800859d   Thumb Code    60  tasks.o(i.vTaskSwitchContext)
    xPortStartScheduler                      0x080085e1   Thumb Code    52  port.o(i.xPortStartScheduler)
    xPortSysTickHandler                      0x08008621   Thumb Code    38  port.o(i.xPortSysTickHandler)
    xTaskCreate                              0x0800864d   Thumb Code    92  tasks.o(i.xTaskCreate)
    xTaskGetSchedulerState                   0x080086b1   Thumb Code    22  tasks.o(i.xTaskGetSchedulerState)
    xTaskIncrementTick                       0x080086cd   Thumb Code   282  tasks.o(i.xTaskIncrementTick)
    xTaskResumeAll                           0x080087f1   Thumb Code   266  tasks.o(i.xTaskResumeAll)
    AHBPrescTable                            0x08008908   Data          16  system_stm32l4xx.o(.constdata)
    MSIRangeTable                            0x08008918   Data          48  system_stm32l4xx.o(.constdata)
    APBPrescTable                            0x08008948   Data           8  system_stm32l4xx.o(.constdata)
    __mathlib_zero                           0x08008a70   Data           8  qnan.o(.constdata)
    __ctype_categories                       0x08008a78   Data          64  ctype_c.o(.constdata)
    Region$$Table$$Base                      0x08008ab8   Number         0  anon$$obj.o(Region$$Table)
    Region$$Table$$Limit                     0x08008ad8   Number         0  anon$$obj.o(Region$$Table)
    temperature                              0x20000000   Data           4  ms5611.o(.data)
    TEMP2                                    0x20000004   Data           4  ms5611.o(.data)
    Aux                                      0x20000008   Data           4  ms5611.o(.data)
    OFF2                                     0x2000000c   Data           4  ms5611.o(.data)
    SENS2                                    0x20000010   Data           4  ms5611.o(.data)
    tmp_float                                0x20000014   Data           4  ms5611.o(.data)
    Altitude                                 0x20000018   Data           4  ms5611.o(.data)
    pressure_temp                            0x2000001c   Data           4  ms5611.o(.data)
    C_0                                      0x20000020   Data           1  kalman.o(.data)
    aacx                                     0x20000022   Data           2  kalman.o(.data)
    aacy                                     0x20000024   Data           2  kalman.o(.data)
    aacz                                     0x20000026   Data           2  kalman.o(.data)
    gyrox                                    0x20000028   Data           2  kalman.o(.data)
    gyroy                                    0x2000002a   Data           2  kalman.o(.data)
    gyroz                                    0x2000002c   Data           2  kalman.o(.data)
    Q_angle                                  0x20000030   Data           4  kalman.o(.data)
    Q_gyro                                   0x20000034   Data           4  kalman.o(.data)
    R_angle                                  0x20000038   Data           4  kalman.o(.data)
    dt                                       0x2000003c   Data           4  kalman.o(.data)
    Accel_x                                  0x20000040   Data           4  kalman.o(.data)
    Accel_y                                  0x20000044   Data           4  kalman.o(.data)
    Accel_z                                  0x20000048   Data           4  kalman.o(.data)
    Gyro_x                                   0x2000004c   Data           4  kalman.o(.data)
    Gyro_y                                   0x20000050   Data           4  kalman.o(.data)
    Gyro_z                                   0x20000054   Data           4  kalman.o(.data)
    Angle_x_temp                             0x20000058   Data           4  kalman.o(.data)
    Angle_y_temp                             0x2000005c   Data           4  kalman.o(.data)
    Angle_z_temp                             0x20000060   Data           4  kalman.o(.data)
    Angle_X_Final                            0x20000064   Data           4  kalman.o(.data)
    Angle_Y_Final                            0x20000068   Data           4  kalman.o(.data)
    Angle_Z_Final                            0x2000006c   Data           4  kalman.o(.data)
    Q_bias                                   0x20000070   Data           4  kalman.o(.data)
    Angle_err                                0x20000074   Data           4  kalman.o(.data)
    PCt_0                                    0x20000078   Data           4  kalman.o(.data)
    PCt_1                                    0x2000007c   Data           4  kalman.o(.data)
    E                                        0x20000080   Data           4  kalman.o(.data)
    K_0                                      0x20000084   Data           4  kalman.o(.data)
    K_1                                      0x20000088   Data           4  kalman.o(.data)
    t_0                                      0x2000008c   Data           4  kalman.o(.data)
    t_1                                      0x20000090   Data           4  kalman.o(.data)
    PP                                       0x20000094   Data          16  kalman.o(.data)
    delay_180ms                              0x200000a4   Data           1  exti.o(.data)
    FLAG                                     0x200000a5   Data           1  exti.o(.data)
    temp                                     0x200000a6   Data           1  exti.o(.data)
    ReadData                                 0x200000a7   Data           2  exti.o(.data)
    lux                                      0x200000ac   Data           4  exti.o(.data)
    error_code                               0x200000b0   Data           1  timer.o(.data)
    DataBuff                                 0x200000b4   Data           2  bh1750.o(.data)
    LightData                                0x200000b8   Data           4  bh1750.o(.data)
    LightData_Hex                            0x200000bc   Data           4  bh1750.o(.data)
    num1                                     0x200000c0   Data           1  usart.o(.data)
    num2                                     0x200000c1   Data           1  usart.o(.data)
    num3                                     0x200000c2   Data           1  usart.o(.data)
    flag                                     0x200000c3   Data           1  usart.o(.data)
    tx_sending                               0x200000c4   Data           1  usart.o(.data)
    point1                                   0x200000c6   Data           2  usart.o(.data)
    point2                                   0x200000c8   Data           2  usart.o(.data)
    point3                                   0x200000ca   Data           2  usart.o(.data)
    point4                                   0x200000cc   Data           2  usart.o(.data)
    USART_RX_STA                             0x200000ce   Data           2  usart.o(.data)
    USART2_RX_STA                            0x200000d0   Data           2  usart.o(.data)
    USART3_RX_STA                            0x200000d2   Data           2  usart.o(.data)
    USARTg_RX_STA                            0x200000d4   Data           2  usart.o(.data)
    USARTy_RX_STA                            0x200000d6   Data           2  usart.o(.data)
    tx_write_pos                             0x200000d8   Data           2  usart.o(.data)
    tx_read_pos                              0x200000da   Data           2  usart.o(.data)
    tx_head                                  0x200000dc   Data           2  usart.o(.data)
    tx_tail                                  0x200000de   Data           2  usart.o(.data)
    Rx_Counter                               0x200000e0   Data           1  usart.o(.data)
    similarity                               0x200000e8   Data           1  main.o(.data)
    AI                                       0x200000ea   Data           2  main.o(.data)
    times                                    0x200000ec   Data           4  main.o(.data)
    latitude                                 0x200000f0   Data           8  main.o(.data)
    longitude                                0x200000f8   Data           8  main.o(.data)
    AX                                       0x20000100   Data           2  main.o(.data)
    AY                                       0x20000102   Data           2  main.o(.data)
    AZ                                       0x20000104   Data           2  main.o(.data)
    GX                                       0x20000106   Data           2  main.o(.data)
    GY                                       0x20000108   Data           2  main.o(.data)
    GZ                                       0x2000010a   Data           2  main.o(.data)
    start_task_handle                        0x2000010c   Data           4  freertos_demo.o(.data)
    task1_handle                             0x20000110   Data           4  freertos_demo.o(.data)
    task2_handle                             0x20000114   Data           4  freertos_demo.o(.data)
    task3_handle                             0x20000118   Data           4  freertos_demo.o(.data)
    uwTickFreq                               0x2000011c   Data           1  stm32l4xx_hal.o(.data)
    uwTickPrio                               0x20000120   Data           4  stm32l4xx_hal.o(.data)
    uwTick                                   0x20000124   Data           4  stm32l4xx_hal.o(.data)
    SystemCoreClock                          0x20000128   Data           4  system_stm32l4xx.o(.data)
    pxCurrentTCB                             0x2000012c   Data           4  tasks.o(.data)
    uxTopUsedPriority                        0x2000015c   Data           4  tasks.o(.data)
    data                                     0x200001c8   Data          16  ms5611.o(.bss)
    P                                        0x200001d8   Data          16  kalman.o(.bss)
    hspi1                                    0x200001e8   Data         100  spi.o(.bss)
    hi2c1                                    0x2000024c   Data          76  i2c.o(.bss)
    hi2c3                                    0x20000298   Data          76  i2c.o(.bss)
    TIM16_Handler                            0x200002e4   Data          76  timer.o(.bss)
    TIM15_Handler                            0x20000330   Data          76  timer.o(.bss)
    Save_Data                                0x2000037c   Data         137  usart.o(.bss)
    USART_RX_BUF                             0x20000405   Data        1024  usart.o(.bss)
    USART3_RX_BUF                            0x20000805   Data        1024  usart.o(.bss)
    USARTg_RX_BUF                            0x20000c05   Data        1024  usart.o(.bss)
    USARTy_RX_BUF                            0x20001005   Data        1024  usart.o(.bss)
    Rx_Buffer                                0x20001405   Data         200  usart.o(.bss)
    UART1_Handler                            0x200014d0   Data         128  usart.o(.bss)
    UART2_Handler                            0x20001550   Data         128  usart.o(.bss)
    UART3_Handler                            0x200015d0   Data         128  usart.o(.bss)
    uart3_tx_buf                             0x20001650   Data        1024  usart.o(.bss)
    uart2_tx_buf                             0x20001a50   Data        1024  usart.o(.bss)
    tx_buffer                                0x20001e50   Data        1024  usart.o(.bss)
    input_user_buffer                        0x20002250   Data         128  main.o(.bss)
    str2                                     0x200022d0   Data          40  main.o(.bss)
    __initial_sp                             0x2000c808   Data           0  startup_stm32l431xx.o(STACK)



==============================================================================

Memory Map of the image

  Image Entry point : 0x0800018d

  Load Region LR_IROM1 (Base: 0x08000000, Size: 0x00008ca0, Max: 0x00040000, ABSOLUTE, COMPRESSED[0x00008b08])

    Execution Region ER_IROM1 (Exec base: 0x08000000, Load base: 0x08000000, Size: 0x00008ad8, Max: 0x00040000, ABSOLUTE)

    Exec Addr    Load Addr    Size         Type   Attr      Idx    E Section Name        Object

    0x08000000   0x08000000   0x0000018c   Data   RO            3    RESET               startup_stm32l431xx.o
    0x0800018c   0x0800018c   0x00000000   Code   RO         6174  * .ARM.Collect$$$$00000000  mc_w.l(entry.o)
    0x0800018c   0x0800018c   0x00000004   Code   RO         6535    .ARM.Collect$$$$00000001  mc_w.l(entry2.o)
    0x08000190   0x08000190   0x00000004   Code   RO         6538    .ARM.Collect$$$$00000004  mc_w.l(entry5.o)
    0x08000194   0x08000194   0x00000000   Code   RO         6540    .ARM.Collect$$$$00000008  mc_w.l(entry7b.o)
    0x08000194   0x08000194   0x00000000   Code   RO         6542    .ARM.Collect$$$$0000000A  mc_w.l(entry8b.o)
    0x08000194   0x08000194   0x00000008   Code   RO         6543    .ARM.Collect$$$$0000000B  mc_w.l(entry9a.o)
    0x0800019c   0x0800019c   0x00000004   Code   RO         6550    .ARM.Collect$$$$0000000E  mc_w.l(entry12b.o)
    0x080001a0   0x080001a0   0x00000000   Code   RO         6545    .ARM.Collect$$$$0000000F  mc_w.l(entry10a.o)
    0x080001a0   0x080001a0   0x00000000   Code   RO         6547    .ARM.Collect$$$$00000011  mc_w.l(entry11a.o)
    0x080001a0   0x080001a0   0x00000004   Code   RO         6536    .ARM.Collect$$$$00002712  mc_w.l(entry2.o)
    0x080001a4   0x080001a4   0x000000de   Code   RO         6025    .emb_text           port.o
    0x08000282   0x08000282   0x00000002   PAD
    0x08000284   0x08000284   0x00000024   Code   RO            4    .text               startup_stm32l431xx.o
    0x080002a8   0x080002a8   0x00000068   Code   RO         6177    .text               mc_w.l(uldiv.o)
    0x08000310   0x08000310   0x00000024   Code   RO         6179    .text               mc_w.l(memcpya.o)
    0x08000334   0x08000334   0x00000024   Code   RO         6183    .text               mc_w.l(memseta.o)
    0x08000358   0x08000358   0x00000024   Code   RO         6185    .text               mc_w.l(strstr.o)
    0x0800037c   0x0800037c   0x00000018   Code   RO         6187    .text               mc_w.l(strncpy.o)
    0x08000394   0x08000394   0x00000014   Code   RO         6189    .text               mc_w.l(strchr.o)
    0x080003a8   0x080003a8   0x0000000e   Code   RO         6191    .text               mc_w.l(strlen.o)
    0x080003b6   0x080003b6   0x0000001c   Code   RO         6193    .text               mc_w.l(strcmp.o)
    0x080003d2   0x080003d2   0x000000b0   Code   RO         6458    .text               mf_w.l(fadd.o)
    0x08000482   0x08000482   0x00000064   Code   RO         6460    .text               mf_w.l(fmul.o)
    0x080004e6   0x080004e6   0x0000007c   Code   RO         6462    .text               mf_w.l(fdiv.o)
    0x08000562   0x08000562   0x0000015e   Code   RO         6464    .text               mf_w.l(dadd.o)
    0x080006c0   0x080006c0   0x000000ea   Code   RO         6466    .text               mf_w.l(dmul.o)
    0x080007aa   0x080007aa   0x000000de   Code   RO         6468    .text               mf_w.l(ddiv.o)
    0x08000888   0x08000888   0x0000001c   Code   RO         6472    .text               mf_w.l(fcmple.o)
    0x080008a4   0x080008a4   0x0000001c   Code   RO         6474    .text               mf_w.l(fcmplt.o)
    0x080008c0   0x080008c0   0x0000001c   Code   RO         6476    .text               mf_w.l(fcmpge.o)
    0x080008dc   0x080008dc   0x0000001c   Code   RO         6478    .text               mf_w.l(fcmpgt.o)
    0x080008f8   0x080008f8   0x0000001c   Code   RO         6480    .text               mf_w.l(fcmpeq.o)
    0x08000914   0x08000914   0x0000000a   Code   RO         6482    .text               mf_w.l(ffltui.o)
    0x0800091e   0x0800091e   0x0000002c   Code   RO         6484    .text               mf_w.l(ffltl.o)
    0x0800094a   0x0800094a   0x00000022   Code   RO         6486    .text               mf_w.l(dflti.o)
    0x0800096c   0x0800096c   0x00000028   Code   RO         6488    .text               mf_w.l(ffixui.o)
    0x08000994   0x08000994   0x00000042   Code   RO         6490    .text               mf_w.l(ffixl.o)
    0x080009d6   0x080009d6   0x00000026   Code   RO         6494    .text               mf_w.l(f2d.o)
    0x080009fc   0x080009fc   0x00000038   Code   RO         6496    .text               mf_w.l(d2f.o)
    0x08000a34   0x08000a34   0x0000002c   Code   RO         6551    .text               mc_w.l(uidiv.o)
    0x08000a60   0x08000a60   0x0000001e   Code   RO         6553    .text               mc_w.l(llshl.o)
    0x08000a7e   0x08000a7e   0x00000020   Code   RO         6555    .text               mc_w.l(llushr.o)
    0x08000a9e   0x08000a9e   0x00000024   Code   RO         6557    .text               mc_w.l(llsshr.o)
    0x08000ac2   0x08000ac2   0x00000002   PAD
    0x08000ac4   0x08000ac4   0x0000009c   Code   RO         6566    .text               mc_w.l(strtod.o)
    0x08000b60   0x08000b60   0x00000000   Code   RO         6568    .text               mc_w.l(iusefp.o)
    0x08000b60   0x08000b60   0x0000006e   Code   RO         6569    .text               mf_w.l(fepilogue.o)
    0x08000bce   0x08000bce   0x000000ba   Code   RO         6571    .text               mf_w.l(depilogue.o)
    0x08000c88   0x08000c88   0x0000002e   Code   RO         6573    .text               mf_w.l(dscalb.o)
    0x08000cb6   0x08000cb6   0x00000030   Code   RO         6575    .text               mf_w.l(dfixul.o)
    0x08000ce6   0x08000ce6   0x00000002   PAD
    0x08000ce8   0x08000ce8   0x00000030   Code   RO         6577    .text               mf_w.l(cdrcmple.o)
    0x08000d18   0x08000d18   0x00000060   Code   RO         6579    .text               mf_w.l(dcmp4.o)
    0x08000d78   0x08000d78   0x00000036   Code   RO         6581    .text               mf_w.l(fcmp4.o)
    0x08000dae   0x08000dae   0x00000002   PAD
    0x08000db0   0x08000db0   0x00000024   Code   RO         6583    .text               mc_w.l(init.o)
    0x08000dd4   0x08000dd4   0x0000000a   Code   RO         6585    .text               mc_w.l(isspace_c.o)
    0x08000dde   0x08000dde   0x00000002   PAD
    0x08000de0   0x08000de0   0x00000366   Code   RO         6587    .text               mc_w.l(scanf_fp.o)
    0x08001146   0x08001146   0x00000040   Code   RO         6591    .text               mc_w.l(_sgetc.o)
    0x08001186   0x08001186   0x000000a2   Code   RO         6593    .text               mf_w.l(dsqrt.o)
    0x08001228   0x08001228   0x00000028   Code   RO         6597    .text               mc_w.l(ctype_c.o)
    0x08001250   0x08001250   0x00000018   Code   RO         6600    .text               mf_w.l(dfltul.o)
    0x08001268   0x08001268   0x00000056   Code   RO         6610    .text               mc_w.l(__dczerorl2.o)
    0x080012be   0x080012be   0x00000002   PAD
    0x080012c0   0x080012c0   0x00000602   Code   RO         6108    .text.funchad52.constprop.0  libneai.a(NanoEdgeAI.o)
    0x080018c2   0x080018c2   0x00000006   PAD
    0x080018c8   0x080018c8   0x00000246   Code   RO         6111    .text.neai_anomalydetection_detect  libneai.a(NanoEdgeAI.o)
    0x08001b0e   0x08001b0e   0x00000002   PAD
    0x08001b10   0x08001b10   0x000000a0   Code   RO         6109    .text.neai_anomalydetection_init  libneai.a(NanoEdgeAI.o)
    0x08001bb0   0x08001bb0   0x00000222   Code   RO         6110    .text.neai_anomalydetection_learn  libneai.a(NanoEdgeAI.o)
    0x08001dd2   0x08001dd2   0x00000002   PAD
    0x08001dd4   0x08001dd4   0x00000080   Code   RO         1154    i.AIwarning         main.o
    0x08001e54   0x08001e54   0x00000318   Code   RO          531    i.Angle_Calcu       kalman.o
    0x0800216c   0x0800216c   0x0000001c   Code   RO          873    i.BH1750_ReadData   bh1750.o
    0x08002188   0x08002188   0x00000024   Code   RO          874    i.BH1750_WriteReg   bh1750.o
    0x080021ac   0x080021ac   0x00000016   Code   RO          875    i.BH1750_init       bh1750.o
    0x080021c2   0x080021c2   0x00000002   PAD
    0x080021c4   0x080021c4   0x00000040   Code   RO          504    i.BUZZER_Init       buzzer.o
    0x08002204   0x08002204   0x00000002   Code   RO         1257    i.BusFault_Handler  stm32l4xx_it.o
    0x08002206   0x08002206   0x00000002   PAD
    0x08002208   0x08002208   0x0000001c   Code   RO          948    i.CLR_Buf           usart.o
    0x08002224   0x08002224   0x00000012   Code   RO          949    i.ClearRxBuffer     usart.o
    0x08002236   0x08002236   0x00000002   PAD
    0x08002238   0x08002238   0x00000020   Code   RO          730    i.Clear_Buffer      m5311.o
    0x08002258   0x08002258   0x00000002   Code   RO         1258    i.DebugMon_Handler  stm32l4xx_it.o
    0x0800225a   0x0800225a   0x00000006   Code   RO          633    i.EXTI9_5_IRQHandler  exti.o
    0x08002260   0x08002260   0x0000004c   Code   RO          634    i.EXTI_Init         exti.o
    0x080022ac   0x080022ac   0x00000002   Code   RO         1155    i.Error_Handler     main.o
    0x080022ae   0x080022ae   0x0000004e   Code   RO         4489    i.HAL_DMA_Abort_IT  stm32l4xx_hal_dma.o
    0x080022fc   0x080022fc   0x00000024   Code   RO         3710    i.HAL_Delay         stm32l4xx_hal.o
    0x08002320   0x08002320   0x00000080   Code   RO          636    i.HAL_GPIO_EXTI_Callback  exti.o
    0x080023a0   0x080023a0   0x00000018   Code   RO         4423    i.HAL_GPIO_EXTI_IRQHandler  stm32l4xx_hal_gpio.o
    0x080023b8   0x080023b8   0x000001be   Code   RO         4424    i.HAL_GPIO_Init     stm32l4xx_hal_gpio.o
    0x08002576   0x08002576   0x0000000a   Code   RO         4428    i.HAL_GPIO_WritePin  stm32l4xx_hal_gpio.o
    0x08002580   0x08002580   0x0000000c   Code   RO         3714    i.HAL_GetTick       stm32l4xx_hal.o
    0x0800258c   0x0800258c   0x00000056   Code   RO         1857    i.HAL_I2CEx_ConfigAnalogFilter  stm32l4xx_hal_i2c_ex.o
    0x080025e2   0x080025e2   0x00000052   Code   RO         1858    i.HAL_I2CEx_ConfigDigitalFilter  stm32l4xx_hal_i2c_ex.o
    0x08002634   0x08002634   0x000000b8   Code   RO         1406    i.HAL_I2C_Init      stm32l4xx_hal_i2c.o
    0x080026ec   0x080026ec   0x0000012a   Code   RO         1412    i.HAL_I2C_Master_Receive  stm32l4xx_hal_i2c.o
    0x08002816   0x08002816   0x00000002   PAD
    0x08002818   0x08002818   0x0000012a   Code   RO         1419    i.HAL_I2C_Master_Transmit  stm32l4xx_hal_i2c.o
    0x08002942   0x08002942   0x00000002   PAD
    0x08002944   0x08002944   0x0000016a   Code   RO         1424    i.HAL_I2C_Mem_Read  stm32l4xx_hal_i2c.o
    0x08002aae   0x08002aae   0x00000002   PAD
    0x08002ab0   0x08002ab0   0x0000015e   Code   RO         1427    i.HAL_I2C_Mem_Write  stm32l4xx_hal_i2c.o
    0x08002c0e   0x08002c0e   0x00000002   PAD
    0x08002c10   0x08002c10   0x000000e0   Code   RO          683    i.HAL_I2C_MspInit   i2c.o
    0x08002cf0   0x08002cf0   0x00000010   Code   RO         3720    i.HAL_IncTick       stm32l4xx_hal.o
    0x08002d00   0x08002d00   0x0000001e   Code   RO         3721    i.HAL_Init          stm32l4xx_hal.o
    0x08002d1e   0x08002d1e   0x00000002   PAD
    0x08002d20   0x08002d20   0x00000044   Code   RO         3722    i.HAL_InitTick      stm32l4xx_hal.o
    0x08002d64   0x08002d64   0x0000003c   Code   RO         1320    i.HAL_MspInit       stm32l4xx_hal_msp.o
    0x08002da0   0x08002da0   0x00000022   Code   RO         4910    i.HAL_NVIC_DisableIRQ  stm32l4xx_hal_cortex.o
    0x08002dc2   0x08002dc2   0x0000001a   Code   RO         4911    i.HAL_NVIC_EnableIRQ  stm32l4xx_hal_cortex.o
    0x08002ddc   0x08002ddc   0x00000040   Code   RO         4917    i.HAL_NVIC_SetPriority  stm32l4xx_hal_cortex.o
    0x08002e1c   0x08002e1c   0x00000024   Code   RO         4918    i.HAL_NVIC_SetPriorityGrouping  stm32l4xx_hal_cortex.o
    0x08002e40   0x08002e40   0x00000068   Code   RO         4715    i.HAL_PWREx_ControlVoltageScaling  stm32l4xx_hal_pwr_ex.o
    0x08002ea8   0x08002ea8   0x00000010   Code   RO         4738    i.HAL_PWREx_GetVoltageRange  stm32l4xx_hal_pwr_ex.o
    0x08002eb8   0x08002eb8   0x000002ba   Code   RO         4060    i.HAL_RCCEx_PeriphCLKConfig  stm32l4xx_hal_rcc_ex.o
    0x08003172   0x08003172   0x00000002   PAD
    0x08003174   0x08003174   0x00000120   Code   RO         3938    i.HAL_RCC_ClockConfig  stm32l4xx_hal_rcc.o
    0x08003294   0x08003294   0x00000024   Code   RO         3944    i.HAL_RCC_GetPCLK1Freq  stm32l4xx_hal_rcc.o
    0x080032b8   0x080032b8   0x00000024   Code   RO         3945    i.HAL_RCC_GetPCLK2Freq  stm32l4xx_hal_rcc.o
    0x080032dc   0x080032dc   0x000000a4   Code   RO         3946    i.HAL_RCC_GetSysClockFreq  stm32l4xx_hal_rcc.o
    0x08003380   0x08003380   0x0000056c   Code   RO         3949    i.HAL_RCC_OscConfig  stm32l4xx_hal_rcc.o
    0x080038ec   0x080038ec   0x000000e0   Code   RO         1922    i.HAL_SPI_Init      stm32l4xx_hal_spi.o
    0x080039cc   0x080039cc   0x00000064   Code   RO          582    i.HAL_SPI_MspInit   spi.o
    0x08003a30   0x08003a30   0x00000268   Code   RO         1931    i.HAL_SPI_TransmitReceive  stm32l4xx_hal_spi.o
    0x08003c98   0x08003c98   0x00000018   Code   RO         4920    i.HAL_SYSTICK_CLKSourceConfig  stm32l4xx_hal_cortex.o
    0x08003cb0   0x08003cb0   0x00000028   Code   RO         4922    i.HAL_SYSTICK_Config  stm32l4xx_hal_cortex.o
    0x08003cd8   0x08003cd8   0x00000002   Code   RO         2978    i.HAL_TIMEx_Break2Callback  stm32l4xx_hal_tim_ex.o
    0x08003cda   0x08003cda   0x00000002   Code   RO         2979    i.HAL_TIMEx_BreakCallback  stm32l4xx_hal_tim_ex.o
    0x08003cdc   0x08003cdc   0x00000002   Code   RO         2980    i.HAL_TIMEx_CommutCallback  stm32l4xx_hal_tim_ex.o
    0x08003cde   0x08003cde   0x00000002   Code   RO         2298    i.HAL_TIM_IC_CaptureCallback  stm32l4xx_hal_tim.o
    0x08003ce0   0x08003ce0   0x00000184   Code   RO         2312    i.HAL_TIM_IRQHandler  stm32l4xx_hal_tim.o
    0x08003e64   0x08003e64   0x00000002   Code   RO         2315    i.HAL_TIM_OC_DelayElapsedCallback  stm32l4xx_hal_tim.o
    0x08003e66   0x08003e66   0x00000002   Code   RO         2342    i.HAL_TIM_PWM_PulseFinishedCallback  stm32l4xx_hal_tim.o
    0x08003e68   0x08003e68   0x00000002   Code   RO          788    i.HAL_TIM_PeriodElapsedCallback  timer.o
    0x08003e6a   0x08003e6a   0x00000002   Code   RO         2355    i.HAL_TIM_TriggerCallback  stm32l4xx_hal_tim.o
    0x08003e6c   0x08003e6c   0x00000002   Code   RO         3644    i.HAL_UARTEx_WakeupCallback  stm32l4xx_hal_uart_ex.o
    0x08003e6e   0x08003e6e   0x00000002   Code   RO         3287    i.HAL_UART_ErrorCallback  stm32l4xx_hal_uart.o
    0x08003e70   0x08003e70   0x00000164   Code   RO         3290    i.HAL_UART_IRQHandler  stm32l4xx_hal_uart.o
    0x08003fd4   0x08003fd4   0x00000066   Code   RO         3291    i.HAL_UART_Init     stm32l4xx_hal_uart.o
    0x0800403a   0x0800403a   0x00000002   PAD
    0x0800403c   0x0800403c   0x0000010c   Code   RO          950    i.HAL_UART_MspInit  usart.o
    0x08004148   0x08004148   0x000000f4   Code   RO         3294    i.HAL_UART_Receive  stm32l4xx_hal_uart.o
    0x0800423c   0x0800423c   0x00000054   Code   RO          951    i.HAL_UART_TxCpltCallback  usart.o
    0x08004290   0x08004290   0x00000002   Code   RO         1259    i.HardFault_Handler  stm32l4xx_it.o
    0x08004292   0x08004292   0x00000022   Code   RO         1453    i.I2C_Flush_TXDR    stm32l4xx_hal_i2c.o
    0x080042b4   0x080042b4   0x00000084   Code   RO         1461    i.I2C_IsAcknowledgeFailed  stm32l4xx_hal_i2c.o
    0x08004338   0x08004338   0x00000064   Code   RO         1464    i.I2C_RequestMemoryRead  stm32l4xx_hal_i2c.o
    0x0800439c   0x0800439c   0x00000064   Code   RO         1465    i.I2C_RequestMemoryWrite  stm32l4xx_hal_i2c.o
    0x08004400   0x08004400   0x0000002c   Code   RO         1468    i.I2C_TransferConfig  stm32l4xx_hal_i2c.o
    0x0800442c   0x0800442c   0x00000058   Code   RO         1470    i.I2C_WaitOnFlagUntilTimeout  stm32l4xx_hal_i2c.o
    0x08004484   0x08004484   0x00000084   Code   RO         1471    i.I2C_WaitOnRXNEFlagUntilTimeout  stm32l4xx_hal_i2c.o
    0x08004508   0x08004508   0x0000004c   Code   RO         1472    i.I2C_WaitOnSTOPFlagUntilTimeout  stm32l4xx_hal_i2c.o
    0x08004554   0x08004554   0x00000050   Code   RO         1473    i.I2C_WaitOnTXISFlagUntilTimeout  stm32l4xx_hal_i2c.o
    0x080045a4   0x080045a4   0x00000104   Code   RO          532    i.Kalman_Filter_X   kalman.o
    0x080046a8   0x080046a8   0x000000fc   Code   RO          533    i.Kalman_Filter_Y   kalman.o
    0x080047a4   0x080047a4   0x000000fc   Code   RO          534    i.Kalman_Filter_Z   kalman.o
    0x080048a0   0x080048a0   0x00000044   Code   RO          474    i.LED_Init          led.o
    0x080048e4   0x080048e4   0x00000092   Code   RO           13    i.MPU6050_GetData   mpu6050.o
    0x08004976   0x08004976   0x0000003a   Code   RO           15    i.MPU6050_Init      mpu6050.o
    0x080049b0   0x080049b0   0x00000024   Code   RO           16    i.MPU6050_ReadReg   mpu6050.o
    0x080049d4   0x080049d4   0x00000024   Code   RO           17    i.MPU6050_WriteReg  mpu6050.o
    0x080049f8   0x080049f8   0x00000044   Code   RO          583    i.MX_GPIO_Init      spi.o
    0x08004a3c   0x08004a3c   0x00000058   Code   RO          684    i.MX_I2C1_Init      i2c.o
    0x08004a94   0x08004a94   0x00000058   Code   RO          685    i.MX_I2C3_Init      i2c.o
    0x08004aec   0x08004aec   0x0000004c   Code   RO          584    i.MX_SPI1_Init      spi.o
    0x08004b38   0x08004b38   0x00000002   Code   RO         1260    i.MemManage_Handler  stm32l4xx_it.o
    0x08004b3a   0x08004b3a   0x00000002   Code   RO         1261    i.NMI_Handler       stm32l4xx_it.o
    0x08004b3c   0x08004b3c   0x00000044   Code   RO          475    i.POWER_RESET_Init  led.o
    0x08004b80   0x08004b80   0x0000012c   Code   RO         4064    i.RCCEx_PLLSAI1_Config  stm32l4xx_hal_rcc_ex.o
    0x08004cac   0x08004cac   0x0000007c   Code   RO         3950    i.RCC_SetFlashLatencyFromMSIRange  stm32l4xx_hal_rcc.o
    0x08004d28   0x08004d28   0x00000020   Code   RO          585    i.SPI1_Read_Write_Byte  spi.o
    0x08004d48   0x08004d48   0x00000048   Code   RO         1960    i.SPI_EndRxTxTransaction  stm32l4xx_hal_spi.o
    0x08004d90   0x08004d90   0x000000ce   Code   RO         1965    i.SPI_WaitFifoStateUntilTimeout  stm32l4xx_hal_spi.o
    0x08004e5e   0x08004e5e   0x00000002   PAD
    0x08004e60   0x08004e60   0x000000b8   Code   RO         1966    i.SPI_WaitFlagStateUntilTimeout  stm32l4xx_hal_spi.o
    0x08004f18   0x08004f18   0x00000018   Code   RO         1262    i.SysTick_Handler   stm32l4xx_it.o
    0x08004f30   0x08004f30   0x0000007c   Code   RO         1156    i.SystemClock_Config  main.o
    0x08004fac   0x08004fac   0x00000044   Code   RO         5114    i.SystemInit        system_stm32l4xx.o
    0x08004ff0   0x08004ff0   0x0000000c   Code   RO          792    i.TIM1_UP_TIM16_IRQHandler  timer.o
    0x08004ffc   0x08004ffc   0x000000c8   Code   RO         3305    i.UART_AdvFeatureConfig  stm32l4xx_hal_uart.o
    0x080050c4   0x080050c4   0x00000058   Code   RO         3306    i.UART_CheckIdleState  stm32l4xx_hal_uart.o
    0x0800511c   0x0800511c   0x00000014   Code   RO         3307    i.UART_DMAAbortOnError  stm32l4xx_hal_uart.o
    0x08005130   0x08005130   0x0000001e   Code   RO         3317    i.UART_EndRxTransfer  stm32l4xx_hal_uart.o
    0x0800514e   0x0800514e   0x00000002   PAD
    0x08005150   0x08005150   0x00000204   Code   RO         3321    i.UART_SetConfig    stm32l4xx_hal_uart.o
    0x08005354   0x08005354   0x000000a4   Code   RO         3324    i.UART_WaitOnFlagUntilTimeout  stm32l4xx_hal_uart.o
    0x080053f8   0x080053f8   0x000000ec   Code   RO          953    i.USART1_IRQHandler  usart.o
    0x080054e4   0x080054e4   0x000000d0   Code   RO          954    i.USART2_IRQHandler  usart.o
    0x080055b4   0x080055b4   0x00000144   Code   RO          955    i.USART3_IRQHandler  usart.o
    0x080056f8   0x080056f8   0x00000068   Code   RO          956    i.Uart2_SendNonBlocking  usart.o
    0x08005760   0x08005760   0x00000002   Code   RO         1263    i.UsageFault_Handler  stm32l4xx_it.o
    0x08005762   0x08005762   0x00000002   PAD
    0x08005764   0x08005764   0x00000034   Code   RO         6431    i.__0snprintf       mc_w.l(printfa.o)
    0x08005798   0x08005798   0x00000030   Code   RO         6518    i.__ARM_fpclassify  m_wm.l(fpclassify.o)
    0x080057c8   0x080057c8   0x00000020   Code   RO         4924    i.__NVIC_SetPriority  stm32l4xx_hal_cortex.o
    0x080057e8   0x080057e8   0x000002d8   Code   RO         6120    i.__hardfp_atan     m_wm.l(atan.o)
    0x08005ac0   0x08005ac0   0x00000038   Code   RO         6134    i.__hardfp_atof     m_wm.l(atof.o)
    0x08005af8   0x08005af8   0x00000c80   Code   RO         6144    i.__hardfp_pow      m_wm.l(pow.o)
    0x08006778   0x08006778   0x000000f8   Code   RO         6520    i.__kernel_poly     m_wm.l(poly.o)
    0x08006870   0x08006870   0x00000030   Code   RO         6498    i.__mathlib_dbl_divzero  m_wm.l(dunder.o)
    0x080068a0   0x080068a0   0x00000014   Code   RO         6499    i.__mathlib_dbl_infnan  m_wm.l(dunder.o)
    0x080068b4   0x080068b4   0x00000014   Code   RO         6500    i.__mathlib_dbl_infnan2  m_wm.l(dunder.o)
    0x080068c8   0x080068c8   0x00000020   Code   RO         6501    i.__mathlib_dbl_invalid  m_wm.l(dunder.o)
    0x080068e8   0x080068e8   0x00000020   Code   RO         6502    i.__mathlib_dbl_overflow  m_wm.l(dunder.o)
    0x08006908   0x08006908   0x00000020   Code   RO         6504    i.__mathlib_dbl_underflow  m_wm.l(dunder.o)
    0x08006928   0x08006928   0x0000000c   Code   RO         6560    i.__read_errno      mc_w.l(errno.o)
    0x08006934   0x08006934   0x0000000e   Code   RO         6604    i.__scatterload_copy  mc_w.l(handlers.o)
    0x08006942   0x08006942   0x00000002   Code   RO         6605    i.__scatterload_null  mc_w.l(handlers.o)
    0x08006944   0x08006944   0x0000000e   Code   RO         6606    i.__scatterload_zeroinit  mc_w.l(handlers.o)
    0x08006952   0x08006952   0x00000002   PAD
    0x08006954   0x08006954   0x0000000c   Code   RO         6561    i.__set_errno       mc_w.l(errno.o)
    0x08006960   0x08006960   0x0000018a   Code   RO         6437    i._fp_digits        mc_w.l(printfa.o)
    0x08006aea   0x08006aea   0x0000000e   Code   RO         6589    i._is_digit         mc_w.l(scanf_fp.o)
    0x08006af8   0x08006af8   0x000006ba   Code   RO         6438    i._printf_core      mc_w.l(printfa.o)
    0x080071b2   0x080071b2   0x00000024   Code   RO         6439    i._printf_post_padding  mc_w.l(printfa.o)
    0x080071d6   0x080071d6   0x0000002e   Code   RO         6440    i._printf_pre_padding  mc_w.l(printfa.o)
    0x08007204   0x08007204   0x00000016   Code   RO         6441    i._snputc           mc_w.l(printfa.o)
    0x0800721a   0x0800721a   0x00000002   PAD
    0x0800721c   0x0800721c   0x0000005c   Code   RO          959    i.clrStruct         usart.o
    0x08007278   0x08007278   0x000000a4   Code   RO         1157    i.convertToDecimalDegrees  main.o
    0x0800731c   0x0800731c   0x00000014   Code   RO         1089    i.delay_init        delay.o
    0x08007330   0x08007330   0x00000018   Code   RO         6514    i.fabs              m_wm.l(fabs.o)
    0x08007348   0x08007348   0x00000050   Code   RO         1159    i.fill_buffer       main.o
    0x08007398   0x08007398   0x00000056   Code   RO         6141    i.fmax              m_wm.l(fmax.o)
    0x080073ee   0x080073ee   0x00000026   Code   RO         6159    i.fminf             m_wm.l(fminf.o)
    0x08007414   0x08007414   0x00000034   Code   RO         1344    i.freertos_start    freertos_demo.o
    0x08007448   0x08007448   0x00000088   Code   RO          365    i.get_Altitude      ms5611.o
    0x080074d0   0x080074d0   0x00000054   Code   RO          876    i.get_LightData_Hex  bh1750.o
    0x08007524   0x08007524   0x00000170   Code   RO          366    i.get_pressure      ms5611.o
    0x08007694   0x08007694   0x000000c8   Code   RO         1160    i.main              main.o
    0x0800775c   0x0800775c   0x0000002c   Code   RO          368    i.ms5611_ba_reset   ms5611.o
    0x08007788   0x08007788   0x0000000e   Code   RO          369    i.ms5611_init       ms5611.o
    0x08007796   0x08007796   0x00000002   PAD
    0x08007798   0x08007798   0x0000003c   Code   RO          370    i.ms5611_read       ms5611.o
    0x080077d4   0x080077d4   0x0000004c   Code   RO          371    i.ms5611_read_adc   ms5611.o
    0x08007820   0x08007820   0x0000010a   Code   RO         1161    i.parseGpsBuffer    main.o
    0x0800792a   0x0800792a   0x00000002   PAD
    0x0800792c   0x0800792c   0x000000d4   Code   RO         1162    i.printGpsBuffer    main.o
    0x08007a00   0x08007a00   0x00000088   Code   RO         5621    i.prvAddCurrentTaskToDelayedList  tasks.o
    0x08007a88   0x08007a88   0x000000f0   Code   RO         5622    i.prvAddNewTaskToReadyList  tasks.o
    0x08007b78   0x08007b78   0x00000014   Code   RO         5623    i.prvDeleteTCB      tasks.o
    0x08007b8c   0x08007b8c   0x00000044   Code   RO         5952    i.prvHeapInit       heap_4.o
    0x08007bd0   0x08007bd0   0x00000060   Code   RO         5624    i.prvIdleTask       tasks.o
    0x08007c30   0x08007c30   0x00000082   Code   RO         5625    i.prvInitialiseNewTask  tasks.o
    0x08007cb2   0x08007cb2   0x00000002   PAD
    0x08007cb4   0x08007cb4   0x0000004c   Code   RO         5953    i.prvInsertBlockIntoFreeList  heap_4.o
    0x08007d00   0x08007d00   0x0000001c   Code   RO         5626    i.prvResetNextTaskUnblockTime  tasks.o
    0x08007d1c   0x08007d1c   0x00000010   Code   RO         6026    i.prvTaskExitError  port.o
    0x08007d2c   0x08007d2c   0x00000098   Code   RO         5955    i.pvPortMalloc      heap_4.o
    0x08007dc4   0x08007dc4   0x0000002c   Code   RO         6027    i.pxPortInitialiseStack  port.o
    0x08007df0   0x08007df0   0x00000030   Code   RO          372    i.read_prom_data    ms5611.o
    0x08007e20   0x08007e20   0x0000006e   Code   RO         6525    i.sqrt              m_wm.l(sqrt_full.o)
    0x08007e8e   0x08007e8e   0x0000003e   Code   RO         6164    i.sqrtf             m_wm.l(sqrtf_full.o)
    0x08007ecc   0x08007ecc   0x00000080   Code   RO         1345    i.start_task        freertos_demo.o
    0x08007f4c   0x08007f4c   0x00000014   Code   RO         1346    i.task1             freertos_demo.o
    0x08007f60   0x08007f60   0x00000028   Code   RO         1347    i.task2             freertos_demo.o
    0x08007f88   0x08007f88   0x000002f4   Code   RO         1348    i.task3             freertos_demo.o
    0x0800827c   0x0800827c   0x00000044   Code   RO          961    i.uart2_init        usart.o
    0x080082c0   0x080082c0   0x0000004c   Code   RO          962    i.uart3_init        usart.o
    0x0800830c   0x0800830c   0x00000048   Code   RO          963    i.uart_init         usart.o
    0x08008354   0x08008354   0x00000026   Code   RO         5276    i.uxListRemove      list.o
    0x0800837a   0x0800837a   0x00000016   Code   RO         5277    i.vListInitialise   list.o
    0x08008390   0x08008390   0x00000006   Code   RO         5278    i.vListInitialiseItem  list.o
    0x08008396   0x08008396   0x00000030   Code   RO         5279    i.vListInsert       list.o
    0x080083c6   0x080083c6   0x00000018   Code   RO         5280    i.vListInsertEnd    list.o
    0x080083de   0x080083de   0x00000002   PAD
    0x080083e0   0x080083e0   0x0000001c   Code   RO         6029    i.vPortEnterCritical  port.o
    0x080083fc   0x080083fc   0x00000014   Code   RO         6030    i.vPortExitCritical  port.o
    0x08008410   0x08008410   0x00000044   Code   RO         5956    i.vPortFree         heap_4.o
    0x08008454   0x08008454   0x00000018   Code   RO         6031    i.vPortSetupTimerInterrupt  port.o
    0x0800846c   0x0800846c   0x00000030   Code   RO         5635    i.vTaskDelay        tasks.o
    0x0800849c   0x0800849c   0x0000009c   Code   RO         5636    i.vTaskDelete       tasks.o
    0x08008538   0x08008538   0x00000054   Code   RO         5647    i.vTaskStartScheduler  tasks.o
    0x0800858c   0x0800858c   0x00000010   Code   RO         5649    i.vTaskSuspendAll   tasks.o
    0x0800859c   0x0800859c   0x00000044   Code   RO         5650    i.vTaskSwitchContext  tasks.o
    0x080085e0   0x080085e0   0x00000040   Code   RO         6032    i.xPortStartScheduler  port.o
    0x08008620   0x08008620   0x0000002c   Code   RO         6033    i.xPortSysTickHandler  port.o
    0x0800864c   0x0800864c   0x00000062   Code   RO         5653    i.xTaskCreate       tasks.o
    0x080086ae   0x080086ae   0x00000002   PAD
    0x080086b0   0x080086b0   0x0000001c   Code   RO         5660    i.xTaskGetSchedulerState  tasks.o
    0x080086cc   0x080086cc   0x00000124   Code   RO         5663    i.xTaskIncrementTick  tasks.o
    0x080087f0   0x080087f0   0x00000118   Code   RO         5665    i.xTaskResumeAll    tasks.o
    0x08008908   0x08008908   0x00000040   Data   RO         5115    .constdata          system_stm32l4xx.o
    0x08008948   0x08008948   0x00000008   Data   RO         5116    .constdata          system_stm32l4xx.o
    0x08008950   0x08008950   0x00000098   Data   RO         6123    .constdata          m_wm.l(atan.o)
    0x080089e8   0x080089e8   0x00000088   Data   RO         6147    .constdata          m_wm.l(pow.o)
    0x08008a70   0x08008a70   0x00000008   Data   RO         6522    .constdata          m_wm.l(qnan.o)
    0x08008a78   0x08008a78   0x00000040   Data   RO         6598    .constdata          mc_w.l(ctype_c.o)
    0x08008ab8   0x08008ab8   0x00000020   Data   RO         6602    Region$$Table       anon$$obj.o


    Execution Region RW_IRAM1 (Exec base: 0x20000000, Load base: 0x08008ad8, Size: 0x0000c808, Max: 0x00010000, ABSOLUTE, COMPRESSED[0x00000030])

    Exec Addr    Load Addr    Size         Type   Attr      Idx    E Section Name        Object

    0x20000000   COMPRESSED   0x00000020   Data   RW          374    .data               ms5611.o
    0x20000020   COMPRESSED   0x00000084   Data   RW          536    .data               kalman.o
    0x200000a4   COMPRESSED   0x0000000c   Data   RW          638    .data               exti.o
    0x200000b0   COMPRESSED   0x00000001   Data   RW          800    .data               timer.o
    0x200000b1   COMPRESSED   0x00000003   PAD
    0x200000b4   COMPRESSED   0x0000000c   Data   RW          877    .data               bh1750.o
    0x200000c0   COMPRESSED   0x00000020   Data   RW          969    .data               usart.o
    0x200000e0   COMPRESSED   0x00000001   Data   RW          972    .data               usart.o
    0x200000e1   COMPRESSED   0x00000003   PAD
    0x200000e4   COMPRESSED   0x00000004   Data   RW         1092    .data               delay.o
    0x200000e8   COMPRESSED   0x00000018   Data   RW         1166    .data               main.o
    0x20000100   COMPRESSED   0x00000002   Data   RW         1168    .data               main.o
    0x20000102   COMPRESSED   0x00000002   Data   RW         1169    .data               main.o
    0x20000104   COMPRESSED   0x00000002   Data   RW         1170    .data               main.o
    0x20000106   COMPRESSED   0x00000002   Data   RW         1171    .data               main.o
    0x20000108   COMPRESSED   0x00000002   Data   RW         1172    .data               main.o
    0x2000010a   COMPRESSED   0x00000002   Data   RW         1173    .data               main.o
    0x2000010c   COMPRESSED   0x00000010   Data   RW         1349    .data               freertos_demo.o
    0x2000011c   COMPRESSED   0x0000000c   Data   RW         3738    .data               stm32l4xx_hal.o
    0x20000128   COMPRESSED   0x00000004   Data   RW         5117    .data               system_stm32l4xx.o
    0x2000012c   COMPRESSED   0x00000040   Data   RW         5668    .data               tasks.o
    0x2000016c   COMPRESSED   0x0000001c   Data   RW         5962    .data               heap_4.o
    0x20000188   COMPRESSED   0x00000004   Data   RW         6034    .data               port.o
    0x2000018c   COMPRESSED   0x00000004   Data   RW         6562    .data               mc_w.l(errno.o)
    0x20000190   COMPRESSED   0x00000004   Data   RW         6116    .data.funccad40     libneai.a(NanoEdgeAI.o)
    0x20000194   COMPRESSED   0x00000034   Data   RW         6117    .neai               libneai.a(NanoEdgeAI.o)
    0x200001c8        -       0x00000010   Zero   RW          373    .bss                ms5611.o
    0x200001d8        -       0x00000010   Zero   RW          535    .bss                kalman.o
    0x200001e8        -       0x00000064   Zero   RW          587    .bss                spi.o
    0x2000024c        -       0x00000098   Zero   RW          686    .bss                i2c.o
    0x200002e4        -       0x00000098   Zero   RW          793    .bss                timer.o
    0x2000037c        -       0x00001ed4   Zero   RW          965    .bss                usart.o
    0x20002250        -       0x000000a8   Zero   RW         1163    .bss                main.o
    0x200022f8        -       0x000000c8   Zero   RW         5667    .bss                tasks.o
    0x200023c0        -       0x0000a000   Zero   RW         5961    .bss                heap_4.o
    0x2000c3c0        -       0x00000004   Zero   RW         6118    .bss.funccad35      libneai.a(NanoEdgeAI.o)
    0x2000c3c4        -       0x00000040   Zero   RW         6115    .bss.funccad76      libneai.a(NanoEdgeAI.o)
    0x2000c404        -       0x00000004   Zero   RW         6119    .bss.varcad24       libneai.a(NanoEdgeAI.o)
    0x2000c408        -       0x00000400   Zero   RW            1    STACK               startup_stm32l431xx.o


==============================================================================

Image component sizes


      Code (inc. data)   RO Data    RW Data    ZI Data      Debug   Object Name

       170         16          0         12          0       3203   bh1750.o
        64          4          0          0          0        998   buzzer.o
        20          4          0          4          0        789   delay.o
         0          0          0          0          0       2528   event_groups.o
       210         30          0         12          0       2691   exti.o
       996        288          0         16          0       3641   freertos_demo.o
       364         22          0         28      40960       4947   heap_4.o
       400         44          0          0        152       2654   i2c.o
      1556        100          0        132         16       5242   kalman.o
       136         16          0          0          0       1602   led.o
       138          0          0          0          0       3534   list.o
        32         10          0          0          0       1059   m5311.o
      1176        140          0         36        168       7468   main.o
       276         10          0          0          0     705704   mpu6050.o
       746         76          0         32         16      19794   ms5611.o
       462         50          0          4          0       9908   port.o
       276         32          0          0        100       3139   spi.o
        36          8        396          0       1024        856   startup_stm32l431xx.o
       162         24          0         12          0      12925   stm32l4xx_hal.o
       256         14          0          0          0      35583   stm32l4xx_hal_cortex.o
        78          0          0          0          0       1155   stm32l4xx_hal_dma.o
       480         34          0          0          0       3243   stm32l4xx_hal_gpio.o
      2278         64          0          0          0      15601   stm32l4xx_hal_i2c.o
       168          0          0          0          0       2031   stm32l4xx_hal_i2c_ex.o
        60          4          0          0          0        926   stm32l4xx_hal_msp.o
       120         20          0          0          0       1442   stm32l4xx_hal_pwr_ex.o
      2036         98          0          0          0       7264   stm32l4xx_hal_rcc.o
       998         32          0          0          0       3044   stm32l4xx_hal_rcc_ex.o
      1302          8          0          0          0       6545   stm32l4xx_hal_spi.o
       396          0          0          0          0       4812   stm32l4xx_hal_tim.o
         6          0          0          0          0       2316   stm32l4xx_hal_tim_ex.o
      1722         60          0          0          0       9939   stm32l4xx_hal_uart.o
         2          0          0          0          0       1080   stm32l4xx_hal_uart_ex.o
        36          0          0          0          0       3523   stm32l4xx_it.o
        68         12         72          4          0       1321   system_stm32l4xx.o
      1720        118          0         64        200      27831   tasks.o
        14          6          0          1        152       3058   timer.o
      1578        136          0         33       7892      18817   usart.o

    ----------------------------------------------------------------------
     20576       1480        500        396      50680     942213   Object Totals
         0          0         32          0          0          0   (incl. Generated)
        38          0          0          6          0          0   (incl. Padding)

    ----------------------------------------------------------------------

      Code (inc. data)   RO Data    RW Data    ZI Data      Debug   Library Member Name

      2826        280          0         56         72          0   NanoEdgeAI.o
       728        106        152          0          0        228   atan.o
        56         12          0          0          0        132   atof.o
       184         44          0          0          0        744   dunder.o
        24          0          0          0          0        124   fabs.o
        86          0          0          0          0        148   fmax.o
        38          0          0          0          0        128   fminf.o
        48          0          0          0          0        124   fpclassify.o
       248          0          0          0          0        152   poly.o
      3200        296        136          0          0        352   pow.o
         0          0          8          0          0          0   qnan.o
       110          0          0          0          0        148   sqrt_full.o
        62          0          0          0          0        136   sqrtf_full.o
        86          0          0          0          0          0   __dczerorl2.o
        64          0          0          0          0         84   _sgetc.o
        40          6         64          0          0         68   ctype_c.o
         0          0          0          0          0          0   entry.o
         0          0          0          0          0          0   entry10a.o
         0          0          0          0          0          0   entry11a.o
         4          0          0          0          0          0   entry12b.o
         8          4          0          0          0          0   entry2.o
         4          0          0          0          0          0   entry5.o
         0          0          0          0          0          0   entry7b.o
         0          0          0          0          0          0   entry8b.o
         8          4          0          0          0          0   entry9a.o
        24         12          0          4          0        136   errno.o
        30          0          0          0          0          0   handlers.o
        36          8          0          0          0         68   init.o
        10          0          0          0          0         68   isspace_c.o
         0          0          0          0          0          0   iusefp.o
        30          0          0          0          0         68   llshl.o
        36          0          0          0          0         68   llsshr.o
        32          0          0          0          0         68   llushr.o
        36          0          0          0          0         68   memcpya.o
        36          0          0          0          0        108   memseta.o
      2272         84          0          0          0        536   printfa.o
       884         12          0          0          0        216   scanf_fp.o
        20          0          0          0          0         68   strchr.o
        28          0          0          0          0         76   strcmp.o
        14          0          0          0          0         68   strlen.o
        24          0          0          0          0         76   strncpy.o
        36          0          0          0          0         80   strstr.o
       156         12          0          0          0        120   strtod.o
        44          0          0          0          0         80   uidiv.o
       104          0          0          0          0         92   uldiv.o
        48          0          0          0          0         68   cdrcmple.o
        56          0          0          0          0         88   d2f.o
       350          0          0          0          0        148   dadd.o
        96          0          0          0          0         80   dcmp4.o
       222          0          0          0          0        100   ddiv.o
       186          0          0          0          0        176   depilogue.o
        48          0          0          0          0         68   dfixul.o
        34          0          0          0          0         76   dflti.o
        24          0          0          0          0         76   dfltul.o
       234          0          0          0          0         96   dmul.o
        46          0          0          0          0         80   dscalb.o
       162          0          0          0          0        100   dsqrt.o
        38          0          0          0          0         68   f2d.o
       176          0          0          0          0        140   fadd.o
        54          0          0          0          0         68   fcmp4.o
        28          0          0          0          0         68   fcmpeq.o
        28          0          0          0          0         68   fcmpge.o
        28          0          0          0          0         68   fcmpgt.o
        28          0          0          0          0         68   fcmple.o
        28          0          0          0          0         68   fcmplt.o
       124          0          0          0          0         88   fdiv.o
       110          0          0          0          0        168   fepilogue.o
        66          0          0          0          0         76   ffixl.o
        40          0          0          0          0         68   ffixui.o
        44          0          0          0          0         92   ffltl.o
        10          0          0          0          0         68   ffltui.o
       100          0          0          0          0         76   fmul.o

    ----------------------------------------------------------------------
     14108        880        360         60         72       7040   Library Totals
        24          0          0          0          0          0   (incl. Padding)

    ----------------------------------------------------------------------

      Code (inc. data)   RO Data    RW Data    ZI Data      Debug   Library Name

      2826        280          0         56         72          0   libneai.a
      4784        458        296          0          0       2416   m_wm.l
      4066        142         64          4          0       2216   mc_w.l
      2408          0          0          0          0       2408   mf_w.l

    ----------------------------------------------------------------------
     14108        880        360         60         72       7040   Library Totals

    ----------------------------------------------------------------------

==============================================================================


      Code (inc. data)   RO Data    RW Data    ZI Data      Debug   

     34684       2360        860        456      50752     929337   Grand Totals
     34684       2360        860         48      50752     929337   ELF Image Totals (compressed)
     34684       2360        860         48          0          0   ROM Totals

==============================================================================

    Total RO  Size (Code + RO Data)                35544 (  34.71kB)
    Total RW  Size (RW Data + ZI Data)             51208 (  50.01kB)
    Total ROM Size (Code + RO Data + RW Data)      35592 (  34.76kB)

==============================================================================

