<html>
<body>
<pre>
<h1>礦ision Build Log</h1>
<h2>Tool Versions:</h2>
IDE-Version: μVision V5.24.2.86
Copyright (C) 2017 ARM Ltd and ARM Germany GmbH. All rights reserved.
License Information: 1 wt, 1, LIC=LSNXV-PS56P-HL7CL-0D07B-RI7FC-GM5JT
 
Tool Versions:
Toolchain:       MDK-ARM Plus  Version: 5.36.0.0
Toolchain Path:  D:\wt\STM32\ARM\ARMCC\Bin
C Compiler:      Armcc.exe V5.06 update 7 (build 960)
Assembler:       Armasm.exe V5.06 update 7 (build 960)
Linker/Locator:  ArmLink.exe V5.06 update 7 (build 960)
Library Manager: ArmAr.exe V5.06 update 7 (build 960)
Hex Converter:   FromElf.exe V5.06 update 7 (build 960)
CPU DLL:         SARMCM3.DLL V5.36.0.0
Dialog DLL:      DCM.DLL V1.17.3.0
Target DLL:      STLink\ST-LINKIII-KEIL_SWO.dll V3.0.9.0
Dialog DLL:      TCM.DLL V1.53.0.0
 
<h2>Project:</h2>
C:\Users\wt\电子\比赛\复杂环境无人机飞行保障系统\f1\f1\f1\MDK-ARM\mpu6050.uvprojx
Project File Date:  12/05/2025

<h2>Output:</h2>
*** Using Compiler 'V5.06 update 7 (build 960)', folder: 'D:\wt\STM32\ARM\ARMCC\Bin'
Build target 'mpu6050'
assembling startup_stm32l431xx.s...
compiling spi.c...
../Inc/main.h(54): warning:  #1295-D: Deprecated declaration AIwarning - give arg types
  void AIwarning( );
..\Hardwear\SPI\spi.c: 1 warning, 0 errors
compiling sys.c...
../Inc/main.h(54): warning:  #1295-D: Deprecated declaration AIwarning - give arg types
  void AIwarning( );
..\system\sys\sys.c: 1 warning, 0 errors
compiling LED.c...
../Inc/main.h(54): warning:  #1295-D: Deprecated declaration AIwarning - give arg types
  void AIwarning( );
..\Hardwear\LED\LED.c: 1 warning, 0 errors
compiling i2c.c...
../Inc/main.h(54): warning:  #1295-D: Deprecated declaration AIwarning - give arg types
  void AIwarning( );
..\Hardwear\I2C\i2c.c: 1 warning, 0 errors
compiling bh1750.c...
../Inc/main.h(54): warning:  #1295-D: Deprecated declaration AIwarning - give arg types
  void AIwarning( );
..\Hardwear\bh1750\bh1750.c: 1 warning, 0 errors
compiling mpu6050.c...
../Inc/main.h(54): warning:  #1295-D: Deprecated declaration AIwarning - give arg types
  void AIwarning( );
..\Hardwear\mpu6050\mpu6050.c: 1 warning, 0 errors
compiling M5311.c...
../Inc/main.h(54): warning:  #1295-D: Deprecated declaration AIwarning - give arg types
  void AIwarning( );
..\Hardwear\m5311\M5311.c(85): warning:  #177-D: variable "i"  was declared but never referenced
  {    u8 i=0;	
..\Hardwear\m5311\M5311.c: 2 warnings, 0 errors
compiling ms5611.c...
../Inc/main.h(54): warning:  #1295-D: Deprecated declaration AIwarning - give arg types
  void AIwarning( );
..\Hardwear\ms5611\ms5611.c(64): warning:  #1035-D: single-precision operand implicitly converted to double-precision
  	Altitude = 44330 * (1.0 - tmp_float);
..\Hardwear\ms5611\ms5611.c: 2 warnings, 0 errors
compiling usart.c...
../Inc/main.h(54): warning:  #1295-D: Deprecated declaration AIwarning - give arg types
  void AIwarning( );
..\system\usart\usart.c(111): warning:  #47-D: incompatible redefinition of macro "TX_BUF_SIZE"  (declared at line 7)
  #define TX_BUF_SIZE 1024  // 发送缓冲区大小
..\system\usart\usart.c(395): warning:  #167-D: argument of type "char *" is incompatible with parameter of type "uint8_t *"
                  ClearRxBuffer(&Rx_Buffer[USART2_RX_STA-3], 3);
..\system\usart\usart.c(403): warning:  #167-D: argument of type "char *" is incompatible with parameter of type "uint8_t *"
                  ClearRxBuffer(&Rx_Buffer[USART2_RX_STA-3], 3);
..\system\usart\usart.c: 4 warnings, 0 errors
compiling kalman.c...
../Inc/main.h(54): warning:  #1295-D: Deprecated declaration AIwarning - give arg types
  void AIwarning( );
..\Hardwear\Kalman\kalman.c(75): warning:  #1035-D: single-precision operand implicitly converted to double-precision
  	if (Gyro_x < 32768) Gyro_x = -(Gyro_x / 16.4);
..\Hardwear\Kalman\kalman.c(76): warning:  #1035-D: single-precision operand implicitly converted to double-precision
  	if (Gyro_x > 32768) Gyro_x = +(65535 - Gyro_x) / 16.4;
..\Hardwear\Kalman\kalman.c(77): warning:  #1035-D: single-precision operand implicitly converted to double-precision
  	if (Gyro_y < 32768) Gyro_y = -(Gyro_y / 16.4);
..\Hardwear\Kalman\kalman.c(78): warning:  #1035-D: single-precision operand implicitly converted to double-precision
  	if (Gyro_y > 32768) Gyro_y = +(65535 - Gyro_y) / 16.4;
..\Hardwear\Kalman\kalman.c(79): warning:  #1035-D: single-precision operand implicitly converted to double-precision
  	if (Gyro_z < 32768) Gyro_z = -(Gyro_z / 16.4);
..\Hardwear\Kalman\kalman.c(80): warning:  #1035-D: single-precision operand implicitly converted to double-precision
  	if (Gyro_z > 32768) Gyro_z = +(65535 - Gyro_z) / 16.4;
..\Hardwear\Kalman\kalman.c: 7 warnings, 0 errors
compiling buzzer.c...
../Inc/main.h(54): warning:  #1295-D: Deprecated declaration AIwarning - give arg types
  void AIwarning( );
..\Hardwear\buzzer\buzzer.c: 1 warning, 0 errors
compiling timer.c...
../Inc/main.h(54): warning:  #1295-D: Deprecated declaration AIwarning - give arg types
  void AIwarning( );
..\Hardwear\TIMER\timer.c: 1 warning, 0 errors
compiling exti.c...
../Inc/main.h(54): warning:  #1295-D: Deprecated declaration AIwarning - give arg types
  void AIwarning( );
..\Hardwear\EXTI\exti.c: 1 warning, 0 errors
compiling stm32l4xx_hal_msp.c...
../Inc/main.h(54): warning:  #1295-D: Deprecated declaration AIwarning - give arg types
  void AIwarning( );
../Src/stm32l4xx_hal_msp.c: 1 warning, 0 errors
compiling delay.c...
../Inc/main.h(54): warning:  #1295-D: Deprecated declaration AIwarning - give arg types
  void AIwarning( );
..\system\delay\delay.c: 1 warning, 0 errors
compiling stm32l4xx_hal_i2c_ex.c...
compiling stm32l4xx_hal_spi_ex.c...
compiling dma.c...
../Inc/main.h(54): warning:  #1295-D: Deprecated declaration AIwarning - give arg types
  void AIwarning( );
..\system\dma\dma.c: 1 warning, 0 errors
compiling stm32l4xx_hal_uart.c...
compiling stm32l4xx_hal_tim_ex.c...
compiling stm32l4xx_hal_i2c.c...
compiling stm32l4xx_hal_spi.c...
compiling stm32l4xx_it.c...
../Inc/main.h(54): warning:  #1295-D: Deprecated declaration AIwarning - give arg types
  void AIwarning( );
../Src/stm32l4xx_it.c: 1 warning, 0 errors
compiling main.c...
../Inc/main.h(54): warning:  #1295-D: Deprecated declaration AIwarning - give arg types
  void AIwarning( );
../Src/main.c(80): warning:  #177-D: variable "str"  was declared but never referenced
  	char str[100];
../Src/main.c(121): warning:  #177-D: variable "similarity"  was declared but never referenced
  	uint8_t similarity = 0;
../Src/main.c(330): warning:  #1293-D: assignment in condition
  	if ((dot = strchr(latLon, '.')))
../Src/main.c: 4 warnings, 0 errors
compiling freertos_demo.c...
../Inc/main.h(54): warning:  #1295-D: Deprecated declaration AIwarning - give arg types
  void AIwarning( );
..\Src\freertos_demo.c(112): warning:  #177-D: variable "str2"  was declared but never referenced
  	char str2[100];
..\Src\freertos_demo.c(131): warning:  #177-D: variable "str"  was declared but never referenced
  	char str[10];
..\Src\freertos_demo.c(132): warning:  #177-D: variable "str2"  was declared but never referenced
  	char str2[100];
..\Src\freertos_demo.c(160): warning:  #177-D: variable "str1"  was declared but never referenced
  	char str1 [100];
..\Src\freertos_demo.c: 5 warnings, 0 errors
compiling stm32l4xx_hal_tim.c...
compiling stm32l4xx_hal_gpio.c...
compiling stm32l4xx_hal_flash_ex.c...
compiling stm32l4xx_hal_uart_ex.c...
compiling stm32l4xx_hal_dma_ex.c...
compiling stm32l4xx_hal_dma.c...
compiling stm32l4xx_hal_cortex.c...
compiling stm32l4xx_hal.c...
compiling stm32l4xx_hal_flash.c...
compiling stm32l4xx_hal_flash_ramfunc.c...
compiling stm32l4xx_hal_pwr.c...
compiling stm32l4xx_hal_pwr_ex.c...
compiling stm32l4xx_hal_rcc_ex.c...
compiling stm32l4xx_hal_rcc.c...
compiling system_stm32l4xx.c...
compiling stm32l4xx_hal_exti.c...
compiling timers.c...
compiling list.c...
compiling croutine.c...
compiling queue.c...
compiling port.c...
compiling stream_buffer.c...
compiling event_groups.c...
compiling heap_4.c...
compiling tasks.c...
linking...
Program Size: Code=34684 RO-data=860 RW-data=456 ZI-data=50752  
FromELF: creating hex file...
"mpu6050\mpu6050.axf" - 0 Error(s), 37 Warning(s).

<h2>Software Packages used:</h2>

Package Vendor: ARM
                http://www.keil.com/pack/ARM.CMSIS.5.8.0.pack
                ARM.CMSIS.5.8.0
                CMSIS (Common Microcontroller Software Interface Standard)
   * Component: CORE Version: 5.5.0

Package Vendor: Keil
                http://www.keil.com/pack/Keil.STM32L4xx_DFP.1.4.0.pack
                Keil.STM32L4xx_DFP.1.4.0
                STMicroelectronics STM32L4 Series Device Support, Drivers and Examples

<h2>Collection of Component include folders:</h2>
  .\RTE\_mpu6050
  D:\wt\STM32\packs\ARM\CMSIS\5.8.0\CMSIS\Core\Include
  D:\wt\STM32\packs\Keil\STM32L4xx_DFP\1.4.0\Device\Include

<h2>Collection of Component Files used:</h2>

   * Component: ARM::CMSIS:CORE:5.5.0
Build Time Elapsed:  00:00:26
</pre>
</body>
</html>
